******************************************************************************
                  TI ARM Linker PC v20.2.2                     
******************************************************************************
>> Linked Sun Jul 11 19:12:42 2021

OUTPUT FILE NAME:   <ChessBoard.out>
ENTRY POINT SYMBOL: "_c_int00_noargs"  address: 00005d75


MEMORY CONFIGURATION

         name            origin    length      used     unused   attr    fill
----------------------  --------  ---------  --------  --------  ----  --------
  MAIN                  00000000   00040000  00006d4f  000392b1  R  X
  INFO                  00200000   00004000  00000000  00004000  R  X
  SRAM_CODE             01000000   00010000  0000c830  000037d0  RW X
  SRAM_DATA             20000000   00010000  0000c830  000037d0  RW  


SEGMENT ALLOCATION MAP

run origin  load origin   length   init length attrs members
----------  ----------- ---------- ----------- ----- -------
00000000    00000000    00006d50   00006d50    r-x
  00000000    00000000    000000e4   000000e4    r-- .intvecs
  000000e4    000000e4    00000004   00000004    r-- .init_array
  000000e8    000000e8    000069ec   000069ec    r-x .text
  00006ad4    00006ad4    000001b3   000001b3    r-- .const
  00006c88    00006c88    000000c8   000000c8    r-- .cinit
20000000    20000000    0000c630   00000000    rw-
  20000000    20000000    0000bfd8   00000000    rw- .bss
  2000bfd8    2000bfd8    00000400   00000000    rw- .sysmem
  2000c3d8    2000c3d8    00000258   00000000    rw- .data
2000fe00    2000fe00    00000200   00000000    rw-
  2000fe00    2000fe00    00000200   00000000    rw- .stack


SECTION ALLOCATION MAP

 output                                  attributes/
section   page    origin      length       input sections
--------  ----  ----------  ----------   ----------------
.intvecs   0    00000000    000000e4     
                  00000000    000000e4     startup_msp432p401r_ccs.obj (.intvecs:retain)

.binit     0    00000000    00000000     

.text      0    000000e8    000069ec     
                  000000e8    00000a84     LedMatrix.obj (.text)
                  00000b6c    00000a4e     rtsv7M4_T_le_v4SPD16_eabi.lib : _printfi.c.obj (.text:__TI_printfi)
                  000015ba    00000006     msp432p4xx_driverlib.lib : cs.o (.text:CS_startHFXT)
                  000015c0    0000097c     G8RTOS_Scheduler.obj (.text)
                  00001f3c    00000004     msp432p4xx_driverlib.lib : i2c.o (.text:I2C_setSlaveAddress)
                  00001f40    00000738     Board.obj (.text)
                  00002678    00000592     i2c_driver.obj (.text)
                  00002c0a    00000006     msp432p4xx_driverlib.lib : i2c.o (.text:I2C_getEnabledInterruptStatus)
                  00002c10    00000480     system_msp432p401r.obj (.text)
                  00003090    00000270     rtsv7M4_T_le_v4SPD16_eabi.lib : _printfi.c.obj (.text:_pconv_a)
                  00003300    000001d0                                   : _printfi.c.obj (.text:_pconv_g)
                  000034d0    000001c6     main.obj (.text)
                  00003696    000001b6     rtsv7M4_T_le_v4SPD16_eabi.lib : fd_add_t2.asm.obj (.text)
                  0000384c    0000013c                                   : _printfi.c.obj (.text:_pconv_e)
                  00003988    00000136                                   : fd_div_t2.asm.obj (.text)
                  00003abe    00000002                                   : _lock.c.obj (.text:_nop)
                  00003ac0    00000124                                   : _printfi.c.obj (.text:fcvt)
                  00003be4    00000114                                   : fputs.c.obj (.text:fputs)
                  00003cf8    00000110                                   : s_scalbn.c.obj (.text:scalbn)
                  00003e08    00000104     msp432p4xx_driverlib.lib : cs.o (.text:CS_getDCOFrequency)
                  00003f0c    00000100     rtsv7M4_T_le_v4SPD16_eabi.lib : memory.c.obj (.text:aligned_alloc)
                  0000400c    00000004                                   : new.cpp.obj (.text:_Znaj)
                  00004010    000000fc     G8RTOS_Semaphores.obj (.text)
                  0000410c    000000fc     rtsv7M4_T_le_v4SPD16_eabi.lib : fd_mul_t2.asm.obj (.text)
                  00004208    000000e4                                   : memory.c.obj (.text:free)
                  000042ec    000000e0     msp432p4xx_driverlib.lib : cs.o (.text:CS_initClockSignal)
                  000043cc    000000dc                              : pcm.o (.text:__PCM_setPowerModeAdvanced)
                  000044a8    000000dc     rtsv7M4_T_le_v4SPD16_eabi.lib : setvbuf.c.obj (.text:setvbuf)
                  00004584    00000004                                   : printf.c.obj (.text:_outc)
                  00004588    000000b6     G8RTOS_Structures.obj (.text)
                  0000463e    00000002     rtsv7M4_T_le_v4SPD16_eabi.lib : div0.asm.obj (.text)
                  00004640    000000b1                                   : _printfi.c.obj (.text:_ltostr)
                  000046f1    00000003     --HOLE-- [fill = 0]
                  000046f4    000000b0     msp432p4xx_driverlib.lib : pcm.o (.text:__PCM_setCoreVoltageLevelAdvanced)
                  000047a4    0000009c                              : cs.o (.text:CS_startHFXTWithTimeout)
                  00004840    0000009c                              : cs.o (.text:_CSComputeCLKFrequency)
                  000048dc    0000009c     rtsv7M4_T_le_v4SPD16_eabi.lib : memcpy_t2.asm.obj (.text)
                  00004978    00000098     ClockSys.obj (.text)
                  00004a10    00000096     rtsv7M4_T_le_v4SPD16_eabi.lib : ull_div_t2.asm.obj (.text)
                  00004aa6    00000002     --HOLE-- [fill = 0]
                  00004aa8    00000090     Board.obj (.text:_ZN11RemoteChess11flat_vectorINS_4CellELj64EE5eraseERKS1_)
                  00004b38    0000008c     rtsv7M4_T_le_v4SPD16_eabi.lib : fputc.c.obj (.text:fputc)
                  00004bc4    00000086                                   : fd_cmp_t2.asm.obj (.text:__aeabi_cdcmple)
                  00004c4a    00000086                                   : fd_cmp_t2.asm.obj (.text:__aeabi_cdrcmple)
                  00004cd0    0000007a                                   : memset_t2.asm.obj (.text)
                  00004d4a    00000076                                   : vec_newdel.c.obj (.text:_ZN34_INTERNAL_12_vec_newdel_c_8a08d4a517array_new_generalEPvijjS0_PFYS0_S0_ES2_PFYS0_jEPFYvS0_Eii)
                  00004dc0    00000074                                   : fclose.c.obj (.text:__TI_closefile)
                  00004e34    00000070     msp432p4xx_driverlib.lib : cs.o (.text:_CSGetHFXTFrequency)
                  00004ea4    00000070     rtsv7M4_T_le_v4SPD16_eabi.lib : memory.c.obj (.text:split)
                  00004f14    0000006e                                   : _printfi.c.obj (.text:_mcpy)
                  00004f82    00000002     --HOLE-- [fill = 0]
                  00004f84    0000006c                                   : hostrename.c.obj (.text:HOSTrename)
                  00004ff0    00000068                                   : hostlseek.c.obj (.text:HOSTlseek)
                  00005058    00000068                                   : copy_decompress_lzss.c.obj (.text:decompress:lzss:__TI_decompress_lzss)
                  000050c0    00000068                                   : printf.c.obj (.text:printf)
                  00005128    00000064     msp432p4xx_driverlib.lib : interrupt.o (.text:Interrupt_disableInterrupt)
                  0000518c    00000064                              : interrupt.o (.text:Interrupt_enableInterrupt)
                  000051f0    00000064     rtsv7M4_T_le_v4SPD16_eabi.lib : s_frexp.c.obj (.text:frexp)
                  00005254    00000064                                   : fseek.c.obj (.text:fseek)
                  000052b8    00000062                                   : _io_perm.c.obj (.text:__TI_wrt_ok)
                  0000531a    00000002     --HOLE-- [fill = 0]
                  0000531c    00000060                                   : hostopen.c.obj (.text:HOSTopen)
                  0000537c    00000060                                   : autoinit.c.obj (.text:__TI_auto_init_nobinit:__TI_auto_init_nobinit)
                  000053dc    0000005c                                   : close.c.obj (.text:close)
                  00005438    0000005a     Board.obj (.text:_ZN11RemoteChess11flat_vectorINS_4CellELj64EE4findERKS1_)
                  00005492    00000006     msp432p4xx_driverlib.lib : i2c.o (.text:I2C_getInterruptStatus)
                  00005498    0000005a     Board.obj (.text:_ZNK11RemoteChess11flat_vectorINS_4CellELj32EE4findERKS1_)
                  000054f2    00000006     msp432p4xx_driverlib.lib : i2c.o (.text:I2C_masterReceiveMultiByteNext)
                  000054f8    0000005a     Board.obj (.text:_ZNK11RemoteChess11flat_vectorINS_4CellELj64EE4findERKS1_)
                  00005552    00000002     --HOLE-- [fill = 0]
                  00005554    00000058     rtsv7M4_T_le_v4SPD16_eabi.lib : hostread.c.obj (.text:HOSTread)
                  000055ac    00000058                                   : hostwrite.c.obj (.text:HOSTwrite)
                  00005604    00000056                                   : _printfi.c.obj (.text:_pconv_f)
                  0000565a    00000054                                   : _ltoa.c.obj (.text:__TI_ltoa)
                  000056ae    00000052                                   : _printfi.c.obj (.text:_ecpy)
                  00005700    00000050     LedDriver.obj (.text)
                  00005750    00000050     msp432p4xx_driverlib.lib : sysctl.o (.text:SysCtl_getTLVInfo)
                  000057a0    0000004c                              : gpio.o (.text:GPIO_setAsPeripheralModuleFunctionOutputPin)
                  000057ec    0000004c                              : cs.o (.text:_CSGetDOCFrequency)
                  00005838    0000004c     rtsv7M4_T_le_v4SPD16_eabi.lib : fflush.c.obj (.text:__TI_doflush)
                  00005884    0000004c                                   : atoi.c.obj (.text:atoi)
                  000058d0    00000048     msp432p4xx_driverlib.lib : cs.o (.text:_CSGetDividerValue)
                  00005918    00000048     rtsv7M4_T_le_v4SPD16_eabi.lib : exit.c.obj (.text:exit)
                  00005960    00000048                                   : fd_toi_t2.asm.obj (.text)
                  000059a8    00000044                                   : hostclose.c.obj (.text:HOSTclose)
                  000059ec    00000044                                   : hostunlink.c.obj (.text:HOSTunlink)
                  00005a30    00000044                                   : getdevice.c.obj (.text:getdevice)
                  00005a74    0000003e     msp432p4xx_driverlib.lib : i2c.o (.text:I2C_initMaster)
                  00005ab2    0000003e     rtsv7M4_T_le_v4SPD16_eabi.lib : _printfi.c.obj (.text:_fcpy)
                  00005af0    0000003c     G8RTOS_SchedulerASM.obj (.text)
                  00005b2c    00000004     rtsv7M4_T_le_v4SPD16_eabi.lib : printf.c.obj (.text:_outs)
                  00005b30    0000003c     Board.obj (.text:_ZN11RemoteChess11flat_vectorINS_4CellELj64EE9push_backERKS1_)
                  00005b6c    00000004     rtsv7M4_T_le_v4SPD16_eabi.lib : pre_init.c.obj (.text:_system_pre_init)
                  00005b70    0000003c     Board.obj (.text:_ZNK11RemoteChess8optionalINS_4CellEEeqERKS2_)
                  00005bac    00000004     rtsv7M4_T_le_v4SPD16_eabi.lib : exit.c.obj (.text:abort:abort)
                  00005bb0    0000003a     Board.obj (.text:_ZN11RemoteChess8optionalINS_4CellEEaSERKS2_)
                  00005bea    00000006     --HOLE-- [fill = 0]
                  00005bf0    0000003a     Board.obj (.text:_ZN11RemoteChess8optionalINS_4MoveEEaSERKS2_)
                  00005c2a    00000002     --HOLE-- [fill = 0]
                  00005c2c    00000038     msp432p4xx_driverlib.lib : i2c.o (.text:I2C_masterSendMultiByteStart)
                  00005c64    00000038     rtsv7M4_T_le_v4SPD16_eabi.lib : trgmsg.c.obj (.text:__TI_writemsg)
                  00005c9c    00000004     --HOLE-- [fill = 0]
                  00005ca0    00000036     Board.obj (.text:_ZN11RemoteChess11flat_vectorINS_4CellELj32EE9push_backERKS1_)
                  00005cd6    00000036     rtsv7M4_T_le_v4SPD16_eabi.lib : strncpy.c.obj (.text:strncpy)
                  00005d0c    00000034                                   : fopen.c.obj (.text:__TI_cleanup)
                  00005d40    00000034                                   : trgmsg.c.obj (.text:__TI_readmsg)
                  00005d74    00000034                                   : boot_cortex_m.c.obj (.text:_c_int00_noargs:_c_int00_noargs)
                  00005da8    00000030     msp432p4xx_driverlib.lib : i2c.o (.text:I2C_masterSendMultiByteStop)
                  00005dd8    00000030     rtsv7M4_T_le_v4SPD16_eabi.lib : getdevice.c.obj (.text:finddevice)
                  00005e08    0000002e                                   : i_tofd_t2.asm.obj (.text)
                  00005e36    0000002c     msp432p4xx_driverlib.lib : pcm.o (.text:PCM_getCoreVoltageLevel)
                  00005e62    00000006     --HOLE-- [fill = 0]
                  00005e68    0000002c     Board.obj (.text:_ZN11RemoteChess11flat_vectorINS_4CellELj64EEC1Ev)
                  00005e94    0000002c     rtsv7M4_T_le_v4SPD16_eabi.lib : unlink.c.obj (.text:unlink)
                  00005ec0    0000002a     msp432p4xx_driverlib.lib : pcm.o (.text:PCM_getPowerMode)
                  00005eea    00000006     --HOLE-- [fill = 0]
                  00005ef0    0000002a     Board.obj (.text:_ZN11RemoteChess11flat_vectorINS_4CellELj32EEC1Ev)
                  00005f1a    00000002     --HOLE-- [fill = 0]
                  00005f1c    00000028     msp432p4xx_driverlib.lib : flash.o (.text:FlashCtl_setWaitState)
                  00005f44    00000004     --HOLE-- [fill = 0]
                  00005f48    00000028     Board.obj (.text:_ZN11RemoteChess18flat_unordered_setINS_4CellELj64EE6insertERKS1_)
                  00005f70    00000028     Board.obj (.text:_ZNK11RemoteChess11flat_vectorINS_4CellELj32EE8containsERKS1_)
                  00005f98    00000028     Board.obj (.text:_ZNK11RemoteChess11flat_vectorINS_4CellELj64EE8containsERKS1_)
                  00005fc0    00000028     Board.obj (.text:_ZNK11RemoteChess4CelleqERKS0_)
                  00005fe8    00000028     rtsv7M4_T_le_v4SPD16_eabi.lib : memory.c.obj (.text:free_list_insert)
                  00006010    00000028                                   : lseek.c.obj (.text:lseek)
                  00006038    00000028                                   : write.c.obj (.text:write)
                  00006060    00000026     Board.obj (.text:_ZN11RemoteChess11flat_vectorINS_4CellELj32EE14const_iteratorppEi)
                  00006086    00000002     --HOLE-- [fill = 0]
                  00006088    00000026     Board.obj (.text:_ZN11RemoteChess11flat_vectorINS_4CellELj64EE14const_iteratorppEi)
                  000060ae    00000002     --HOLE-- [fill = 0]
                  000060b0    00000026     Board.obj (.text:_ZN11RemoteChess11flat_vectorINS_4CellELj64EE4swapERS1_S3_)
                  000060d6    00000002     --HOLE-- [fill = 0]
                  000060d8    00000026     Board.obj (.text:_ZN11RemoteChess11flat_vectorINS_4CellELj64EE8iteratorppEi)
                  000060fe    00000002     --HOLE-- [fill = 0]
                  00006100    00000024     msp432p4xx_driverlib.lib : cs.o (.text:CS_clearInterruptFlag)
                  00006124    00000024                              : i2c.o (.text:I2C_masterSendMultiByteNext)
                  00006148    00000024     Board.obj (.text:_ZN11RemoteChess4CellC1Ehh)
                  0000616c    00000004     --HOLE-- [fill = 0]
                  00006170    00000024     Board.obj (.text:_ZNK11RemoteChess11flat_vectorINS_4CellELj32EE14const_iteratorneERKS3_)
                  00006194    00000004     --HOLE-- [fill = 0]
                  00006198    00000024     Board.obj (.text:_ZNK11RemoteChess11flat_vectorINS_4CellELj64EE14const_iteratorneERKS3_)
                  000061bc    00000004     --HOLE-- [fill = 0]
                  000061c0    00000024     Board.obj (.text:_ZNK11RemoteChess11flat_vectorINS_4CellELj64EE8iteratorneERKS3_)
                  000061e4    00000004     --HOLE-- [fill = 0]
                  000061e8    00000024     LedMatrix.obj (.text:_ZNSt3__25arrayIN11RemoteChess3RGBELj8EEC1Ev)
                  0000620c    00000004     --HOLE-- [fill = 0]
                  00006210    00000024     LedMatrix.obj (.text:_ZNSt3__25arrayINS0_IN11RemoteChess3RGBELj8EEELj8EEC1Ev)
                  00006234    00000024     rtsv7M4_T_le_v4SPD16_eabi.lib : vec_newdel.c.obj (.text:__cxa_vec_ctor)
                  00006258    00000022     Board.obj (.text:_ZN11RemoteChess11flat_vectorINS_4CellELj64EE3endEv)
                  0000627a    00000006     --HOLE-- [fill = 0]
                  00006280    00000022     Board.obj (.text:_ZN11RemoteChess18flat_unordered_setINS_4CellELj64EE3endEv)
                  000062a2    00000006     --HOLE-- [fill = 0]
                  000062a8    00000022     Board.obj (.text:_ZN11RemoteChess8optionalINS_4CellEEaSEDn)
                  000062ca    00000006     --HOLE-- [fill = 0]
                  000062d0    00000022     Board.obj (.text:_ZN11RemoteChess8optionalINS_4MoveEEaSEDn)
                  000062f2    00000006     --HOLE-- [fill = 0]
                  000062f8    00000022     Board.obj (.text:_ZNK11RemoteChess11flat_vectorINS_4CellELj64EE4cendEv)
                  0000631a    00000022     rtsv7M4_T_le_v4SPD16_eabi.lib : new.cpp.obj (.text:_Znwj)
                  0000633c    00000020     G8RTOS_CriticalSection.obj (.text)
                  0000635c    00000004     --HOLE-- [fill = 0]
                  00006360    00000020     Board.obj (.text:_ZN11RemoteChess4MoveC1ERKNS_4CellES3_)
                  00006380    00000020     LedMatrix.obj (.text:_ZNK11RemoteChess11flat_vectorINS_4CellELj32EE3endEv)
                  000063a0    00000020     Board.obj (.text:_ZNK11RemoteChess11flat_vectorINS_4CellELj32EE4cendEv)
                  000063c0    00000020     Board.obj (.text:_ZNK11RemoteChess8optionalINS_4CellEEeqERKS1_)
                  000063e0    00000020     rtsv7M4_T_le_v4SPD16_eabi.lib : memchr.c.obj (.text:memchr)
                  00006400    0000001e     Board.obj (.text:_ZN11RemoteChess11flat_vectorINS_4CellELj64EE5beginEv)
                  0000641e    00000002     --HOLE-- [fill = 0]
                  00006420    0000001e     Board.obj (.text:_ZN11RemoteChess18flat_unordered_setINS_4CellELj64EE5beginEv)
                  0000643e    00000002     --HOLE-- [fill = 0]
                  00006440    0000001e     LedMatrix.obj (.text:_ZN11RemoteChess3RGBC1Ev)
                  0000645e    00000002     --HOLE-- [fill = 0]
                  00006460    0000001e     LedMatrix.obj (.text:_ZNK11RemoteChess11flat_vectorINS_4CellELj32EE5beginEv)
                  0000647e    00000002     --HOLE-- [fill = 0]
                  00006480    0000001e     Board.obj (.text:_ZNK11RemoteChess11flat_vectorINS_4CellELj32EE6cbeginEv)
                  0000649e    00000002     --HOLE-- [fill = 0]
                  000064a0    0000001e     Board.obj (.text:_ZNK11RemoteChess11flat_vectorINS_4CellELj64EE6cbeginEv)
                  000064be    00000002     --HOLE-- [fill = 0]
                  000064c0    0000001c     Board.obj (.text:_ZN11RemoteChess11flat_vectorINS_4CellELj32EE14const_iteratorC1ERKS2_j)
                  000064dc    00000004     --HOLE-- [fill = 0]
                  000064e0    0000001c     Board.obj (.text:_ZN11RemoteChess11flat_vectorINS_4CellELj64EE14const_iteratorC1ERKS2_j)
                  000064fc    00000004     --HOLE-- [fill = 0]
                  00006500    0000001c     Board.obj (.text:_ZN11RemoteChess11flat_vectorINS_4CellELj64EE8iteratorC1ERS2_j)
                  0000651c    00000004     --HOLE-- [fill = 0]
                  00006520    0000001c     Board.obj (.text:_ZN11RemoteChess8optionalINS_4CellEEC1ERKS1_)
                  0000653c    00000004     --HOLE-- [fill = 0]
                  00006540    0000001c     Board.obj (.text:_ZN11RemoteChess8optionalINS_4MoveEEC1ERKS1_)
                  0000655c    00000004     --HOLE-- [fill = 0]
                  00006560    0000001c     Board.obj (.text:_ZNK11RemoteChess11flat_vectorINS_4CellELj32EE14const_iteratoreqERKS3_)
                  0000657c    00000004     --HOLE-- [fill = 0]
                  00006580    0000001c     Board.obj (.text:_ZNK11RemoteChess11flat_vectorINS_4CellELj64EE14const_iteratoreqERKS3_)
                  0000659c    00000004     --HOLE-- [fill = 0]
                  000065a0    0000001c     Board.obj (.text:_ZNK11RemoteChess11flat_vectorINS_4CellELj64EE8iteratoreqERKS3_)
                  000065bc    0000001c     rtsv7M4_T_le_v4SPD16_eabi.lib : memory.c.obj (.text:free_list_remove)
                  000065d8    0000001c                                   : memccpy.c.obj (.text:memccpy)
                  000065f4    00000004     --HOLE-- [fill = 0]
                  000065f8    0000001a     Board.obj (.text:_ZNK11RemoteChess11flat_vectorINS_4CellELj64EE7is_fullEv)
                  00006612    0000001a     rtsv7M4_T_le_v4SPD16_eabi.lib : s_copysign.c.obj (.text:copysign)
                  0000662c    00000018     msp432p4xx_driverlib.lib : cs.o (.text:CS_getMCLK)
                  00006644    00000018                              : cs.o (.text:CS_getSMCLK)
                  0000665c    00000018                              : wdt_a.o (.text:WDT_A_clearTimer)
                  00006674    00000018                              : wdt_a.o (.text:WDT_A_holdTimer)
                  0000668c    00000004     --HOLE-- [fill = 0]
                  00006690    00000018     Board.obj (.text:_ZN11RemoteChess8optionalINS_4CellEEC1Ev)
                  000066a8    00000018     Board.obj (.text:_ZN11RemoteChess8optionalINS_4MoveEEC1Ev)
                  000066c0    00000018     LedMatrix.obj (.text:_ZNKSt3__25arrayINS0_IN11RemoteChess3RGBELj8EEELj8EEixEj)
                  000066d8    00000018     LedMatrix.obj (.text:_ZNSt3__25arrayINS0_IN11RemoteChess3RGBELj8EEELj8EEixEj)
                  000066f0    00000018     rtsv7M4_T_le_v4SPD16_eabi.lib : strcmp.c.obj (.text:strcmp)
                  00006708    00000016     Board.obj (.text:_ZN11RemoteChess8optionalINS_4CellEEC1EDn)
                  0000671e    00000002     --HOLE-- [fill = 0]
                  00006720    00000016     Board.obj (.text:_ZN11RemoteChesseqERKNS_4CellERKNS_8optionalIS0_EE)
                  00006736    00000002     --HOLE-- [fill = 0]
                  00006738    00000016     Board.obj (.text:_ZNK11RemoteChess11flat_vectorINS_4CellELj64EE8is_emptyEv)
                  0000674e    00000002     --HOLE-- [fill = 0]
                  00006750    00000016     LedMatrix.obj (.text:_ZNKSt3__25arrayIN11RemoteChess3RGBELj8EEixEj)
                  00006766    00000002     --HOLE-- [fill = 0]
                  00006768    00000016     LedMatrix.obj (.text:_ZNSt3__25arrayIN11RemoteChess3RGBELj8EEixEj)
                  0000677e    00000016     rtsv7M4_T_le_v4SPD16_eabi.lib : strchr.c.obj (.text:strchr)
                  00006794    00000014     msp432p4xx_driverlib.lib : cs.o (.text:CS_setExternalClockSourceFrequency)
                  000067a8    00000014                              : i2c.o (.text:I2C_isBusBusy)
                  000067bc    00000014                              : systick.o (.text:SysTick_enableInterrupt)
                  000067d0    00000014     Board.obj (.text:_ZN11RemoteChess11flat_vectorINS_4CellELj32EE14const_iteratorppEv)
                  000067e4    00000004     --HOLE-- [fill = 0]
                  000067e8    00000014     Board.obj (.text:_ZN11RemoteChess11flat_vectorINS_4CellELj64EE14const_iteratorppEv)
                  000067fc    00000004     --HOLE-- [fill = 0]
                  00006800    00000014     Board.obj (.text:_ZN11RemoteChess11flat_vectorINS_4CellELj64EE8iteratormmEv)
                  00006814    00000004     --HOLE-- [fill = 0]
                  00006818    00000014     Board.obj (.text:_ZN11RemoteChess11flat_vectorINS_4CellELj64EE8iteratorppEv)
                  0000682c    00000004     --HOLE-- [fill = 0]
                  00006830    00000014     Board.obj (.text:_ZN11RemoteChess11flat_vectorINS_4CellELj64EEixEj)
                  00006844    00000004     --HOLE-- [fill = 0]
                  00006848    00000014     Board.obj (.text:_ZN11RemoteChess5Board3FSMC1ENS0_10BoardStateE)
                  0000685c    00000004     --HOLE-- [fill = 0]
                  00006860    00000014     Board.obj (.text:_ZNK11RemoteChess11flat_vectorINS_4CellELj32EEixEj)
                  00006874    00000004     --HOLE-- [fill = 0]
                  00006878    00000014     Board.obj (.text:_ZNK11RemoteChess11flat_vectorINS_4CellELj64EEixEj)
                  0000688c    00000014     rtsv7M4_T_le_v4SPD16_eabi.lib : strcpy.c.obj (.text:strcpy)
                  000068a0    00000014                                   : strlen.c.obj (.text:strlen)
                  000068b4    00000004     --HOLE-- [fill = 0]
                  000068b8    00000012     Board.obj (.text:_ZN11RemoteChess11flat_vectorINS_4CellELj32EE14const_iteratordeEv)
                  000068ca    00000006     --HOLE-- [fill = 0]
                  000068d0    00000012     Board.obj (.text:_ZN11RemoteChess11flat_vectorINS_4CellELj64EE14const_iteratordeEv)
                  000068e2    00000006     --HOLE-- [fill = 0]
                  000068e8    00000012     Board.obj (.text:_ZN11RemoteChess4CellC1Ev)
                  000068fa    00000006     --HOLE-- [fill = 0]
                  00006900    00000012     Board.obj (.text:_ZNK11RemoteChess11flat_vectorINS_4CellELj64EE8iteratordeEv)
                  00006912    00000006     --HOLE-- [fill = 0]
                  00006918    00000012     Board.obj (.text:_ZNK11RemoteChess11flat_vectorINS_4CellELj64EE8iteratorptEv)
                  0000692a    00000006     --HOLE-- [fill = 0]
                  00006930    00000012     startup_msp432p401r_ccs.obj (.text)
                  00006942    00000012     rtsv7M4_T_le_v4SPD16_eabi.lib : wcslen.c.obj (.text:wcslen)
                  00006954    00000004     --HOLE-- [fill = 0]
                  00006958    00000010     BSP.obj (.text)
                  00006968    00000010     msp432p4xx_driverlib.lib : i2c.o (.text:I2C_masterReceiveStart)
                  00006978    00000010                              : sysctl.o (.text:SysCtl_disableNMISource)
                  00006988    00000010                              : sysctl.o (.text:SysCtl_enableNMISource)
                  00006998    0000000e                              : i2c.o (.text:I2C_clearInterruptFlag)
                  000069a6    0000000e                              : i2c.o (.text:I2C_disableInterrupt)
                  000069b4    00000004     --HOLE-- [fill = 0]
                  000069b8    0000000e     Board.obj (.text:_ZN11RemoteChess18flat_unordered_setINS_4CellELj64EEC1Ev)
                  000069c6    00000002     --HOLE-- [fill = 0]
                  000069c8    0000000e     Board.obj (.text:_ZNK11RemoteChess8optionalINS_4CellEE8HasValueEv)
                  000069d6    00000002     --HOLE-- [fill = 0]
                  000069d8    0000000e     Board.obj (.text:_ZNK11RemoteChess8optionalINS_4CellEEcvbEv)
                  000069e6    00000002     --HOLE-- [fill = 0]
                  000069e8    0000000e     Board.obj (.text:_ZNK11RemoteChess8optionalINS_4MoveEE8HasValueEv)
                  000069f6    00000002     --HOLE-- [fill = 0]
                  000069f8    0000000e     Board.obj (.text:_ZNK11RemoteChess8optionalINS_4MoveEEcvbEv)
                  00006a06    00000002     --HOLE-- [fill = 0]
                  00006a08    0000000e     Board.obj (.text:_ZnwjPv)
                  00006a16    0000000e     rtsv7M4_T_le_v4SPD16_eabi.lib : copy_decompress_none.c.obj (.text:decompress:none:__TI_decompress_none)
                  00006a24    0000000c     msp432p4xx_driverlib.lib : i2c.o (.text:I2C_disableModule)
                  00006a30    0000000c                              : i2c.o (.text:I2C_enableModule)
                  00006a3c    0000000c                              : pcm.o (.text:PCM_getPowerState)
                  00006a48    0000000c                              : sysctl.o (.text:SysCtl_getNMISourceStatus)
                  00006a54    00000004     --HOLE-- [fill = 0]
                  00006a58    0000000c     Board.obj (.text:_ZN11RemoteChess11flat_vectorINS_4CellELj64EEC2Ev)
                  00006a64    00000004     --HOLE-- [fill = 0]
                  00006a68    0000000c     Board.obj (.text:_ZN11RemoteChess8optionalINS_4CellEE5ValueEv)
                  00006a74    00000004     --HOLE-- [fill = 0]
                  00006a78    0000000c     Board.obj (.text:_ZN11RemoteChess8optionalINS_4CellEEdeEv)
                  00006a84    00000004     --HOLE-- [fill = 0]
                  00006a88    0000000c     Board.obj (.text:_ZN11RemoteChess8optionalINS_4MoveEEptEv)
                  00006a94    0000000c     rtsv7M4_T_le_v4SPD16_eabi.lib : new.cpp.obj (.text:_ZSt15get_new_handlerv)
                  00006aa0    0000000c                                   : copy_zero_init.c.obj (.text:decompress:ZI:__TI_zero_init)
                  00006aac    00000008     msp432p4xx_driverlib.lib : i2c.o (.text:I2C_enableInterrupt)
                  00006ab4    00000008                              : pcm.o (.text:PCM_setCoreVoltageLevel)
                  00006abc    00000008                              : pcm.o (.text:PCM_setPowerMode)
                  00006ac4    00000008     rtsv7M4_T_le_v4SPD16_eabi.lib : errno.c.obj (.text:__aeabi_errno_addr)
                  00006acc    00000008                                   : memory.c.obj (.text:malloc)

.const     0    00006ad4    000001b3     
                  00006ad4    00000101     rtsv7M4_T_le_v4SPD16_eabi.lib : ctype.c.obj (.const:.string:_ctypes_)
                  00006bd5    00000003     LedMatrix.obj (.const:$P$T42$1)
                  00006bd8    00000040     msp432p4xx_driverlib.lib : interrupt.o (.const)
                  00006c18    0000002c     G8RTOS_Scheduler.obj (.const:$P$T6$4)
                  00006c44    00000008     G8RTOS_Scheduler.obj (.const:$P$T3$2)
                  00006c4c    00000008     G8RTOS_Scheduler.obj (.const:$P$T5$3)
                  00006c54    00000008     G8RTOS_Scheduler.obj (.const:$P$T7$5)
                  00006c5c    00000004     Board.obj (.const:$P$T45$1)
                  00006c60    00000003     Board.obj (.const:_ZN30_INTERNAL_9_Board_cpp_dd0000f211RemoteChess6Colors3REDE)
                  00006c63    00000003     Board.obj (.const:_ZN30_INTERNAL_9_Board_cpp_dd0000f211RemoteChess6Colors4BLUEE)
                  00006c66    00000003     Board.obj (.const:_ZN30_INTERNAL_9_Board_cpp_dd0000f211RemoteChess6Colors5GREENE)
                  00006c69    00000003     Board.obj (.const:_ZN30_INTERNAL_9_Board_cpp_dd0000f211RemoteChess6Colors7MAGENTAE)
                  00006c6c    00000003     LedMatrix.obj (.const:_ZN35_INTERNAL_13_LedMatrix_cpp_2ececa2c11RemoteChess6Colors3REDE)
                  00006c6f    00000003     LedMatrix.obj (.const:_ZN35_INTERNAL_13_LedMatrix_cpp_2ececa2c11RemoteChess6Colors4BLUEE)
                  00006c72    00000003     LedMatrix.obj (.const:_ZN35_INTERNAL_13_LedMatrix_cpp_2ececa2c11RemoteChess6Colors4CYANE)
                  00006c75    00000003     LedMatrix.obj (.const:_ZN35_INTERNAL_13_LedMatrix_cpp_2ececa2c11RemoteChess6Colors5BLACKE)
                  00006c78    00000003     LedMatrix.obj (.const:_ZN35_INTERNAL_13_LedMatrix_cpp_2ececa2c11RemoteChess6Colors5GREENE)
                  00006c7b    00000003     LedMatrix.obj (.const:_ZN35_INTERNAL_13_LedMatrix_cpp_2ececa2c11RemoteChess6Colors5WHITEE)
                  00006c7e    00000003     LedMatrix.obj (.const:_ZN35_INTERNAL_13_LedMatrix_cpp_2ececa2c11RemoteChess6Colors6ORANGEE)
                  00006c81    00000003     LedMatrix.obj (.const:_ZN35_INTERNAL_13_LedMatrix_cpp_2ececa2c11RemoteChess6Colors6YELLOWE)
                  00006c84    00000003     LedMatrix.obj (.const:_ZN35_INTERNAL_13_LedMatrix_cpp_2ececa2c11RemoteChess6Colors7MAGENTAE)

.cinit     0    00006c88    000000c8     
                  00006c88    000000a4     (.cinit..data.load) [load image, compression = lzss]
                  00006d2c    0000000c     (__TI_handler_table)
                  00006d38    00000008     (.cinit..bss.load) [load image, compression = zero_init]
                  00006d40    00000010     (__TI_cinit_table)

.init_array 
*          0    000000e4    00000004     
                  000000e4    00000004     main.obj (.init_array)

.bss       0    20000000    0000bfd8     UNINITIALIZED
                  20000000    0000b800     G8RTOS_Scheduler.obj (.bss:threadStacks)
                  2000b800    000003f4     G8RTOS_Scheduler.obj (.bss:threadControlBlocks)
                  2000bbf4    000001e4     main.obj (.bss:g_board)
                  2000bdd8    00000120     rtsv7M4_T_le_v4SPD16_eabi.lib : trgmsg.c.obj (.bss:_CIOBUF_)
                  2000bef8    000000a0     (.common:__TI_tmpnams)
                  2000bf98    00000018     G8RTOS_Scheduler.obj (.bss:pthreads)
                  2000bfb0    00000009     G8RTOS_Scheduler.obj (.bss)
                  2000bfb9    00000008     (.common:parmbuf)
                  2000bfc1    00000001     (.common:ui8DummyRead)
                  2000bfc2    00000001     (.common:ui8Status)
                  2000bfc3    00000001     --HOLE--
                  2000bfc4    00000004     rtsv7M4_T_le_v4SPD16_eabi.lib : new.cpp.obj (.bss)
                  2000bfc8    00000004     (.common:g_ui32ByteCount)
                  2000bfcc    00000004     (.common:hfxtFreq)
                  2000bfd0    00000004     (.common:lfxtFreq)
                  2000bfd4    00000004     (.common:pData)

.sysmem    0    2000bfd8    00000400     UNINITIALIZED
                  2000bfd8    00000010     rtsv7M4_T_le_v4SPD16_eabi.lib : memory.c.obj (.sysmem)
                  2000bfe8    000003f0     --HOLE--

.data      0    2000c3d8    00000258     UNINITIALIZED
                  2000c3d8    000000f0     rtsv7M4_T_le_v4SPD16_eabi.lib : defs.c.obj (.data:_ftable)
                  2000c4c8    00000078                                   : host_device.c.obj (.data:_device)
                  2000c540    00000050                                   : host_device.c.obj (.data:_stream)
                  2000c590    00000030     msp432p4xx_driverlib.lib : gpio.o (.data:GPIO_PORT_TO_BASE)
                  2000c5c0    00000014     i2c_driver.obj (.data:i2cConfig)
                  2000c5d4    00000010     rtsv7M4_T_le_v4SPD16_eabi.lib : defs.c.obj (.data)
                  2000c5e4    0000000e     G8RTOS_Scheduler.obj (.data)
                  2000c5f2    00000001     i2c_driver.obj (.data)
                  2000c5f3    00000001     --HOLE--
                  2000c5f4    0000000c     rtsv7M4_T_le_v4SPD16_eabi.lib : exit.c.obj (.data:$O1$$)
                  2000c600    00000008                                   : _lock.c.obj (.data:$O1$$)
                  2000c608    00000008                                   : memory.c.obj (.data:$O1$$)
                  2000c610    00000008     G8RTOS_Scheduler.obj (.data:blockedThreads)
                  2000c618    00000008     G8RTOS_Scheduler.obj (.data:runningThreads)
                  2000c620    00000008     G8RTOS_Scheduler.obj (.data:sleepingThreads)
                  2000c628    00000004     rtsv7M4_T_le_v4SPD16_eabi.lib : errno.c.obj (.data)
                  2000c62c    00000004     system_msp432p401r.obj (.data)

.stack     0    2000fe00    00000200     UNINITIALIZED
                  2000fe00    00000004     rtsv7M4_T_le_v4SPD16_eabi.lib : boot_cortex_m.c.obj (.stack)
                  2000fe04    000001fc     --HOLE--

__llvm_prf_cnts 
*          0    20000000    00000000     UNINITIALIZED

MODULE SUMMARY

       Module                        code    ro data   rw data
       ------                        ----    -------   -------
    .\
       system_msp432p401r.obj        1152    0         8      
       startup_msp432p401r_ccs.obj   18      228       0      
    +--+-----------------------------+-------+---------+---------+
       Total:                        1170    228       8      
                                                              
    .\BoardSupportPackage\src\
       i2c_driver.obj                1426    0         62     
       ClockSys.obj                  152     0         0      
       BSP.obj                       16      0         0      
    +--+-----------------------------+-------+---------+---------+
       Total:                        1594    0         62     
                                                              
    .\src\
       Board.obj                     4226    16        0      
       main.obj                      454     4         968    
       LedDriver.obj                 80      0         0      
    +--+-----------------------------+-------+---------+---------+
       Total:                        4760    20        968    
                                                              
    .\src\G8RTOS\
       G8RTOS_Scheduler.obj          2428    68        96374  
       G8RTOS_Semaphores.obj         252     0         0      
       G8RTOS_Structures.obj         182     0         0      
       G8RTOS_SchedulerASM.obj       60      0         0      
       G8RTOS_CriticalSection.obj    32      0         0      
    +--+-----------------------------+-------+---------+---------+
       Total:                        2954    68        96374  
                                                              
    .\src\HardwareLayer\
       LedMatrix.obj                 2948    30        0      
    +--+-----------------------------+-------+---------+---------+
       Total:                        2948    30        0      
                                                              
    C:/Users/myaka/OneDrive - University of Florida/EEL4745 - Microp 2/lib/BoardSupportPackage/DriverLib/msp432p4xx_driverlib.lib
       cs.o                          1166    0         16     
       pcm.o                         510     0         0      
       i2c.o                         320     0         0      
       interrupt.o                   200     64        0      
       gpio.o                        76      0         96     
       sysctl.o                      124     0         0      
       wdt_a.o                       48      0         0      
       flash.o                       40      0         0      
       systick.o                     20      0         0      
    +--+-----------------------------+-------+---------+---------+
       Total:                        2504    64        112    
                                                              
    C:\ti\Code Composer Studio\ccs\tools\compiler\ti-cgt-arm_20.2.2.LTS\lib\rtsv7M4_T_le_v4SPD16_eabi.lib
       _printfi.c.obj                4851    0         0      
       defs.c.obj                    0       0         832    
       memory.c.obj                  672     0         16     
       trgmsg.c.obj                  108     0         576    
       fd_add_t2.asm.obj             438     0         0      
       host_device.c.obj             0       0         400    
       fd_div_t2.asm.obj             310     0         0      
       fputs.c.obj                   276     0         0      
       s_scalbn.c.obj                272     0         0      
       fd_cmp_t2.asm.obj             268     0         0      
       ctype.c.obj                   0       257       0      
       fd_mul_t2.asm.obj             252     0         0      
       setvbuf.c.obj                 220     0         0      
       memcpy_t2.asm.obj             156     0         0      
       vec_newdel.c.obj              154     0         0      
       ull_div_t2.asm.obj            150     0         0      
       fputc.c.obj                   140     0         0      
       memset_t2.asm.obj             122     0         0      
       fclose.c.obj                  116     0         0      
       getdevice.c.obj               116     0         0      
       hostopen.c.obj                96      0         16     
       printf.c.obj                  112     0         0      
       hostrename.c.obj              108     0         0      
       copy_decompress_lzss.c.obj    104     0         0      
       hostlseek.c.obj               104     0         0      
       exit.c.obj                    76      0         24     
       fseek.c.obj                   100     0         0      
       s_frexp.c.obj                 100     0         0      
       _io_perm.c.obj                98      0         0      
       autoinit.c.obj                96      0         0      
       close.c.obj                   92      0         0      
       hostread.c.obj                88      0         0      
       hostwrite.c.obj               88      0         0      
       _ltoa.c.obj                   84      0         0      
       atoi.c.obj                    76      0         0      
       fflush.c.obj                  76      0         0      
       fd_toi_t2.asm.obj             72      0         0      
       hostclose.c.obj               68      0         0      
       hostunlink.c.obj              68      0         0      
       new.cpp.obj                   50      0         8      
       strncpy.c.obj                 54      0         0      
       boot_cortex_m.c.obj           52      0         0      
       fopen.c.obj                   52      0         0      
       i_tofd_t2.asm.obj             46      0         0      
       unlink.c.obj                  44      0         0      
       lseek.c.obj                   40      0         0      
       write.c.obj                   40      0         0      
       memchr.c.obj                  32      0         0      
       memccpy.c.obj                 28      0         0      
       s_copysign.c.obj              26      0         0      
       strcmp.c.obj                  24      0         0      
       strchr.c.obj                  22      0         0      
       strcpy.c.obj                  20      0         0      
       strlen.c.obj                  20      0         0      
       _lock.c.obj                   2       0         16     
       wcslen.c.obj                  18      0         0      
       errno.c.obj                   8       0         8      
       copy_decompress_none.c.obj    14      0         0      
       copy_zero_init.c.obj          12      0         0      
       pre_init.c.obj                4       0         0      
       div0.asm.obj                  2       0         0      
    +--+-----------------------------+-------+---------+---------+
       Total:                        10937   257       1896   
                                                              
       Heap:                         0       0         2048   
       Stack:                        0       0         1024   
       Linker Generated:             0       200       0      
    +--+-----------------------------+-------+---------+---------+
       Grand Total:                  26867   867       102492 


LINKER GENERATED COPY TABLES

__TI_cinit_table @ 00006d40 records: 2, size/record: 8, table size: 16
	.data: load addr=00006c88, load size=000000a4 bytes, run addr=2000c3d8, run size=00000258 bytes, compression=lzss
	.bss: load addr=00006d38, load size=00000008 bytes, run addr=20000000, run size=0000bfd8 bytes, compression=zero_init


LINKER GENERATED HANDLER TABLE

__TI_handler_table @ 00006d2c records: 3, size/record: 4, table size: 12
	index: 0, handler: __TI_decompress_lzss
	index: 1, handler: __TI_decompress_none
	index: 2, handler: __TI_zero_init


GLOBAL SYMBOLS: SORTED ALPHABETICALLY BY Name 

address   name                                                                             
-------   ----                                                                             
00006941  ADC14_IRQHandler                                                                 
00006941  AES256_IRQHandler                                                                
00006959  BSP_InitBoard                                                                    
00006941  BusFault_Handler                                                                 
00005bad  C$$EXIT                                                                          
00005c93  C$$IO$$                                                                          
00006941  COMP_E0_IRQHandler                                                               
00006941  COMP_E1_IRQHandler                                                               
00006941  CS_IRQHandler                                                                    
00006101  CS_clearInterruptFlag                                                            
00003e09  CS_getDCOFrequency                                                               
0000662d  CS_getMCLK                                                                       
00006645  CS_getSMCLK                                                                      
000042ed  CS_initClockSignal                                                               
00006795  CS_setExternalClockSourceFrequency                                               
000015bb  CS_startHFXT                                                                     
000047a5  CS_startHFXTWithTimeout                                                          
00004a09  ClockSys_GetSysFreq                                                              
00004979  ClockSys_SetMaxFreq                                                              
00006941  DMA_ERR_IRQHandler                                                               
00006941  DMA_INT0_IRQHandler                                                              
00006941  DMA_INT1_IRQHandler                                                              
00006941  DMA_INT2_IRQHandler                                                              
00006941  DMA_INT3_IRQHandler                                                              
00006941  DebugMon_Handler                                                                 
00006941  Default_Handler                                                                  
00006941  EUSCIA0_IRQHandler                                                               
00006941  EUSCIA1_IRQHandler                                                               
00006941  EUSCIA2_IRQHandler                                                               
00006941  EUSCIA3_IRQHandler                                                               
00006941  EUSCIB0_IRQHandler                                                               
00002af9  EUSCIB1_IRQHandler                                                               
00002af9  EUSCIB1_IRQHandler                                                               
00006941  EUSCIB2_IRQHandler                                                               
00006941  EUSCIB3_IRQHandler                                                               
00006941  FLCTL_IRQHandler                                                                 
00006941  FPU_IRQHandler                                                                   
00005f1d  FlashCtl_setWaitState                                                            
00004011  G8RTOS_AcquireSemaphore                                                          
00001db1  G8RTOS_AddAperiodicThread                                                        
00001d41  G8RTOS_AddPeriodicThread                                                         
00001ba1  G8RTOS_AddThread                                                                 
0000634f  G8RTOS_EndCriticalSection                                                        
00001f01  G8RTOS_GetCurrentThreadID                                                        
000016c1  G8RTOS_GetExcReturn                                                              
00001f31  G8RTOS_InPThread                                                                 
00001a51  G8RTOS_Init                                                                      
000040f9  G8RTOS_IsSemaphoreAvailable                                                      
00001ee9  G8RTOS_KillSelf                                                                  
00001e11  G8RTOS_KillThread                                                                
00001af1  G8RTOS_Launch                                                                    
00004081  G8RTOS_ReleaseSemaphore                                                          
00001721  G8RTOS_Scheduler                                                                 
00001f11  G8RTOS_SetThreadSwitchable                                                       
00001861  G8RTOS_SleepThread                                                               
00006341  G8RTOS_StartCriticalSection                                                      
00005b1b  G8RTOS_StartFirstThread                                                          
00001831  G8RTOS_YieldThread                                                               
000057a1  GPIO_setAsPeripheralModuleFunctionOutputPin                                      
000059a9  HOSTclose                                                                        
00004ff1  HOSTlseek                                                                        
0000531d  HOSTopen                                                                         
00005555  HOSTread                                                                         
00004f85  HOSTrename                                                                       
000059ed  HOSTunlink                                                                       
000055ad  HOSTwrite                                                                        
00006941  HardFault_Handler                                                                
00006999  I2C_clearInterruptFlag                                                           
000069a7  I2C_disableInterrupt                                                             
00006a25  I2C_disableModule                                                                
00006aad  I2C_enableInterrupt                                                              
00006a31  I2C_enableModule                                                                 
00002c0b  I2C_getEnabledInterruptStatus                                                    
00005493  I2C_getInterruptStatus                                                           
00005a75  I2C_initMaster                                                                   
000067a9  I2C_isBusBusy                                                                    
000054f3  I2C_masterReceiveMultiByteNext                                                   
00006969  I2C_masterReceiveStart                                                           
00006125  I2C_masterSendMultiByteNext                                                      
00005c2d  I2C_masterSendMultiByteStart                                                     
00005da9  I2C_masterSendMultiByteStop                                                      
00001f3d  I2C_setSlaveAddress                                                              
00005129  Interrupt_disableInterrupt                                                       
0000518d  Interrupt_enableInterrupt                                                        
00005701  LED_Wait0High                                                                    
00005707  LED_Wait0Low                                                                     
00005713  LED_Wait1High                                                                    
0000574f  LED_Wait1Low                                                                     
00006941  MemManage_Handler                                                                
00006941  NMI_Handler                                                                      
00006941  PCM_IRQHandler                                                                   
00005e37  PCM_getCoreVoltageLevel                                                          
00005ec1  PCM_getPowerMode                                                                 
00006a3d  PCM_getPowerState                                                                
00006ab5  PCM_setCoreVoltageLevel                                                          
00006abd  PCM_setPowerMode                                                                 
00006941  PORT1_IRQHandler                                                                 
00006941  PORT2_IRQHandler                                                                 
00006941  PORT3_IRQHandler                                                                 
00006941  PORT4_IRQHandler                                                                 
00006941  PORT5_IRQHandler                                                                 
00006941  PORT6_IRQHandler                                                                 
00006941  PSS_IRQHandler                                                                   
00005af5  PendSV_Handler                                                                   
00005af5  PendSV_Handler                                                                   
00006941  RTC_C_IRQHandler                                                                 
00006931  Reset_Handler                                                                    
000000e4  SHT$$INIT_ARRAY$$Base                                                            
000000e8  SHT$$INIT_ARRAY$$Limit                                                           
00006941  SVC_Handler                                                                      
00006979  SysCtl_disableNMISource                                                          
00006989  SysCtl_enableNMISource                                                           
00006a49  SysCtl_getNMISourceStatus                                                        
00005751  SysCtl_getTLVInfo                                                                
000018b1  SysTick_Handler                                                                  
000018b1  SysTick_Handler                                                                  
000067bd  SysTick_enableInterrupt                                                          
2000c62c  SystemCoreClock                                                                  
00002c11  SystemCoreClockUpdate                                                            
00002ff1  SystemInit                                                                       
00006941  T32_INT1_IRQHandler                                                              
00006941  T32_INT2_IRQHandler                                                              
00006941  T32_INTC_IRQHandler                                                              
00006941  TA0_0_IRQHandler                                                                 
00006941  TA0_N_IRQHandler                                                                 
00006941  TA1_0_IRQHandler                                                                 
00006941  TA1_N_IRQHandler                                                                 
00006941  TA2_0_IRQHandler                                                                 
00006941  TA2_N_IRQHandler                                                                 
00006941  TA3_0_IRQHandler                                                                 
00006941  TA3_N_IRQHandler                                                                 
00001819  TriggerContextSwitch                                                             
00006941  UsageFault_Handler                                                               
4000480c  WDTCTL_SYM                                                                       
00006941  WDT_A_IRQHandler                                                                 
0000665d  WDT_A_clearTimer                                                                 
00006675  WDT_A_holdTimer                                                                  
000034d1  _Z10IdleThreadv                                                                  
000034d9  _Z11FlashThreadv                                                                 
000034e1  _Z12MagnetThreadv                                                                
000035c1  _Z20BoardLedUpdateThreadv                                                        
000064c1  _ZN11RemoteChess11flat_vectorINS_4CellELj32EE14const_iteratorC1ERKS2_j           
000068b9  _ZN11RemoteChess11flat_vectorINS_4CellELj32EE14const_iteratordeEv                
00006061  _ZN11RemoteChess11flat_vectorINS_4CellELj32EE14const_iteratorppEi                
000067d1  _ZN11RemoteChess11flat_vectorINS_4CellELj32EE14const_iteratorppEv                
00005ca1  _ZN11RemoteChess11flat_vectorINS_4CellELj32EE9push_backERKS1_                    
00005ef1  _ZN11RemoteChess11flat_vectorINS_4CellELj32EEC1Ev                                
000064e1  _ZN11RemoteChess11flat_vectorINS_4CellELj64EE14const_iteratorC1ERKS2_j           
000068d1  _ZN11RemoteChess11flat_vectorINS_4CellELj64EE14const_iteratordeEv                
00006089  _ZN11RemoteChess11flat_vectorINS_4CellELj64EE14const_iteratorppEi                
000067e9  _ZN11RemoteChess11flat_vectorINS_4CellELj64EE14const_iteratorppEv                
00006259  _ZN11RemoteChess11flat_vectorINS_4CellELj64EE3endEv                              
00005439  _ZN11RemoteChess11flat_vectorINS_4CellELj64EE4findERKS1_                         
000060b1  _ZN11RemoteChess11flat_vectorINS_4CellELj64EE4swapERS1_S3_                       
00006401  _ZN11RemoteChess11flat_vectorINS_4CellELj64EE5beginEv                            
00004aa9  _ZN11RemoteChess11flat_vectorINS_4CellELj64EE5eraseERKS1_                        
00006501  _ZN11RemoteChess11flat_vectorINS_4CellELj64EE8iteratorC1ERS2_j                   
00006801  _ZN11RemoteChess11flat_vectorINS_4CellELj64EE8iteratormmEv                       
000060d9  _ZN11RemoteChess11flat_vectorINS_4CellELj64EE8iteratorppEi                       
00006819  _ZN11RemoteChess11flat_vectorINS_4CellELj64EE8iteratorppEv                       
00005b31  _ZN11RemoteChess11flat_vectorINS_4CellELj64EE9push_backERKS1_                    
00005e69  _ZN11RemoteChess11flat_vectorINS_4CellELj64EEC1Ev                                
00006a59  _ZN11RemoteChess11flat_vectorINS_4CellELj64EEC2Ev                                
00006831  _ZN11RemoteChess11flat_vectorINS_4CellELj64EEixEj                                
00006281  _ZN11RemoteChess18flat_unordered_setINS_4CellELj64EE3endEv                       
00006421  _ZN11RemoteChess18flat_unordered_setINS_4CellELj64EE5beginEv                     
00005f49  _ZN11RemoteChess18flat_unordered_setINS_4CellELj64EE6insertERKS1_                
000069b9  _ZN11RemoteChess18flat_unordered_setINS_4CellELj64EEC1Ev                         
00006441  _ZN11RemoteChess3RGBC1Ev                                                         
00006149  _ZN11RemoteChess4CellC1Ehh                                                       
000068e9  _ZN11RemoteChess4CellC1Ev                                                        
00006361  _ZN11RemoteChess4MoveC1ERKNS_4CellES3_                                           
000020d1  _ZN11RemoteChess5Board10PlacePieceERKNS_4CellE                                   
000024f9  _ZN11RemoteChess5Board14DrawRemoteMoveEv                                         
000022e9  _ZN11RemoteChess5Board15UpdateLedMatrixEv                                        
00002299  _ZN11RemoteChess5Board17ReceiveRemoteMoveERKNS_4MoveE                            
000021e9  _ZN11RemoteChess5Board22SubmitCurrentLocalMoveEv                                 
00002549  _ZN11RemoteChess5Board31CompleteRemoteMoveFollowthroughEv                        
000025e9  _ZN11RemoteChess5Board3FSM20t_LocalMoveSubmittedEv                               
00002619  _ZN11RemoteChess5Board3FSM20t_RemoteMoveReceivedEv                               
00002601  _ZN11RemoteChess5Board3FSM27t_RemoteMoveFollowthroughedEv                        
00006849  _ZN11RemoteChess5Board3FSMC1ENS0_10BoardStateE                                   
00001fd9  _ZN11RemoteChess5Board9LiftPieceERKNS_4CellE                                     
00001f41  _ZN11RemoteChess5BoardC1ENS_11PlayerColorE                                       
00001f41  _ZN11RemoteChess5BoardC2ENS_11PlayerColorE                                       
00006a69  _ZN11RemoteChess8optionalINS_4CellEE5ValueEv                                     
00006709  _ZN11RemoteChess8optionalINS_4CellEEC1EDn                                        
00006521  _ZN11RemoteChess8optionalINS_4CellEEC1ERKS1_                                     
00006691  _ZN11RemoteChess8optionalINS_4CellEEC1Ev                                         
000062a9  _ZN11RemoteChess8optionalINS_4CellEEaSEDn                                        
00005bb1  _ZN11RemoteChess8optionalINS_4CellEEaSERKS2_                                     
00006a79  _ZN11RemoteChess8optionalINS_4CellEEdeEv                                         
00006541  _ZN11RemoteChess8optionalINS_4MoveEEC1ERKS1_                                     
000066a9  _ZN11RemoteChess8optionalINS_4MoveEEC1Ev                                         
000062d1  _ZN11RemoteChess8optionalINS_4MoveEEaSEDn                                        
00005bf1  _ZN11RemoteChess8optionalINS_4MoveEEaSERKS2_                                     
00006a89  _ZN11RemoteChess8optionalINS_4MoveEEptEv                                         
00000229  _ZN11RemoteChess9LedMatrix11DrawCheckerEv                                        
000002e9  _ZN11RemoteChess9LedMatrix11DrawRainbowEv                                        
000001b9  _ZN11RemoteChess9LedMatrix6SetAllERKNS_3RGBE                                     
00000101  _ZN11RemoteChess9LedMatrix7SetCellERKNS_4CellERKNS_3RGBE                         
00000169  _ZN11RemoteChess9LedMatrix8SetCellsERKNS_11flat_vectorINS_4CellELj32EEERKNS_3RGBE
000000e9  _ZN11RemoteChess9LedMatrixC1Ev                                                   
000000e9  _ZN11RemoteChess9LedMatrixC2Ev                                                   
00006721  _ZN11RemoteChesseqERKNS_4CellERKNS_8optionalIS0_EE                               
00006561  _ZNK11RemoteChess11flat_vectorINS_4CellELj32EE14const_iteratoreqERKS3_           
00006171  _ZNK11RemoteChess11flat_vectorINS_4CellELj32EE14const_iteratorneERKS3_           
00006381  _ZNK11RemoteChess11flat_vectorINS_4CellELj32EE3endEv                             
000063a1  _ZNK11RemoteChess11flat_vectorINS_4CellELj32EE4cendEv                            
00005499  _ZNK11RemoteChess11flat_vectorINS_4CellELj32EE4findERKS1_                        
00006461  _ZNK11RemoteChess11flat_vectorINS_4CellELj32EE5beginEv                           
00006481  _ZNK11RemoteChess11flat_vectorINS_4CellELj32EE6cbeginEv                          
00005f71  _ZNK11RemoteChess11flat_vectorINS_4CellELj32EE8containsERKS1_                    
00006861  _ZNK11RemoteChess11flat_vectorINS_4CellELj32EEixEj                               
00006581  _ZNK11RemoteChess11flat_vectorINS_4CellELj64EE14const_iteratoreqERKS3_           
00006199  _ZNK11RemoteChess11flat_vectorINS_4CellELj64EE14const_iteratorneERKS3_           
000062f9  _ZNK11RemoteChess11flat_vectorINS_4CellELj64EE4cendEv                            
000054f9  _ZNK11RemoteChess11flat_vectorINS_4CellELj64EE4findERKS1_                        
000064a1  _ZNK11RemoteChess11flat_vectorINS_4CellELj64EE6cbeginEv                          
000065f9  _ZNK11RemoteChess11flat_vectorINS_4CellELj64EE7is_fullEv                         
00005f99  _ZNK11RemoteChess11flat_vectorINS_4CellELj64EE8containsERKS1_                    
00006739  _ZNK11RemoteChess11flat_vectorINS_4CellELj64EE8is_emptyEv                        
00006901  _ZNK11RemoteChess11flat_vectorINS_4CellELj64EE8iteratordeEv                      
000065a1  _ZNK11RemoteChess11flat_vectorINS_4CellELj64EE8iteratoreqERKS3_                  
000061c1  _ZNK11RemoteChess11flat_vectorINS_4CellELj64EE8iteratorneERKS3_                  
00006919  _ZNK11RemoteChess11flat_vectorINS_4CellELj64EE8iteratorptEv                      
00006879  _ZNK11RemoteChess11flat_vectorINS_4CellELj64EEixEj                               
00005fc1  _ZNK11RemoteChess4CelleqERKS0_                                                   
000025c1  _ZNK11RemoteChess5Board12CanLiftPieceERKNS_4CellE                                
00002579  _ZNK11RemoteChess5Board13GetLegalMovesERKNS_4CellE                               
00002631  _ZNK11RemoteChess5Board3FSM16CanMakeLocalMoveEv                                  
00002661  _ZNK11RemoteChess5Board3FSM20CanReceiveRemoteMoveEv                              
00002649  _ZNK11RemoteChess5Board3FSM26CanFollowthroughRemoteMoveEv                        
000025d1  _ZNK11RemoteChess5Board3FSM8GetStateEv                                           
000069c9  _ZNK11RemoteChess8optionalINS_4CellEE8HasValueEv                                 
000069d9  _ZNK11RemoteChess8optionalINS_4CellEEcvbEv                                       
000063c1  _ZNK11RemoteChess8optionalINS_4CellEEeqERKS1_                                    
00005b71  _ZNK11RemoteChess8optionalINS_4CellEEeqERKS2_                                    
000069e9  _ZNK11RemoteChess8optionalINS_4MoveEE8HasValueEv                                 
000069f9  _ZNK11RemoteChess8optionalINS_4MoveEEcvbEv                                       
00000979  _ZNK11RemoteChess9LedMatrix7RefreshEv                                            
00006751  _ZNKSt3__25arrayIN11RemoteChess3RGBELj8EEixEj                                    
000066c1  _ZNKSt3__25arrayINS0_IN11RemoteChess3RGBELj8EEELj8EEixEj                         
000061e9  _ZNSt3__25arrayIN11RemoteChess3RGBELj8EEC1Ev                                     
00006769  _ZNSt3__25arrayIN11RemoteChess3RGBELj8EEixEj                                     
00006211  _ZNSt3__25arrayINS0_IN11RemoteChess3RGBELj8EEELj8EEC1Ev                          
000066d9  _ZNSt3__25arrayINS0_IN11RemoteChess3RGBELj8EEELj8EEixEj                          
00006a95  _ZSt15get_new_handlerv                                                           
00005bad  _ZSt17__throw_bad_allocv                                                         
0000400d  _Znaj                                                                            
0000631b  _Znwj                                                                            
00006a09  _ZnwjPv                                                                          
2000bdd8  __CIOBUF_                                                                        
20010000  __STACK_END                                                                      
00000200  __STACK_SIZE                                                                     
00000400  __SYSMEM_SIZE                                                                    
00006d40  __TI_CINIT_Base                                                                  
00006d50  __TI_CINIT_Limit                                                                 
00006d2c  __TI_Handler_Table_Base                                                          
00006d38  __TI_Handler_Table_Limit                                                         
0000537d  __TI_auto_init_nobinit                                                           
00005d0d  __TI_cleanup                                                                     
2000c5f4  __TI_cleanup_ptr                                                                 
00004dc1  __TI_closefile                                                                   
00005059  __TI_decompress_lzss                                                             
00006a17  __TI_decompress_none                                                             
00005839  __TI_doflush                                                                     
2000c5f8  __TI_dtors_ptr                                                                   
2000c5fc  __TI_enable_exit_profile_output                                                  
2000c5d4  __TI_ft_end                                                                      
0000565b  __TI_ltoa                                                                        
ffffffff  __TI_pprof_out_hndl                                                              
00000b6d  __TI_printfi                                                                     
ffffffff  __TI_prof_data_size                                                              
ffffffff  __TI_prof_data_start                                                             
00005d41  __TI_readmsg                                                                     
00000000  __TI_static_base__                                                               
2000bef8  __TI_tmpnams                                                                     
00005c65  __TI_writemsg                                                                    
000052b9  __TI_wrt_ok                                                                      
00006aa1  __TI_zero_init                                                                   
00004bc5  __aeabi_cdcmpeq                                                                  
00004bc5  __aeabi_cdcmple                                                                  
00004c4b  __aeabi_cdrcmple                                                                 
00005961  __aeabi_d2iz                                                                     
000036a1  __aeabi_dadd                                                                     
00003989  __aeabi_ddiv                                                                     
0000410d  __aeabi_dmul                                                                     
00003697  __aeabi_dsub                                                                     
00006ac5  __aeabi_errno_addr                                                               
00005e09  __aeabi_i2d                                                                      
0000463f  __aeabi_idiv0                                                                    
0000463f  __aeabi_ldiv0                                                                    
00004cd1  __aeabi_memclr                                                                   
00004cd1  __aeabi_memclr4                                                                  
00004cd1  __aeabi_memclr8                                                                  
000048dd  __aeabi_memcpy                                                                   
000048dd  __aeabi_memcpy4                                                                  
000048dd  __aeabi_memcpy8                                                                  
00004cd3  __aeabi_memset                                                                   
00004cd3  __aeabi_memset4                                                                  
00004cd3  __aeabi_memset8                                                                  
2000c5e0  __aeabi_stderr                                                                   
2000c5d8  __aeabi_stdin                                                                    
2000c5dc  __aeabi_stdout                                                                   
00004a11  __aeabi_uldivmod                                                                 
ffffffff  __binit__                                                                        
ffffffff  __c_args__                                                                       
00006235  __cxa_vec_ctor                                                                   
UNDEFED   __mpu_init                                                                       
2000fe00  __stack                                                                          
20000000  __start___llvm_prf_cnts                                                          
00003651  __sti___8_main_cpp_g_board                                                       
20000000  __stop___llvm_prf_cnts                                                           
00005d75  _c_int00_noargs                                                                  
00006ad4  _ctypes_                                                                         
2000c4c8  _device                                                                          
2000c3d8  _ftable                                                                          
2000c600  _lock                                                                            
00003abf  _nop                                                                             
2000c540  _stream                                                                          
2000bfd8  _sys_memory                                                                      
UNDEFED   _system_post_cinit                                                               
00005b6d  _system_pre_init                                                                 
2000c604  _unlock                                                                          
00005bad  abort                                                                            
00003f0d  aligned_alloc                                                                    
00005885  atoi                                                                             
ffffffff  binit                                                                            
2000c610  blockedThreads                                                                   
2000c5f2  burstMode                                                                        
000053dd  close                                                                            
00006613  copysign                                                                         
00006613  copysignl                                                                        
2000c5e4  currentThread                                                                    
2000c628  errno                                                                            
00005919  exit                                                                             
00005dd9  finddevice                                                                       
00004b39  fputc                                                                            
00003be5  fputs                                                                            
00004209  free                                                                             
000051f1  frexp                                                                            
000051f1  frexpl                                                                           
00005255  fseek                                                                            
2000bbf4  g_board                                                                          
2000bfc8  g_ui32ByteCount                                                                  
00005a31  getdevice                                                                        
2000c5c0  i2cConfig                                                                        
000026c9  initI2C                                                                          
00000000  interruptVectors                                                                 
00003cf9  ldexp                                                                            
00003cf9  ldexpl                                                                           
00006011  lseek                                                                            
000035e1  main                                                                             
00006acd  malloc                                                                           
00003f0d  memalign                                                                         
000065d9  memccpy                                                                          
000063e1  memchr                                                                           
000048dd  memcpy                                                                           
00004cd9  memset                                                                           
2000bfd4  pData                                                                            
2000bfb9  parmbuf                                                                          
000050c1  printf                                                                           
00004b39  putc                                                                             
00002979  readBurstI2C                                                                     
00002801  readI2C                                                                          
00005e95  remove                                                                           
2000c618  runningThreads                                                                   
00003cf9  scalbn                                                                           
00003cf9  scalbnl                                                                          
000044a9  setvbuf                                                                          
0000677f  strchr                                                                           
000066f1  strcmp                                                                           
0000688d  strcpy                                                                           
000068a1  strlen                                                                           
00005cd7  strncpy                                                                          
2000c5e8  systemTime                                                                       
00004589  tcbll_Insert                                                                     
000045e1  tcbll_Remove                                                                     
2000bfc1  ui8DummyRead                                                                     
2000bfc2  ui8Status                                                                        
00005e95  unlink                                                                           
00006943  wcslen                                                                           
[...]
00005dd9  finddevice                                                                       
00005e09  __aeabi_i2d                                                                      
00005e37  PCM_getCoreVoltageLevel                                                          
00005e69  _ZN11RemoteChess11flat_vectorINS_4CellELj64EEC1Ev                                
00005e95  remove                                                                           
00005e95  unlink                                                                           
00005ec1  PCM_getPowerMode                                                                 
00005ef1  _ZN11RemoteChess11flat_vectorINS_4CellELj32EEC1Ev                                
00005f1d  FlashCtl_setWaitState                                                            
00005f49  _ZN11RemoteChess18flat_unordered_setINS_4CellELj64EE6insertERKS1_                
00005f71  _ZNK11RemoteChess11flat_vectorINS_4CellELj32EE8containsERKS1_                    
00005f99  _ZNK11RemoteChess11flat_vectorINS_4CellELj64EE8containsERKS1_                    
00005fc1  _ZNK11RemoteChess4CelleqERKS0_                                                   
00006011  lseek                                                                            
00006039  write                                                                            
00006061  _ZN11RemoteChess11flat_vectorINS_4CellELj32EE14const_iteratorppEi                
00006089  _ZN11RemoteChess11flat_vectorINS_4CellELj64EE14const_iteratorppEi                
000060b1  _ZN11RemoteChess11flat_vectorINS_4CellELj64EE4swapERS1_S3_                       
000060d9  _ZN11RemoteChess11flat_vectorINS_4CellELj64EE8iteratorppEi                       
00006101  CS_clearInterruptFlag                                                            
00006125  I2C_masterSendMultiByteNext                                                      
00006149  _ZN11RemoteChess4CellC1Ehh                                                       
00006171  _ZNK11RemoteChess11flat_vectorINS_4CellELj32EE14const_iteratorneERKS3_           
00006199  _ZNK11RemoteChess11flat_vectorINS_4CellELj64EE14const_iteratorneERKS3_           
000061c1  _ZNK11RemoteChess11flat_vectorINS_4CellELj64EE8iteratorneERKS3_                  
000061e9  _ZNSt3__25arrayIN11RemoteChess3RGBELj8EEC1Ev                                     
00006211  _ZNSt3__25arrayINS0_IN11RemoteChess3RGBELj8EEELj8EEC1Ev                          
00006235  __cxa_vec_ctor                                                                   
00006259  _ZN11RemoteChess11flat_vectorINS_4CellELj64EE3endEv                              
00006281  _ZN11RemoteChess18flat_unordered_setINS_4CellELj64EE3endEv                       
000062a9  _ZN11RemoteChess8optionalINS_4CellEEaSEDn                                        
000062d1  _ZN11RemoteChess8optionalINS_4MoveEEaSEDn                                        
000062f9  _ZNK11RemoteChess11flat_vectorINS_4CellELj64EE4cendEv                            
0000631b  _Znwj                                                                            
00006341  G8RTOS_StartCriticalSection                                                      
0000634f  G8RTOS_EndCriticalSection                                                        
00006361  _ZN11RemoteChess4MoveC1ERKNS_4CellES3_                                           
00006381  _ZNK11RemoteChess11flat_vectorINS_4CellELj32EE3endEv                             
000063a1  _ZNK11RemoteChess11flat_vectorINS_4CellELj32EE4cendEv                            
000063c1  _ZNK11RemoteChess8optionalINS_4CellEEeqERKS1_                                    
000063e1  memchr                                                                           
00006401  _ZN11RemoteChess11flat_vectorINS_4CellELj64EE5beginEv                            
00006421  _ZN11RemoteChess18flat_unordered_setINS_4CellELj64EE5beginEv                     
00006441  _ZN11RemoteChess3RGBC1Ev                                                         
00006461  _ZNK11RemoteChess11flat_vectorINS_4CellELj32EE5beginEv                           
00006481  _ZNK11RemoteChess11flat_vectorINS_4CellELj32EE6cbeginEv                          
000064a1  _ZNK11RemoteChess11flat_vectorINS_4CellELj64EE6cbeginEv                          
000064c1  _ZN11RemoteChess11flat_vectorINS_4CellELj32EE14const_iteratorC1ERKS2_j           
000064e1  _ZN11RemoteChess11flat_vectorINS_4CellELj64EE14const_iteratorC1ERKS2_j           
00006501  _ZN11RemoteChess11flat_vectorINS_4CellELj64EE8iteratorC1ERS2_j                   
00006521  _ZN11RemoteChess8optionalINS_4CellEEC1ERKS1_                                     
00006541  _ZN11RemoteChess8optionalINS_4MoveEEC1ERKS1_                                     
00006561  _ZNK11RemoteChess11flat_vectorINS_4CellELj32EE14const_iteratoreqERKS3_           
00006581  _ZNK11RemoteChess11flat_vectorINS_4CellELj64EE14const_iteratoreqERKS3_           
000065a1  _ZNK11RemoteChess11flat_vectorINS_4CellELj64EE8iteratoreqERKS3_                  
000065d9  memccpy                                                                          
000065f9  _ZNK11RemoteChess11flat_vectorINS_4CellELj64EE7is_fullEv                         
00006613  copysign                                                                         
00006613  copysignl                                                                        
0000662d  CS_getMCLK                                                                       
00006645  CS_getSMCLK                                                                      
0000665d  WDT_A_clearTimer                                                                 
00006675  WDT_A_holdTimer                                                                  
00006691  _ZN11RemoteChess8optionalINS_4CellEEC1Ev                                         
000066a9  _ZN11RemoteChess8optionalINS_4MoveEEC1Ev                                         
000066c1  _ZNKSt3__25arrayINS0_IN11RemoteChess3RGBELj8EEELj8EEixEj                         
000066d9  _ZNSt3__25arrayINS0_IN11RemoteChess3RGBELj8EEELj8EEixEj                          
000066f1  strcmp                                                                           
00006709  _ZN11RemoteChess8optionalINS_4CellEEC1EDn                                        
00006721  _ZN11RemoteChesseqERKNS_4CellERKNS_8optionalIS0_EE                               
00006739  _ZNK11RemoteChess11flat_vectorINS_4CellELj64EE8is_emptyEv                        
00006751  _ZNKSt3__25arrayIN11RemoteChess3RGBELj8EEixEj                                    
00006769  _ZNSt3__25arrayIN11RemoteChess3RGBELj8EEixEj                                     
0000677f  strchr                                                                           
00006795  CS_setExternalClockSourceFrequency                                               
000067a9  I2C_isBusBusy                                                                    
000067bd  SysTick_enableInterrupt                                                          
000067d1  _ZN11RemoteChess11flat_vectorINS_4CellELj32EE14const_iteratorppEv                
000067e9  _ZN11RemoteChess11flat_vectorINS_4CellELj64EE14const_iteratorppEv                
00006801  _ZN11RemoteChess11flat_vectorINS_4CellELj64EE8iteratormmEv                       
00006819  _ZN11RemoteChess11flat_vectorINS_4CellELj64EE8iteratorppEv                       
00006831  _ZN11RemoteChess11flat_vectorINS_4CellELj64EEixEj                                
00006849  _ZN11RemoteChess5Board3FSMC1ENS0_10BoardStateE                                   
00006861  _ZNK11RemoteChess11flat_vectorINS_4CellELj32EEixEj                               
00006879  _ZNK11RemoteChess11flat_vectorINS_4CellELj64EEixEj                               
0000688d  strcpy                                                                           
000068a1  strlen                                                                           
000068b9  _ZN11RemoteChess11flat_vectorINS_4CellELj32EE14const_iteratordeEv                
000068d1  _ZN11RemoteChess11flat_vectorINS_4CellELj64EE14const_iteratordeEv                
000068e9  _ZN11RemoteChess4CellC1Ev                                                        
00006901  _ZNK11RemoteChess11flat_vectorINS_4CellELj64EE8iteratordeEv                      
00006919  _ZNK11RemoteChess11flat_vectorINS_4CellELj64EE8iteratorptEv                      
00006931  Reset_Handler                                                                    
00006941  ADC14_IRQHandler                                                                 
00006941  AES256_IRQHandler                                                                
00006941  BusFault_Handler                                                                 
00006941  COMP_E0_IRQHandler                                                               
00006941  COMP_E1_IRQHandler                                                               
00006941  CS_IRQHandler                                                                    
00006941  DMA_ERR_IRQHandler                                                               
00006941  DMA_INT0_IRQHandler                                                              
00006941  DMA_INT1_IRQHandler                                                              
00006941  DMA_INT2_IRQHandler                                                              
00006941  DMA_INT3_IRQHandler                                                              
00006941  DebugMon_Handler                                                                 
00006941  Default_Handler                                                                  
00006941  EUSCIA0_IRQHandler                                                               
00006941  EUSCIA1_IRQHandler                                                               
00006941  EUSCIA2_IRQHandler                                                               
00006941  EUSCIA3_IRQHandler                                                               
00006941  EUSCIB0_IRQHandler                                                               
00006941  EUSCIB2_IRQHandler                                                               
00006941  EUSCIB3_IRQHandler                                                               
00006941  FLCTL_IRQHandler                                                                 
00006941  FPU_IRQHandler                                                                   
00006941  HardFault_Handler                                                                
00006941  MemManage_Handler                                                                
00006941  NMI_Handler                                                                      
00006941  PCM_IRQHandler                                                                   
00006941  PORT1_IRQHandler                                                                 
00006941  PORT2_IRQHandler                                                                 
00006941  PORT3_IRQHandler                                                                 
00006941  PORT4_IRQHandler                                                                 
00006941  PORT5_IRQHandler                                                                 
00006941  PORT6_IRQHandler                                                                 
00006941  PSS_IRQHandler                                                                   
00006941  RTC_C_IRQHandler                                                                 
00006941  SVC_Handler                                                                      
00006941  T32_INT1_IRQHandler                                                              
00006941  T32_INT2_IRQHandler                                                              
00006941  T32_INTC_IRQHandler                                                              
00006941  TA0_0_IRQHandler                                                                 
00006941  TA0_N_IRQHandler                                                                 
00006941  TA1_0_IRQHandler                                                                 
00006941  TA1_N_IRQHandler                                                                 
00006941  TA2_0_IRQHandler                                                                 
00006941  TA2_N_IRQHandler                                                                 
00006941  TA3_0_IRQHandler                                                                 
00006941  TA3_N_IRQHandler                                                                 
00006941  UsageFault_Handler                                                               
00006941  WDT_A_IRQHandler                                                                 
00006943  wcslen                                                                           
00006959  BSP_InitBoard                                                                    
00006969  I2C_masterReceiveStart                                                           
00006979  SysCtl_disableNMISource                                                          
00006989  SysCtl_enableNMISource                                                           
00006999  I2C_clearInterruptFlag                                                           
000069a7  I2C_disableInterrupt                                                             
000069b9  _ZN11RemoteChess18flat_unordered_setINS_4CellELj64EEC1Ev                         
000069c9  _ZNK11RemoteChess8optionalINS_4CellEE8HasValueEv                                 
000069d9  _ZNK11RemoteChess8optionalINS_4CellEEcvbEv                                       
000069e9  _ZNK11RemoteChess8optionalINS_4MoveEE8HasValueEv                                 
000069f9  _ZNK11RemoteChess8optionalINS_4MoveEEcvbEv                                       
00006a09  _ZnwjPv                                                                          
00006a17  __TI_decompress_none                                                             
00006a25  I2C_disableModule                                                                
00006a31  I2C_enableModule                                                                 
00006a3d  PCM_getPowerState                                                                
00006a49  SysCtl_getNMISourceStatus                                                        
00006a59  _ZN11RemoteChess11flat_vectorINS_4CellELj64EEC2Ev                                
00006a69  _ZN11RemoteChess8optionalINS_4CellEE5ValueEv                                     
00006a79  _ZN11RemoteChess8optionalINS_4CellEEdeEv                                         
00006a89  _ZN11RemoteChess8optionalINS_4MoveEEptEv                                         
00006a95  _ZSt15get_new_handlerv                                                           
00006aa1  __TI_zero_init                                                                   
00006aad  I2C_enableInterrupt                                                              
00006ab5  PCM_setCoreVoltageLevel                                                          
00006abd  PCM_setPowerMode                                                                 
00006ac5  __aeabi_errno_addr                                                               
00006acd  malloc                                                                           
00006ad4  _ctypes_                                                                         
00006d2c  __TI_Handler_Table_Base                                                          
00006d38  __TI_Handler_Table_Limit                                                         
00006d40  __TI_CINIT_Base                                                                  
00006d50  __TI_CINIT_Limit                                                                 
20000000  __start___llvm_prf_cnts                                                          
20000000  __stop___llvm_prf_cnts                                                           
2000bbf4  g_board                                                                          
2000bdd8  __CIOBUF_                                                                        
2000bef8  __TI_tmpnams                                                                     
2000bfb9  parmbuf                                                                          
2000bfc1  ui8DummyRead                                                                     
2000bfc2  ui8Status                                                                        
2000bfc8  g_ui32ByteCount                                                                  
2000bfd4  pData                                                                            
2000bfd8  _sys_memory                                                                      
2000c3d8  _ftable                                                                          
2000c4c8  _device                                                                          
2000c540  _stream                                                                          
2000c5c0  i2cConfig                                                                        
2000c5d4  __TI_ft_end                                                                      
2000c5d8  __aeabi_stdin                                                                    
2000c5dc  __aeabi_stdout                                                                   
2000c5e0  __aeabi_stderr                                                                   
2000c5e4  currentThread                                                                    
2000c5e8  systemTime                                                                       
2000c5f2  burstMode                                                                        
2000c5f4  __TI_cleanup_ptr                                                                 
2000c5f8  __TI_dtors_ptr                                                                   
2000c5fc  __TI_enable_exit_profile_output                                                  
2000c600  _lock                                                                            
2000c604  _unlock                                                                          
2000c610  blockedThreads                                                                   
2000c618  runningThreads                                                                   
2000c628  errno                                                                            
2000c62c  SystemCoreClock                                                                  
2000fe00  __stack                                                                          
20010000  __STACK_END                                                                      
4000480c  WDTCTL_SYM                                                                       
ffffffff  __TI_pprof_out_hndl                                                              
ffffffff  __TI_prof_data_size                                                              
ffffffff  __TI_prof_data_start                                                             
ffffffff  __binit__                                                                        
ffffffff  __c_args__                                                                       
ffffffff  binit                                                                            
UNDEFED   __mpu_init                                                                       
UNDEFED   _system_post_cinit                                                               

[385 symbols]
