<?xml version="1.0" encoding="ISO-8859-1" ?>
<link_info>
   <banner>TI ARM Linker PC v20.2.2.LTS</banner>
   <copyright>Copyright (c) 1996-2018 Texas Instruments Incorporated</copyright>
   <link_time>0x60eb7aea</link_time>
   <link_errors>0x0</link_errors>
   <output_file>ChessBoard.out</output_file>
   <entry_point>
      <name>_c_int00_noargs</name>
      <address>0x5d75</address>
   </entry_point>
   <input_file_list>
      <input_file id="fl-2">
         <path>.\</path>
         <kind>object</kind>
         <file>startup_msp432p401r_ccs.obj</file>
         <name>startup_msp432p401r_ccs.obj</name>
      </input_file>
      <input_file id="fl-3">
         <path>.\</path>
         <kind>object</kind>
         <file>system_msp432p401r.obj</file>
         <name>system_msp432p401r.obj</name>
      </input_file>
      <input_file id="fl-4">
         <path>.\BoardSupportPackage\ferris\</path>
         <kind>object</kind>
         <file>LCD.obj</file>
         <name>LCD.obj</name>
      </input_file>
      <input_file id="fl-5">
         <path>.\BoardSupportPackage\ferris\</path>
         <kind>object</kind>
         <file>RGBLED.obj</file>
         <name>RGBLED.obj</name>
      </input_file>
      <input_file id="fl-6">
         <path>.\BoardSupportPackage\ferris\</path>
         <kind>object</kind>
         <file>uart.obj</file>
         <name>uart.obj</name>
      </input_file>
      <input_file id="fl-7">
         <path>.\BoardSupportPackage\src\</path>
         <kind>object</kind>
         <file>AsciiLib.obj</file>
         <name>AsciiLib.obj</name>
      </input_file>
      <input_file id="fl-8">
         <path>.\BoardSupportPackage\src\</path>
         <kind>object</kind>
         <file>BSP.obj</file>
         <name>BSP.obj</name>
      </input_file>
      <input_file id="fl-9">
         <path>.\BoardSupportPackage\src\</path>
         <kind>object</kind>
         <file>BackChannelUart.obj</file>
         <name>BackChannelUart.obj</name>
      </input_file>
      <input_file id="fl-a">
         <path>.\BoardSupportPackage\src\</path>
         <kind>object</kind>
         <file>ClockSys.obj</file>
         <name>ClockSys.obj</name>
      </input_file>
      <input_file id="fl-b">
         <path>.\BoardSupportPackage\src\</path>
         <kind>object</kind>
         <file>Joystick.obj</file>
         <name>Joystick.obj</name>
      </input_file>
      <input_file id="fl-c">
         <path>.\BoardSupportPackage\src\</path>
         <kind>object</kind>
         <file>bme280.obj</file>
         <name>bme280.obj</name>
      </input_file>
      <input_file id="fl-d">
         <path>.\BoardSupportPackage\src\</path>
         <kind>object</kind>
         <file>bme280_support.obj</file>
         <name>bme280_support.obj</name>
      </input_file>
      <input_file id="fl-e">
         <path>.\BoardSupportPackage\src\</path>
         <kind>object</kind>
         <file>bmi160.obj</file>
         <name>bmi160.obj</name>
      </input_file>
      <input_file id="fl-f">
         <path>.\BoardSupportPackage\src\</path>
         <kind>object</kind>
         <file>bmi160_support.obj</file>
         <name>bmi160_support.obj</name>
      </input_file>
      <input_file id="fl-10">
         <path>.\BoardSupportPackage\src\</path>
         <kind>object</kind>
         <file>demo_sysctl.obj</file>
         <name>demo_sysctl.obj</name>
      </input_file>
      <input_file id="fl-11">
         <path>.\BoardSupportPackage\src\</path>
         <kind>object</kind>
         <file>i2c_driver.obj</file>
         <name>i2c_driver.obj</name>
      </input_file>
      <input_file id="fl-12">
         <path>.\BoardSupportPackage\src\</path>
         <kind>object</kind>
         <file>opt3001.obj</file>
         <name>opt3001.obj</name>
      </input_file>
      <input_file id="fl-13">
         <path>.\BoardSupportPackage\src\</path>
         <kind>object</kind>
         <file>tmp007.obj</file>
         <name>tmp007.obj</name>
      </input_file>
      <input_file id="fl-14">
         <path>.\src\</path>
         <kind>object</kind>
         <file>Board.obj</file>
         <name>Board.obj</name>
      </input_file>
      <input_file id="fl-15">
         <path>.\src\</path>
         <kind>object</kind>
         <file>LedDriver.obj</file>
         <name>LedDriver.obj</name>
      </input_file>
      <input_file id="fl-16">
         <path>.\src\</path>
         <kind>object</kind>
         <file>main.obj</file>
         <name>main.obj</name>
      </input_file>
      <input_file id="fl-17">
         <path>.\src\G8RTOS\</path>
         <kind>object</kind>
         <file>G8RTOS_CriticalSection.obj</file>
         <name>G8RTOS_CriticalSection.obj</name>
      </input_file>
      <input_file id="fl-18">
         <path>.\src\G8RTOS\</path>
         <kind>object</kind>
         <file>G8RTOS_Scheduler.obj</file>
         <name>G8RTOS_Scheduler.obj</name>
      </input_file>
      <input_file id="fl-19">
         <path>.\src\G8RTOS\</path>
         <kind>object</kind>
         <file>G8RTOS_SchedulerASM.obj</file>
         <name>G8RTOS_SchedulerASM.obj</name>
      </input_file>
      <input_file id="fl-1a">
         <path>.\src\G8RTOS\</path>
         <kind>object</kind>
         <file>G8RTOS_Semaphores.obj</file>
         <name>G8RTOS_Semaphores.obj</name>
      </input_file>
      <input_file id="fl-1b">
         <path>.\src\G8RTOS\</path>
         <kind>object</kind>
         <file>G8RTOS_Structures.obj</file>
         <name>G8RTOS_Structures.obj</name>
      </input_file>
      <input_file id="fl-1c">
         <path>.\src\G8RTOS\</path>
         <kind>object</kind>
         <file>Queue.obj</file>
         <name>Queue.obj</name>
      </input_file>
      <input_file id="fl-1d">
         <path>.\src\HardwareLayer\</path>
         <kind>object</kind>
         <file>LedMatrix.obj</file>
         <name>LedMatrix.obj</name>
      </input_file>
      <input_file id="fl-23">
         <kind>object</kind>
         <file>&lt;internal&gt;</file>
         <name>&lt;internal&gt;</name>
      </input_file>
      <input_file id="fl-24">
         <path>C:\Users\myaka\OneDrive - University of Florida\EEL4745 - Microp 2\lib\BoardSupportPackage\DriverLib\</path>
         <kind>archive</kind>
         <file>msp432p4xx_driverlib.lib</file>
         <name>cs.o</name>
      </input_file>
      <input_file id="fl-25">
         <path>C:\Users\myaka\OneDrive - University of Florida\EEL4745 - Microp 2\lib\BoardSupportPackage\DriverLib\</path>
         <kind>archive</kind>
         <file>msp432p4xx_driverlib.lib</file>
         <name>flash.o</name>
      </input_file>
      <input_file id="fl-26">
         <path>C:\Users\myaka\OneDrive - University of Florida\EEL4745 - Microp 2\lib\BoardSupportPackage\DriverLib\</path>
         <kind>archive</kind>
         <file>msp432p4xx_driverlib.lib</file>
         <name>gpio.o</name>
      </input_file>
      <input_file id="fl-27">
         <path>C:\Users\myaka\OneDrive - University of Florida\EEL4745 - Microp 2\lib\BoardSupportPackage\DriverLib\</path>
         <kind>archive</kind>
         <file>msp432p4xx_driverlib.lib</file>
         <name>i2c.o</name>
      </input_file>
      <input_file id="fl-28">
         <path>C:\Users\myaka\OneDrive - University of Florida\EEL4745 - Microp 2\lib\BoardSupportPackage\DriverLib\</path>
         <kind>archive</kind>
         <file>msp432p4xx_driverlib.lib</file>
         <name>interrupt.o</name>
      </input_file>
      <input_file id="fl-29">
         <path>C:\Users\myaka\OneDrive - University of Florida\EEL4745 - Microp 2\lib\BoardSupportPackage\DriverLib\</path>
         <kind>archive</kind>
         <file>msp432p4xx_driverlib.lib</file>
         <name>pcm.o</name>
      </input_file>
      <input_file id="fl-2a">
         <path>C:\Users\myaka\OneDrive - University of Florida\EEL4745 - Microp 2\lib\BoardSupportPackage\DriverLib\</path>
         <kind>archive</kind>
         <file>msp432p4xx_driverlib.lib</file>
         <name>rtc_c.o</name>
      </input_file>
      <input_file id="fl-2b">
         <path>C:\Users\myaka\OneDrive - University of Florida\EEL4745 - Microp 2\lib\BoardSupportPackage\DriverLib\</path>
         <kind>archive</kind>
         <file>msp432p4xx_driverlib.lib</file>
         <name>spi.o</name>
      </input_file>
      <input_file id="fl-2c">
         <path>C:\Users\myaka\OneDrive - University of Florida\EEL4745 - Microp 2\lib\BoardSupportPackage\DriverLib\</path>
         <kind>archive</kind>
         <file>msp432p4xx_driverlib.lib</file>
         <name>sysctl.o</name>
      </input_file>
      <input_file id="fl-2d">
         <path>C:\Users\myaka\OneDrive - University of Florida\EEL4745 - Microp 2\lib\BoardSupportPackage\DriverLib\</path>
         <kind>archive</kind>
         <file>msp432p4xx_driverlib.lib</file>
         <name>systick.o</name>
      </input_file>
      <input_file id="fl-2e">
         <path>C:\Users\myaka\OneDrive - University of Florida\EEL4745 - Microp 2\lib\BoardSupportPackage\DriverLib\</path>
         <kind>archive</kind>
         <file>msp432p4xx_driverlib.lib</file>
         <name>uart.o</name>
      </input_file>
      <input_file id="fl-2f">
         <path>C:\Users\myaka\OneDrive - University of Florida\EEL4745 - Microp 2\lib\BoardSupportPackage\DriverLib\</path>
         <kind>archive</kind>
         <file>msp432p4xx_driverlib.lib</file>
         <name>wdt_a.o</name>
      </input_file>
      <input_file id="fl-30">
         <path>C:\Users\myaka\OneDrive - University of Florida\EEL4745 - Microp 2\lib\BoardSupportPackage\DriverLib\</path>
         <kind>archive</kind>
         <file>msp432p4xx_driverlib.lib</file>
         <name>cpu.o</name>
      </input_file>
      <input_file id="fl-e6">
         <path>C:\ti\Code Composer Studio\ccs\tools\compiler\ti-cgt-arm_20.2.2.LTS\lib\</path>
         <kind>archive</kind>
         <file>rtsv7M4_T_le_v4SPD16_eabi.lib</file>
         <name>vec_newdel.c.obj</name>
      </input_file>
      <input_file id="fl-e7">
         <path>C:\ti\Code Composer Studio\ccs\tools\compiler\ti-cgt-arm_20.2.2.LTS\lib\</path>
         <kind>archive</kind>
         <file>rtsv7M4_T_le_v4SPD16_eabi.lib</file>
         <name>printf.c.obj</name>
      </input_file>
      <input_file id="fl-e8">
         <path>C:\ti\Code Composer Studio\ccs\tools\compiler\ti-cgt-arm_20.2.2.LTS\lib\</path>
         <kind>archive</kind>
         <file>rtsv7M4_T_le_v4SPD16_eabi.lib</file>
         <name>_printfi.c.obj</name>
      </input_file>
      <input_file id="fl-e9">
         <path>C:\ti\Code Composer Studio\ccs\tools\compiler\ti-cgt-arm_20.2.2.LTS\lib\</path>
         <kind>archive</kind>
         <file>rtsv7M4_T_le_v4SPD16_eabi.lib</file>
         <name>snprintf.c.obj</name>
      </input_file>
      <input_file id="fl-ea">
         <path>C:\ti\Code Composer Studio\ccs\tools\compiler\ti-cgt-arm_20.2.2.LTS\lib\</path>
         <kind>archive</kind>
         <file>rtsv7M4_T_le_v4SPD16_eabi.lib</file>
         <name>fputc.c.obj</name>
      </input_file>
      <input_file id="fl-eb">
         <path>C:\ti\Code Composer Studio\ccs\tools\compiler\ti-cgt-arm_20.2.2.LTS\lib\</path>
         <kind>archive</kind>
         <file>rtsv7M4_T_le_v4SPD16_eabi.lib</file>
         <name>fputs.c.obj</name>
      </input_file>
      <input_file id="fl-ec">
         <path>C:\ti\Code Composer Studio\ccs\tools\compiler\ti-cgt-arm_20.2.2.LTS\lib\</path>
         <kind>archive</kind>
         <file>rtsv7M4_T_le_v4SPD16_eabi.lib</file>
         <name>_io_perm.c.obj</name>
      </input_file>
      <input_file id="fl-ed">
         <path>C:\ti\Code Composer Studio\ccs\tools\compiler\ti-cgt-arm_20.2.2.LTS\lib\</path>
         <kind>archive</kind>
         <file>rtsv7M4_T_le_v4SPD16_eabi.lib</file>
         <name>setvbuf.c.obj</name>
      </input_file>
      <input_file id="fl-ee">
         <path>C:\ti\Code Composer Studio\ccs\tools\compiler\ti-cgt-arm_20.2.2.LTS\lib\</path>
         <kind>archive</kind>
         <file>rtsv7M4_T_le_v4SPD16_eabi.lib</file>
         <name>fd_add_t2.asm.obj</name>
      </input_file>
      <input_file id="fl-ef">
         <path>C:\ti\Code Composer Studio\ccs\tools\compiler\ti-cgt-arm_20.2.2.LTS\lib\</path>
         <kind>archive</kind>
         <file>rtsv7M4_T_le_v4SPD16_eabi.lib</file>
         <name>fd_cmp_t2.asm.obj</name>
      </input_file>
      <input_file id="fl-f0">
         <path>C:\ti\Code Composer Studio\ccs\tools\compiler\ti-cgt-arm_20.2.2.LTS\lib\</path>
         <kind>archive</kind>
         <file>rtsv7M4_T_le_v4SPD16_eabi.lib</file>
         <name>fd_div_t2.asm.obj</name>
      </input_file>
      <input_file id="fl-f1">
         <path>C:\ti\Code Composer Studio\ccs\tools\compiler\ti-cgt-arm_20.2.2.LTS\lib\</path>
         <kind>archive</kind>
         <file>rtsv7M4_T_le_v4SPD16_eabi.lib</file>
         <name>fd_mul_t2.asm.obj</name>
      </input_file>
      <input_file id="fl-f2">
         <path>C:\ti\Code Composer Studio\ccs\tools\compiler\ti-cgt-arm_20.2.2.LTS\lib\</path>
         <kind>archive</kind>
         <file>rtsv7M4_T_le_v4SPD16_eabi.lib</file>
         <name>fd_toi_t2.asm.obj</name>
      </input_file>
      <input_file id="fl-f3">
         <path>C:\ti\Code Composer Studio\ccs\tools\compiler\ti-cgt-arm_20.2.2.LTS\lib\</path>
         <kind>archive</kind>
         <file>rtsv7M4_T_le_v4SPD16_eabi.lib</file>
         <name>i_tofd_t2.asm.obj</name>
      </input_file>
      <input_file id="fl-f4">
         <path>C:\ti\Code Composer Studio\ccs\tools\compiler\ti-cgt-arm_20.2.2.LTS\lib\</path>
         <kind>archive</kind>
         <file>rtsv7M4_T_le_v4SPD16_eabi.lib</file>
         <name>ll_mul_t2.asm.obj</name>
      </input_file>
      <input_file id="fl-f5">
         <path>C:\ti\Code Composer Studio\ccs\tools\compiler\ti-cgt-arm_20.2.2.LTS\lib\</path>
         <kind>archive</kind>
         <file>rtsv7M4_T_le_v4SPD16_eabi.lib</file>
         <name>memcpy_t2.asm.obj</name>
      </input_file>
      <input_file id="fl-f6">
         <path>C:\ti\Code Composer Studio\ccs\tools\compiler\ti-cgt-arm_20.2.2.LTS\lib\</path>
         <kind>archive</kind>
         <file>rtsv7M4_T_le_v4SPD16_eabi.lib</file>
         <name>ll_div_t2.asm.obj</name>
      </input_file>
      <input_file id="fl-f7">
         <path>C:\ti\Code Composer Studio\ccs\tools\compiler\ti-cgt-arm_20.2.2.LTS\lib\</path>
         <kind>archive</kind>
         <file>rtsv7M4_T_le_v4SPD16_eabi.lib</file>
         <name>ull_div_t2.asm.obj</name>
      </input_file>
      <input_file id="fl-f8">
         <path>C:\ti\Code Composer Studio\ccs\tools\compiler\ti-cgt-arm_20.2.2.LTS\lib\</path>
         <kind>archive</kind>
         <file>rtsv7M4_T_le_v4SPD16_eabi.lib</file>
         <name>memset_t2.asm.obj</name>
      </input_file>
      <input_file id="fl-f9">
         <path>C:\ti\Code Composer Studio\ccs\tools\compiler\ti-cgt-arm_20.2.2.LTS\lib\</path>
         <kind>archive</kind>
         <file>rtsv7M4_T_le_v4SPD16_eabi.lib</file>
         <name>copy_zero_init.c.obj</name>
      </input_file>
      <input_file id="fl-fa">
         <path>C:\ti\Code Composer Studio\ccs\tools\compiler\ti-cgt-arm_20.2.2.LTS\lib\</path>
         <kind>archive</kind>
         <file>rtsv7M4_T_le_v4SPD16_eabi.lib</file>
         <name>copy_decompress_none.c.obj</name>
      </input_file>
      <input_file id="fl-fb">
         <path>C:\ti\Code Composer Studio\ccs\tools\compiler\ti-cgt-arm_20.2.2.LTS\lib\</path>
         <kind>archive</kind>
         <file>rtsv7M4_T_le_v4SPD16_eabi.lib</file>
         <name>copy_decompress_lzss.c.obj</name>
      </input_file>
      <input_file id="fl-fc">
         <path>C:\ti\Code Composer Studio\ccs\tools\compiler\ti-cgt-arm_20.2.2.LTS\lib\</path>
         <kind>archive</kind>
         <file>rtsv7M4_T_le_v4SPD16_eabi.lib</file>
         <name>exit.c.obj</name>
      </input_file>
      <input_file id="fl-fd">
         <path>C:\ti\Code Composer Studio\ccs\tools\compiler\ti-cgt-arm_20.2.2.LTS\lib\</path>
         <kind>archive</kind>
         <file>rtsv7M4_T_le_v4SPD16_eabi.lib</file>
         <name>_lock.c.obj</name>
      </input_file>
      <input_file id="fl-fe">
         <path>C:\ti\Code Composer Studio\ccs\tools\compiler\ti-cgt-arm_20.2.2.LTS\lib\</path>
         <kind>archive</kind>
         <file>rtsv7M4_T_le_v4SPD16_eabi.lib</file>
         <name>_ltoa.c.obj</name>
      </input_file>
      <input_file id="fl-ff">
         <path>C:\ti\Code Composer Studio\ccs\tools\compiler\ti-cgt-arm_20.2.2.LTS\lib\</path>
         <kind>archive</kind>
         <file>rtsv7M4_T_le_v4SPD16_eabi.lib</file>
         <name>atoi.c.obj</name>
      </input_file>
      <input_file id="fl-100">
         <path>C:\ti\Code Composer Studio\ccs\tools\compiler\ti-cgt-arm_20.2.2.LTS\lib\</path>
         <kind>archive</kind>
         <file>rtsv7M4_T_le_v4SPD16_eabi.lib</file>
         <name>ctype.c.obj</name>
      </input_file>
      <input_file id="fl-101">
         <path>C:\ti\Code Composer Studio\ccs\tools\compiler\ti-cgt-arm_20.2.2.LTS\lib\</path>
         <kind>archive</kind>
         <file>rtsv7M4_T_le_v4SPD16_eabi.lib</file>
         <name>defs.c.obj</name>
      </input_file>
      <input_file id="fl-102">
         <path>C:\ti\Code Composer Studio\ccs\tools\compiler\ti-cgt-arm_20.2.2.LTS\lib\</path>
         <kind>archive</kind>
         <file>rtsv7M4_T_le_v4SPD16_eabi.lib</file>
         <name>memccpy.c.obj</name>
      </input_file>
      <input_file id="fl-103">
         <path>C:\ti\Code Composer Studio\ccs\tools\compiler\ti-cgt-arm_20.2.2.LTS\lib\</path>
         <kind>archive</kind>
         <file>rtsv7M4_T_le_v4SPD16_eabi.lib</file>
         <name>memchr.c.obj</name>
      </input_file>
      <input_file id="fl-104">
         <path>C:\ti\Code Composer Studio\ccs\tools\compiler\ti-cgt-arm_20.2.2.LTS\lib\</path>
         <kind>archive</kind>
         <file>rtsv7M4_T_le_v4SPD16_eabi.lib</file>
         <name>memory.c.obj</name>
      </input_file>
      <input_file id="fl-105">
         <path>C:\ti\Code Composer Studio\ccs\tools\compiler\ti-cgt-arm_20.2.2.LTS\lib\</path>
         <kind>archive</kind>
         <file>rtsv7M4_T_le_v4SPD16_eabi.lib</file>
         <name>strchr.c.obj</name>
      </input_file>
      <input_file id="fl-106">
         <path>C:\ti\Code Composer Studio\ccs\tools\compiler\ti-cgt-arm_20.2.2.LTS\lib\</path>
         <kind>archive</kind>
         <file>rtsv7M4_T_le_v4SPD16_eabi.lib</file>
         <name>strcpy.c.obj</name>
      </input_file>
      <input_file id="fl-107">
         <path>C:\ti\Code Composer Studio\ccs\tools\compiler\ti-cgt-arm_20.2.2.LTS\lib\</path>
         <kind>archive</kind>
         <file>rtsv7M4_T_le_v4SPD16_eabi.lib</file>
         <name>strlen.c.obj</name>
      </input_file>
      <input_file id="fl-108">
         <path>C:\ti\Code Composer Studio\ccs\tools\compiler\ti-cgt-arm_20.2.2.LTS\lib\</path>
         <kind>archive</kind>
         <file>rtsv7M4_T_le_v4SPD16_eabi.lib</file>
         <name>write.c.obj</name>
      </input_file>
      <input_file id="fl-109">
         <path>C:\ti\Code Composer Studio\ccs\tools\compiler\ti-cgt-arm_20.2.2.LTS\lib\</path>
         <kind>archive</kind>
         <file>rtsv7M4_T_le_v4SPD16_eabi.lib</file>
         <name>host_device.c.obj</name>
      </input_file>
      <input_file id="fl-10a">
         <path>C:\ti\Code Composer Studio\ccs\tools\compiler\ti-cgt-arm_20.2.2.LTS\lib\</path>
         <kind>archive</kind>
         <file>rtsv7M4_T_le_v4SPD16_eabi.lib</file>
         <name>boot_cortex_m.c.obj</name>
      </input_file>
      <input_file id="fl-10b">
         <path>C:\ti\Code Composer Studio\ccs\tools\compiler\ti-cgt-arm_20.2.2.LTS\lib\</path>
         <kind>archive</kind>
         <file>rtsv7M4_T_le_v4SPD16_eabi.lib</file>
         <name>errno.c.obj</name>
      </input_file>
      <input_file id="fl-10c">
         <path>C:\ti\Code Composer Studio\ccs\tools\compiler\ti-cgt-arm_20.2.2.LTS\lib\</path>
         <kind>archive</kind>
         <file>rtsv7M4_T_le_v4SPD16_eabi.lib</file>
         <name>s_frexp.c.obj</name>
      </input_file>
      <input_file id="fl-10d">
         <path>C:\ti\Code Composer Studio\ccs\tools\compiler\ti-cgt-arm_20.2.2.LTS\lib\</path>
         <kind>archive</kind>
         <file>rtsv7M4_T_le_v4SPD16_eabi.lib</file>
         <name>s_scalbn.c.obj</name>
      </input_file>
      <input_file id="fl-10e">
         <path>C:\ti\Code Composer Studio\ccs\tools\compiler\ti-cgt-arm_20.2.2.LTS\lib\</path>
         <kind>archive</kind>
         <file>rtsv7M4_T_le_v4SPD16_eabi.lib</file>
         <name>new.cpp.obj</name>
      </input_file>
      <input_file id="fl-10f">
         <path>C:\ti\Code Composer Studio\ccs\tools\compiler\ti-cgt-arm_20.2.2.LTS\lib\</path>
         <kind>archive</kind>
         <file>rtsv7M4_T_le_v4SPD16_eabi.lib</file>
         <name>wcslen.c.obj</name>
      </input_file>
      <input_file id="fl-110">
         <path>C:\ti\Code Composer Studio\ccs\tools\compiler\ti-cgt-arm_20.2.2.LTS\lib\</path>
         <kind>archive</kind>
         <file>rtsv7M4_T_le_v4SPD16_eabi.lib</file>
         <name>s_copysign.c.obj</name>
      </input_file>
      <input_file id="fl-111">
         <path>C:\ti\Code Composer Studio\ccs\tools\compiler\ti-cgt-arm_20.2.2.LTS\lib\</path>
         <kind>archive</kind>
         <file>rtsv7M4_T_le_v4SPD16_eabi.lib</file>
         <name>fflush.c.obj</name>
      </input_file>
      <input_file id="fl-112">
         <path>C:\ti\Code Composer Studio\ccs\tools\compiler\ti-cgt-arm_20.2.2.LTS\lib\</path>
         <kind>archive</kind>
         <file>rtsv7M4_T_le_v4SPD16_eabi.lib</file>
         <name>fopen.c.obj</name>
      </input_file>
      <input_file id="fl-113">
         <path>C:\ti\Code Composer Studio\ccs\tools\compiler\ti-cgt-arm_20.2.2.LTS\lib\</path>
         <kind>archive</kind>
         <file>rtsv7M4_T_le_v4SPD16_eabi.lib</file>
         <name>fseek.c.obj</name>
      </input_file>
      <input_file id="fl-114">
         <path>C:\ti\Code Composer Studio\ccs\tools\compiler\ti-cgt-arm_20.2.2.LTS\lib\</path>
         <kind>archive</kind>
         <file>rtsv7M4_T_le_v4SPD16_eabi.lib</file>
         <name>div0.asm.obj</name>
      </input_file>
      <input_file id="fl-115">
         <path>C:\ti\Code Composer Studio\ccs\tools\compiler\ti-cgt-arm_20.2.2.LTS\lib\</path>
         <kind>archive</kind>
         <file>rtsv7M4_T_le_v4SPD16_eabi.lib</file>
         <name>autoinit.c.obj</name>
      </input_file>
      <input_file id="fl-116">
         <path>C:\ti\Code Composer Studio\ccs\tools\compiler\ti-cgt-arm_20.2.2.LTS\lib\</path>
         <kind>archive</kind>
         <file>rtsv7M4_T_le_v4SPD16_eabi.lib</file>
         <name>pre_init.c.obj</name>
      </input_file>
      <input_file id="fl-117">
         <path>C:\ti\Code Composer Studio\ccs\tools\compiler\ti-cgt-arm_20.2.2.LTS\lib\</path>
         <kind>archive</kind>
         <file>rtsv7M4_T_le_v4SPD16_eabi.lib</file>
         <name>cpy_tbl.c.obj</name>
      </input_file>
      <input_file id="fl-118">
         <path>C:\ti\Code Composer Studio\ccs\tools\compiler\ti-cgt-arm_20.2.2.LTS\lib\</path>
         <kind>archive</kind>
         <file>rtsv7M4_T_le_v4SPD16_eabi.lib</file>
         <name>args_main.c.obj</name>
      </input_file>
      <input_file id="fl-119">
         <path>C:\ti\Code Composer Studio\ccs\tools\compiler\ti-cgt-arm_20.2.2.LTS\lib\</path>
         <kind>archive</kind>
         <file>rtsv7M4_T_le_v4SPD16_eabi.lib</file>
         <name>hostclose.c.obj</name>
      </input_file>
      <input_file id="fl-11a">
         <path>C:\ti\Code Composer Studio\ccs\tools\compiler\ti-cgt-arm_20.2.2.LTS\lib\</path>
         <kind>archive</kind>
         <file>rtsv7M4_T_le_v4SPD16_eabi.lib</file>
         <name>hostlseek.c.obj</name>
      </input_file>
      <input_file id="fl-11b">
         <path>C:\ti\Code Composer Studio\ccs\tools\compiler\ti-cgt-arm_20.2.2.LTS\lib\</path>
         <kind>archive</kind>
         <file>rtsv7M4_T_le_v4SPD16_eabi.lib</file>
         <name>hostopen.c.obj</name>
      </input_file>
      <input_file id="fl-11c">
         <path>C:\ti\Code Composer Studio\ccs\tools\compiler\ti-cgt-arm_20.2.2.LTS\lib\</path>
         <kind>archive</kind>
         <file>rtsv7M4_T_le_v4SPD16_eabi.lib</file>
         <name>hostread.c.obj</name>
      </input_file>
      <input_file id="fl-11d">
         <path>C:\ti\Code Composer Studio\ccs\tools\compiler\ti-cgt-arm_20.2.2.LTS\lib\</path>
         <kind>archive</kind>
         <file>rtsv7M4_T_le_v4SPD16_eabi.lib</file>
         <name>hostrename.c.obj</name>
      </input_file>
      <input_file id="fl-11e">
         <path>C:\ti\Code Composer Studio\ccs\tools\compiler\ti-cgt-arm_20.2.2.LTS\lib\</path>
         <kind>archive</kind>
         <file>rtsv7M4_T_le_v4SPD16_eabi.lib</file>
         <name>hostunlink.c.obj</name>
      </input_file>
      <input_file id="fl-11f">
         <path>C:\ti\Code Composer Studio\ccs\tools\compiler\ti-cgt-arm_20.2.2.LTS\lib\</path>
         <kind>archive</kind>
         <file>rtsv7M4_T_le_v4SPD16_eabi.lib</file>
         <name>hostwrite.c.obj</name>
      </input_file>
      <input_file id="fl-120">
         <path>C:\ti\Code Composer Studio\ccs\tools\compiler\ti-cgt-arm_20.2.2.LTS\lib\</path>
         <kind>archive</kind>
         <file>rtsv7M4_T_le_v4SPD16_eabi.lib</file>
         <name>trgmsg.c.obj</name>
      </input_file>
      <input_file id="fl-121">
         <path>C:\ti\Code Composer Studio\ccs\tools\compiler\ti-cgt-arm_20.2.2.LTS\lib\</path>
         <kind>archive</kind>
         <file>rtsv7M4_T_le_v4SPD16_eabi.lib</file>
         <name>open.c.obj</name>
      </input_file>
      <input_file id="fl-122">
         <path>C:\ti\Code Composer Studio\ccs\tools\compiler\ti-cgt-arm_20.2.2.LTS\lib\</path>
         <kind>archive</kind>
         <file>rtsv7M4_T_le_v4SPD16_eabi.lib</file>
         <name>lseek.c.obj</name>
      </input_file>
      <input_file id="fl-123">
         <path>C:\ti\Code Composer Studio\ccs\tools\compiler\ti-cgt-arm_20.2.2.LTS\lib\</path>
         <kind>archive</kind>
         <file>rtsv7M4_T_le_v4SPD16_eabi.lib</file>
         <name>fclose.c.obj</name>
      </input_file>
      <input_file id="fl-124">
         <path>C:\ti\Code Composer Studio\ccs\tools\compiler\ti-cgt-arm_20.2.2.LTS\lib\</path>
         <kind>archive</kind>
         <file>rtsv7M4_T_le_v4SPD16_eabi.lib</file>
         <name>getdevice.c.obj</name>
      </input_file>
      <input_file id="fl-125">
         <path>C:\ti\Code Composer Studio\ccs\tools\compiler\ti-cgt-arm_20.2.2.LTS\lib\</path>
         <kind>archive</kind>
         <file>rtsv7M4_T_le_v4SPD16_eabi.lib</file>
         <name>strcmp.c.obj</name>
      </input_file>
      <input_file id="fl-126">
         <path>C:\ti\Code Composer Studio\ccs\tools\compiler\ti-cgt-arm_20.2.2.LTS\lib\</path>
         <kind>archive</kind>
         <file>rtsv7M4_T_le_v4SPD16_eabi.lib</file>
         <name>strncpy.c.obj</name>
      </input_file>
      <input_file id="fl-127">
         <path>C:\ti\Code Composer Studio\ccs\tools\compiler\ti-cgt-arm_20.2.2.LTS\lib\</path>
         <kind>archive</kind>
         <file>rtsv7M4_T_le_v4SPD16_eabi.lib</file>
         <name>remove.c.obj</name>
      </input_file>
      <input_file id="fl-128">
         <path>C:\ti\Code Composer Studio\ccs\tools\compiler\ti-cgt-arm_20.2.2.LTS\lib\</path>
         <kind>archive</kind>
         <file>rtsv7M4_T_le_v4SPD16_eabi.lib</file>
         <name>close.c.obj</name>
      </input_file>
      <input_file id="fl-129">
         <path>C:\ti\Code Composer Studio\ccs\tools\compiler\ti-cgt-arm_20.2.2.LTS\lib\</path>
         <kind>archive</kind>
         <file>rtsv7M4_T_le_v4SPD16_eabi.lib</file>
         <name>unlink.c.obj</name>
      </input_file>
   </input_file_list>
   <object_component_list>
      <object_component id="oc-26">
         <name>.intvecs:retain</name>
         <load_address>0x0</load_address>
         <run_address>0x0</run_address>
         <size>0xe4</size>
         <input_file_ref idref="fl-2"/>
      </object_component>
      <object_component id="oc-2c2">
         <name>.text</name>
         <load_address>0xe8</load_address>
         <run_address>0xe8</run_address>
         <size>0xa84</size>
         <input_file_ref idref="fl-1d"/>
      </object_component>
      <object_component id="oc-3d8">
         <name>.text:__TI_printfi</name>
         <load_address>0xb6c</load_address>
         <run_address>0xb6c</run_address>
         <size>0xa4e</size>
         <input_file_ref idref="fl-e8"/>
      </object_component>
      <object_component id="oc-624">
         <name>.text:CS_startHFXT</name>
         <load_address>0x15ba</load_address>
         <run_address>0x15ba</run_address>
         <size>0x6</size>
         <input_file_ref idref="fl-24"/>
      </object_component>
      <object_component id="oc-76">
         <name>.text</name>
         <load_address>0x15c0</load_address>
         <run_address>0x15c0</run_address>
         <size>0x97c</size>
         <input_file_ref idref="fl-18"/>
      </object_component>
      <object_component id="oc-14b">
         <name>.text:I2C_setSlaveAddress</name>
         <load_address>0x1f3c</load_address>
         <run_address>0x1f3c</run_address>
         <size>0x4</size>
         <input_file_ref idref="fl-27"/>
      </object_component>
      <object_component id="oc-1c1">
         <name>.text</name>
         <load_address>0x1f40</load_address>
         <run_address>0x1f40</run_address>
         <size>0x738</size>
         <input_file_ref idref="fl-14"/>
      </object_component>
      <object_component id="oc-7c">
         <name>.text</name>
         <load_address>0x2678</load_address>
         <run_address>0x2678</run_address>
         <size>0x592</size>
         <input_file_ref idref="fl-11"/>
      </object_component>
      <object_component id="oc-186">
         <name>.text:I2C_getEnabledInterruptStatus</name>
         <load_address>0x2c0a</load_address>
         <run_address>0x2c0a</run_address>
         <size>0x6</size>
         <input_file_ref idref="fl-27"/>
      </object_component>
      <object_component id="oc-be">
         <name>.text</name>
         <load_address>0x2c10</load_address>
         <run_address>0x2c10</run_address>
         <size>0x480</size>
         <input_file_ref idref="fl-3"/>
      </object_component>
      <object_component id="oc-65a">
         <name>.text:_pconv_a</name>
         <load_address>0x3090</load_address>
         <run_address>0x3090</run_address>
         <size>0x270</size>
         <input_file_ref idref="fl-e8"/>
      </object_component>
      <object_component id="oc-648">
         <name>.text:_pconv_g</name>
         <load_address>0x3300</load_address>
         <run_address>0x3300</run_address>
         <size>0x1d0</size>
         <input_file_ref idref="fl-e8"/>
      </object_component>
      <object_component id="oc-85">
         <name>.text</name>
         <load_address>0x34d0</load_address>
         <run_address>0x34d0</run_address>
         <size>0x1c6</size>
         <input_file_ref idref="fl-16"/>
      </object_component>
      <object_component id="oc-7f7">
         <name>.text</name>
         <load_address>0x3696</load_address>
         <run_address>0x3696</run_address>
         <size>0x1b6</size>
         <input_file_ref idref="fl-ee"/>
      </object_component>
      <object_component id="oc-654">
         <name>.text:_pconv_e</name>
         <load_address>0x384c</load_address>
         <run_address>0x384c</run_address>
         <size>0x13c</size>
         <input_file_ref idref="fl-e8"/>
      </object_component>
      <object_component id="oc-7dd">
         <name>.text</name>
         <load_address>0x3988</load_address>
         <run_address>0x3988</run_address>
         <size>0x136</size>
         <input_file_ref idref="fl-f0"/>
      </object_component>
      <object_component id="oc-67e">
         <name>.text:_nop</name>
         <load_address>0x3abe</load_address>
         <run_address>0x3abe</run_address>
         <size>0x2</size>
         <input_file_ref idref="fl-fd"/>
      </object_component>
      <object_component id="oc-809">
         <name>.text:fcvt</name>
         <load_address>0x3ac0</load_address>
         <run_address>0x3ac0</run_address>
         <size>0x124</size>
         <input_file_ref idref="fl-e8"/>
      </object_component>
      <object_component id="oc-68c">
         <name>.text:fputs</name>
         <load_address>0x3be4</load_address>
         <run_address>0x3be4</run_address>
         <size>0x114</size>
         <input_file_ref idref="fl-eb"/>
      </object_component>
      <object_component id="oc-81d">
         <name>.text:scalbn</name>
         <load_address>0x3cf8</load_address>
         <run_address>0x3cf8</run_address>
         <size>0x110</size>
         <input_file_ref idref="fl-10d"/>
      </object_component>
      <object_component id="oc-423">
         <name>.text:CS_getDCOFrequency</name>
         <load_address>0x3e08</load_address>
         <run_address>0x3e08</run_address>
         <size>0x104</size>
         <input_file_ref idref="fl-24"/>
      </object_component>
      <object_component id="oc-9b8">
         <name>.text:aligned_alloc</name>
         <load_address>0x3f0c</load_address>
         <run_address>0x3f0c</run_address>
         <size>0x100</size>
         <input_file_ref idref="fl-104"/>
      </object_component>
      <object_component id="oc-88e">
         <name>.text:_Znaj</name>
         <load_address>0x400c</load_address>
         <run_address>0x400c</run_address>
         <size>0x4</size>
         <input_file_ref idref="fl-10e"/>
      </object_component>
      <object_component id="oc-2e4">
         <name>.text</name>
         <load_address>0x4010</load_address>
         <run_address>0x4010</run_address>
         <size>0xfc</size>
         <input_file_ref idref="fl-1a"/>
      </object_component>
      <object_component id="oc-7d8">
         <name>.text</name>
         <load_address>0x410c</load_address>
         <run_address>0x410c</run_address>
         <size>0xfc</size>
         <input_file_ref idref="fl-f1"/>
      </object_component>
      <object_component id="oc-967">
         <name>.text:free</name>
         <load_address>0x4208</load_address>
         <run_address>0x4208</run_address>
         <size>0xe4</size>
         <input_file_ref idref="fl-104"/>
      </object_component>
      <object_component id="oc-62a">
         <name>.text:CS_initClockSignal</name>
         <load_address>0x42ec</load_address>
         <run_address>0x42ec</run_address>
         <size>0xe0</size>
         <input_file_ref idref="fl-24"/>
      </object_component>
      <object_component id="oc-941">
         <name>.text:__PCM_setPowerModeAdvanced</name>
         <load_address>0x43cc</load_address>
         <run_address>0x43cc</run_address>
         <size>0xdc</size>
         <input_file_ref idref="fl-29"/>
      </object_component>
      <object_component id="oc-91d">
         <name>.text:setvbuf</name>
         <load_address>0x44a8</load_address>
         <run_address>0x44a8</run_address>
         <size>0xdc</size>
         <input_file_ref idref="fl-ed"/>
      </object_component>
      <object_component id="oc-3ea">
         <name>.text:_outc</name>
         <load_address>0x4584</load_address>
         <run_address>0x4584</run_address>
         <size>0x4</size>
         <input_file_ref idref="fl-e7"/>
      </object_component>
      <object_component id="oc-d4">
         <name>.text</name>
         <load_address>0x4588</load_address>
         <run_address>0x4588</run_address>
         <size>0xb6</size>
         <input_file_ref idref="fl-1b"/>
      </object_component>
      <object_component id="oc-8e2">
         <name>.text</name>
         <load_address>0x463e</load_address>
         <run_address>0x463e</run_address>
         <size>0x2</size>
         <input_file_ref idref="fl-114"/>
      </object_component>
      <object_component id="oc-63d">
         <name>.text:_ltostr</name>
         <load_address>0x4640</load_address>
         <run_address>0x4640</run_address>
         <size>0xb1</size>
         <input_file_ref idref="fl-e8"/>
      </object_component>
      <object_component id="oc-7b8">
         <name>.text:__PCM_setCoreVoltageLevelAdvanced</name>
         <load_address>0x46f4</load_address>
         <run_address>0x46f4</run_address>
         <size>0xb0</size>
         <input_file_ref idref="fl-29"/>
      </object_component>
      <object_component id="oc-7c2">
         <name>.text:CS_startHFXTWithTimeout</name>
         <load_address>0x47a4</load_address>
         <run_address>0x47a4</run_address>
         <size>0x9c</size>
         <input_file_ref idref="fl-24"/>
      </object_component>
      <object_component id="oc-253">
         <name>.text:_CSComputeCLKFrequency</name>
         <load_address>0x4840</load_address>
         <run_address>0x4840</run_address>
         <size>0x9c</size>
         <input_file_ref idref="fl-24"/>
      </object_component>
      <object_component id="oc-3b">
         <name>.text</name>
         <load_address>0x48dc</load_address>
         <run_address>0x48dc</run_address>
         <size>0x9c</size>
         <input_file_ref idref="fl-f5"/>
      </object_component>
      <object_component id="oc-3d1">
         <name>.text</name>
         <load_address>0x4978</load_address>
         <run_address>0x4978</run_address>
         <size>0x98</size>
         <input_file_ref idref="fl-a"/>
      </object_component>
      <object_component id="oc-7d1">
         <name>.text</name>
         <load_address>0x4a10</load_address>
         <run_address>0x4a10</run_address>
         <size>0x96</size>
         <input_file_ref idref="fl-f7"/>
      </object_component>
      <object_component id="oc-2ff">
         <name>.text:_ZN11RemoteChess11flat_vectorINS_4CellELj64EE5eraseERKS1_</name>
         <load_address>0x4aa8</load_address>
         <run_address>0x4aa8</run_address>
         <size>0x90</size>
         <input_file_ref idref="fl-14"/>
      </object_component>
      <object_component id="oc-693">
         <name>.text:fputc</name>
         <load_address>0x4b38</load_address>
         <run_address>0x4b38</run_address>
         <size>0x8c</size>
         <input_file_ref idref="fl-ea"/>
      </object_component>
      <object_component id="oc-643">
         <name>.text:__aeabi_cdcmple</name>
         <load_address>0x4bc4</load_address>
         <run_address>0x4bc4</run_address>
         <size>0x86</size>
         <input_file_ref idref="fl-ef"/>
      </object_component>
      <object_component id="oc-7e2">
         <name>.text:__aeabi_cdrcmple</name>
         <load_address>0x4c4a</load_address>
         <run_address>0x4c4a</run_address>
         <size>0x86</size>
         <input_file_ref idref="fl-ef"/>
      </object_component>
      <object_component id="oc-a6">
         <name>.text</name>
         <load_address>0x4cd0</load_address>
         <run_address>0x4cd0</run_address>
         <size>0x7a</size>
         <input_file_ref idref="fl-f8"/>
      </object_component>
      <object_component id="oc-7ab">
         <name>.text:_ZN34_INTERNAL_12_vec_newdel_c_8a08d4a517array_new_generalEPvijjS0_PFYS0_S0_ES2_PFYS0_jEPFYvS0_Eii</name>
         <load_address>0x4d4a</load_address>
         <run_address>0x4d4a</run_address>
         <size>0x76</size>
         <input_file_ref idref="fl-e6"/>
      </object_component>
      <object_component id="oc-9bf">
         <name>.text:__TI_closefile</name>
         <load_address>0x4dc0</load_address>
         <run_address>0x4dc0</run_address>
         <size>0x74</size>
         <input_file_ref idref="fl-123"/>
      </object_component>
      <object_component id="oc-8ce">
         <name>.text:_CSGetHFXTFrequency</name>
         <load_address>0x4e34</load_address>
         <run_address>0x4e34</run_address>
         <size>0x70</size>
         <input_file_ref idref="fl-24"/>
      </object_component>
      <object_component id="oc-a04">
         <name>.text:split</name>
         <load_address>0x4ea4</load_address>
         <run_address>0x4ea4</run_address>
         <size>0x70</size>
         <input_file_ref idref="fl-104"/>
      </object_component>
      <object_component id="oc-802">
         <name>.text:_mcpy</name>
         <load_address>0x4f14</load_address>
         <run_address>0x4f14</run_address>
         <size>0x6e</size>
         <input_file_ref idref="fl-e8"/>
      </object_component>
      <object_component id="oc-9ef">
         <name>.text:HOSTrename</name>
         <load_address>0x4f84</load_address>
         <run_address>0x4f84</run_address>
         <size>0x6c</size>
         <input_file_ref idref="fl-11d"/>
      </object_component>
      <object_component id="oc-9e3">
         <name>.text:HOSTlseek</name>
         <load_address>0x4ff0</load_address>
         <run_address>0x4ff0</run_address>
         <size>0x68</size>
         <input_file_ref idref="fl-11a"/>
      </object_component>
      <object_component id="oc-17">
         <name>.text:decompress:lzss:__TI_decompress_lzss</name>
         <load_address>0x5058</load_address>
         <run_address>0x5058</run_address>
         <size>0x68</size>
         <input_file_ref idref="fl-fb"/>
      </object_component>
      <object_component id="oc-1d4">
         <name>.text:printf</name>
         <load_address>0x50c0</load_address>
         <run_address>0x50c0</run_address>
         <size>0x68</size>
         <input_file_ref idref="fl-e7"/>
      </object_component>
      <object_component id="oc-170">
         <name>.text:Interrupt_disableInterrupt</name>
         <load_address>0x5128</load_address>
         <run_address>0x5128</run_address>
         <size>0x64</size>
         <input_file_ref idref="fl-28"/>
      </object_component>
      <object_component id="oc-164">
         <name>.text:Interrupt_enableInterrupt</name>
         <load_address>0x518c</load_address>
         <run_address>0x518c</run_address>
         <size>0x64</size>
         <input_file_ref idref="fl-28"/>
      </object_component>
      <object_component id="oc-817">
         <name>.text:frexp</name>
         <load_address>0x51f0</load_address>
         <run_address>0x51f0</run_address>
         <size>0x64</size>
         <input_file_ref idref="fl-10c"/>
      </object_component>
      <object_component id="oc-917">
         <name>.text:fseek</name>
         <load_address>0x5254</load_address>
         <run_address>0x5254</run_address>
         <size>0x64</size>
         <input_file_ref idref="fl-113"/>
      </object_component>
      <object_component id="oc-84e">
         <name>.text:__TI_wrt_ok</name>
         <load_address>0x52b8</load_address>
         <run_address>0x52b8</run_address>
         <size>0x62</size>
         <input_file_ref idref="fl-ec"/>
      </object_component>
      <object_component id="oc-9cb">
         <name>.text:HOSTopen</name>
         <load_address>0x531c</load_address>
         <run_address>0x531c</run_address>
         <size>0x60</size>
         <input_file_ref idref="fl-11b"/>
      </object_component>
      <object_component id="oc-213">
         <name>.text:__TI_auto_init_nobinit:__TI_auto_init_nobinit</name>
         <load_address>0x537c</load_address>
         <run_address>0x537c</run_address>
         <size>0x60</size>
         <input_file_ref idref="fl-115"/>
      </object_component>
      <object_component id="oc-a0b">
         <name>.text:close</name>
         <load_address>0x53dc</load_address>
         <run_address>0x53dc</run_address>
         <size>0x5c</size>
         <input_file_ref idref="fl-128"/>
      </object_component>
      <object_component id="oc-599">
         <name>.text:_ZN11RemoteChess11flat_vectorINS_4CellELj64EE4findERKS1_</name>
         <load_address>0x5438</load_address>
         <run_address>0x5438</run_address>
         <size>0x5a</size>
         <input_file_ref idref="fl-14"/>
      </object_component>
      <object_component id="oc-176">
         <name>.text:I2C_getInterruptStatus</name>
         <load_address>0x5492</load_address>
         <run_address>0x5492</run_address>
         <size>0x6</size>
         <input_file_ref idref="fl-27"/>
      </object_component>
      <object_component id="oc-5d1">
         <name>.text:_ZNK11RemoteChess11flat_vectorINS_4CellELj32EE4findERKS1_</name>
         <load_address>0x5498</load_address>
         <run_address>0x5498</run_address>
         <size>0x5a</size>
         <input_file_ref idref="fl-14"/>
      </object_component>
      <object_component id="oc-198">
         <name>.text:I2C_masterReceiveMultiByteNext</name>
         <load_address>0x54f2</load_address>
         <run_address>0x54f2</run_address>
         <size>0x6</size>
         <input_file_ref idref="fl-27"/>
      </object_component>
      <object_component id="oc-584">
         <name>.text:_ZNK11RemoteChess11flat_vectorINS_4CellELj64EE4findERKS1_</name>
         <load_address>0x54f8</load_address>
         <run_address>0x54f8</run_address>
         <size>0x5a</size>
         <input_file_ref idref="fl-14"/>
      </object_component>
      <object_component id="oc-9d7">
         <name>.text:HOSTread</name>
         <load_address>0x5554</load_address>
         <run_address>0x5554</run_address>
         <size>0x58</size>
         <input_file_ref idref="fl-11c"/>
      </object_component>
      <object_component id="oc-9dd">
         <name>.text:HOSTwrite</name>
         <load_address>0x55ac</load_address>
         <run_address>0x55ac</run_address>
         <size>0x58</size>
         <input_file_ref idref="fl-11f"/>
      </object_component>
      <object_component id="oc-64e">
         <name>.text:_pconv_f</name>
         <load_address>0x5604</load_address>
         <run_address>0x5604</run_address>
         <size>0x56</size>
         <input_file_ref idref="fl-e8"/>
      </object_component>
      <object_component id="oc-7ec">
         <name>.text:__TI_ltoa</name>
         <load_address>0x565a</load_address>
         <run_address>0x565a</run_address>
         <size>0x54</size>
         <input_file_ref idref="fl-fe"/>
      </object_component>
      <object_component id="oc-7fc">
         <name>.text:_ecpy</name>
         <load_address>0x56ae</load_address>
         <run_address>0x56ae</run_address>
         <size>0x52</size>
         <input_file_ref idref="fl-e8"/>
      </object_component>
      <object_component id="oc-55d">
         <name>.text</name>
         <load_address>0x5700</load_address>
         <run_address>0x5700</run_address>
         <size>0x50</size>
         <input_file_ref idref="fl-15"/>
      </object_component>
      <object_component id="oc-6bf">
         <name>.text:SysCtl_getTLVInfo</name>
         <load_address>0x5750</load_address>
         <run_address>0x5750</run_address>
         <size>0x50</size>
         <input_file_ref idref="fl-2c"/>
      </object_component>
      <object_component id="oc-130">
         <name>.text:GPIO_setAsPeripheralModuleFunctionOutputPin</name>
         <load_address>0x57a0</load_address>
         <run_address>0x57a0</run_address>
         <size>0x4c</size>
         <input_file_ref idref="fl-26"/>
      </object_component>
      <object_component id="oc-6b9">
         <name>.text:_CSGetDOCFrequency</name>
         <load_address>0x57ec</load_address>
         <run_address>0x57ec</run_address>
         <size>0x4c</size>
         <input_file_ref idref="fl-24"/>
      </object_component>
      <object_component id="oc-85a">
         <name>.text:__TI_doflush</name>
         <load_address>0x5838</load_address>
         <run_address>0x5838</run_address>
         <size>0x4c</size>
         <input_file_ref idref="fl-111"/>
      </object_component>
      <object_component id="oc-637">
         <name>.text:atoi</name>
         <load_address>0x5884</load_address>
         <run_address>0x5884</run_address>
         <size>0x4c</size>
         <input_file_ref idref="fl-ff"/>
      </object_component>
      <object_component id="oc-41d">
         <name>.text:_CSGetDividerValue</name>
         <load_address>0x58d0</load_address>
         <run_address>0x58d0</run_address>
         <size>0x48</size>
         <input_file_ref idref="fl-24"/>
      </object_component>
      <object_component id="oc-207">
         <name>.text:exit</name>
         <load_address>0x5918</load_address>
         <run_address>0x5918</run_address>
         <size>0x48</size>
         <input_file_ref idref="fl-fc"/>
      </object_component>
      <object_component id="oc-7e7">
         <name>.text</name>
         <load_address>0x5960</load_address>
         <run_address>0x5960</run_address>
         <size>0x48</size>
         <input_file_ref idref="fl-f2"/>
      </object_component>
      <object_component id="oc-9d1">
         <name>.text:HOSTclose</name>
         <load_address>0x59a8</load_address>
         <run_address>0x59a8</run_address>
         <size>0x44</size>
         <input_file_ref idref="fl-119"/>
      </object_component>
      <object_component id="oc-9e9">
         <name>.text:HOSTunlink</name>
         <load_address>0x59ec</load_address>
         <run_address>0x59ec</run_address>
         <size>0x44</size>
         <input_file_ref idref="fl-11e"/>
      </object_component>
      <object_component id="oc-a3f">
         <name>.text:getdevice</name>
         <load_address>0x5a30</load_address>
         <run_address>0x5a30</run_address>
         <size>0x44</size>
         <input_file_ref idref="fl-124"/>
      </object_component>
      <object_component id="oc-145">
         <name>.text:I2C_initMaster</name>
         <load_address>0x5a74</load_address>
         <run_address>0x5a74</run_address>
         <size>0x3e</size>
         <input_file_ref idref="fl-27"/>
      </object_component>
      <object_component id="oc-80f">
         <name>.text:_fcpy</name>
         <load_address>0x5ab2</load_address>
         <run_address>0x5ab2</run_address>
         <size>0x3e</size>
         <input_file_ref idref="fl-e8"/>
      </object_component>
      <object_component id="oc-71">
         <name>.text</name>
         <load_address>0x5af0</load_address>
         <run_address>0x5af0</run_address>
         <size>0x3c</size>
         <input_file_ref idref="fl-19"/>
      </object_component>
      <object_component id="oc-3e4">
         <name>.text:_outs</name>
         <load_address>0x5b2c</load_address>
         <run_address>0x5b2c</run_address>
         <size>0x4</size>
         <input_file_ref idref="fl-e7"/>
      </object_component>
      <object_component id="oc-5ca">
         <name>.text:_ZN11RemoteChess11flat_vectorINS_4CellELj64EE9push_backERKS1_</name>
         <load_address>0x5b30</load_address>
         <run_address>0x5b30</run_address>
         <size>0x3c</size>
         <input_file_ref idref="fl-14"/>
      </object_component>
      <object_component id="oc-ac">
         <name>.text:_system_pre_init</name>
         <load_address>0x5b6c</load_address>
         <run_address>0x5b6c</run_address>
         <size>0x4</size>
         <input_file_ref idref="fl-116"/>
      </object_component>
      <object_component id="oc-30d">
         <name>.text:_ZNK11RemoteChess8optionalINS_4CellEEeqERKS2_</name>
         <load_address>0x5b70</load_address>
         <run_address>0x5b70</run_address>
         <size>0x3c</size>
         <input_file_ref idref="fl-14"/>
      </object_component>
      <object_component id="oc-201">
         <name>.text:abort:abort</name>
         <load_address>0x5bac</load_address>
         <run_address>0x5bac</run_address>
         <size>0x4</size>
         <input_file_ref idref="fl-fc"/>
      </object_component>
      <object_component id="oc-31b">
         <name>.text:_ZN11RemoteChess8optionalINS_4CellEEaSERKS2_</name>
         <load_address>0x5bb0</load_address>
         <run_address>0x5bb0</run_address>
         <size>0x3a</size>
         <input_file_ref idref="fl-14"/>
      </object_component>
      <object_component id="oc-361">
         <name>.text:_ZN11RemoteChess8optionalINS_4MoveEEaSERKS2_</name>
         <load_address>0x5bf0</load_address>
         <run_address>0x5bf0</run_address>
         <size>0x3a</size>
         <input_file_ref idref="fl-14"/>
      </object_component>
      <object_component id="oc-15e">
         <name>.text:I2C_masterSendMultiByteStart</name>
         <load_address>0x5c2c</load_address>
         <run_address>0x5c2c</run_address>
         <size>0x38</size>
         <input_file_ref idref="fl-27"/>
      </object_component>
      <object_component id="oc-a1c">
         <name>.text:__TI_writemsg</name>
         <load_address>0x5c64</load_address>
         <run_address>0x5c64</run_address>
         <size>0x38</size>
         <input_file_ref idref="fl-120"/>
      </object_component>
      <object_component id="oc-3b3">
         <name>.text:_ZN11RemoteChess11flat_vectorINS_4CellELj32EE9push_backERKS1_</name>
         <load_address>0x5ca0</load_address>
         <run_address>0x5ca0</run_address>
         <size>0x36</size>
         <input_file_ref idref="fl-14"/>
      </object_component>
      <object_component id="oc-a5f">
         <name>.text:strncpy</name>
         <load_address>0x5cd6</load_address>
         <run_address>0x5cd6</run_address>
         <size>0x36</size>
         <input_file_ref idref="fl-126"/>
      </object_component>
      <object_component id="oc-973">
         <name>.text:__TI_cleanup</name>
         <load_address>0x5d0c</load_address>
         <run_address>0x5d0c</run_address>
         <size>0x34</size>
         <input_file_ref idref="fl-112"/>
      </object_component>
      <object_component id="oc-a22">
         <name>.text:__TI_readmsg</name>
         <load_address>0x5d40</load_address>
         <run_address>0x5d40</run_address>
         <size>0x34</size>
         <input_file_ref idref="fl-120"/>
      </object_component>
      <object_component id="oc-59">
         <name>.text:_c_int00_noargs:_c_int00_noargs</name>
         <load_address>0x5d74</load_address>
         <run_address>0x5d74</run_address>
         <size>0x34</size>
         <input_file_ref idref="fl-10a"/>
      </object_component>
      <object_component id="oc-192">
         <name>.text:I2C_masterSendMultiByteStop</name>
         <load_address>0x5da8</load_address>
         <run_address>0x5da8</run_address>
         <size>0x30</size>
         <input_file_ref idref="fl-27"/>
      </object_component>
      <object_component id="oc-a65">
         <name>.text:finddevice</name>
         <load_address>0x5dd8</load_address>
         <run_address>0x5dd8</run_address>
         <size>0x30</size>
         <input_file_ref idref="fl-124"/>
      </object_component>
      <object_component id="oc-7f2">
         <name>.text</name>
         <load_address>0x5e08</load_address>
         <run_address>0x5e08</run_address>
         <size>0x2e</size>
         <input_file_ref idref="fl-f3"/>
      </object_component>
      <object_component id="oc-8ac">
         <name>.text:PCM_getCoreVoltageLevel</name>
         <load_address>0x5e36</load_address>
         <run_address>0x5e36</run_address>
         <size>0x2c</size>
         <input_file_ref idref="fl-29"/>
      </object_component>
      <object_component id="oc-76a">
         <name>.text:_ZN11RemoteChess11flat_vectorINS_4CellELj64EEC1Ev</name>
         <load_address>0x5e68</load_address>
         <run_address>0x5e68</run_address>
         <size>0x2c</size>
         <input_file_ref idref="fl-14"/>
      </object_component>
      <object_component id="oc-a11">
         <name>.text:unlink</name>
         <load_address>0x5e94</load_address>
         <run_address>0x5e94</run_address>
         <size>0x2c</size>
         <input_file_ref idref="fl-129"/>
      </object_component>
      <object_component id="oc-8a6">
         <name>.text:PCM_getPowerMode</name>
         <load_address>0x5ec0</load_address>
         <run_address>0x5ec0</run_address>
         <size>0x2a</size>
         <input_file_ref idref="fl-29"/>
      </object_component>
      <object_component id="oc-3ac">
         <name>.text:_ZN11RemoteChess11flat_vectorINS_4CellELj32EEC1Ev</name>
         <load_address>0x5ef0</load_address>
         <run_address>0x5ef0</run_address>
         <size>0x2a</size>
         <input_file_ref idref="fl-14"/>
      </object_component>
      <object_component id="oc-61e">
         <name>.text:FlashCtl_setWaitState</name>
         <load_address>0x5f1c</load_address>
         <run_address>0x5f1c</run_address>
         <size>0x28</size>
         <input_file_ref idref="fl-25"/>
      </object_component>
      <object_component id="oc-322">
         <name>.text:_ZN11RemoteChess18flat_unordered_setINS_4CellELj64EE6insertERKS1_</name>
         <load_address>0x5f48</load_address>
         <run_address>0x5f48</run_address>
         <size>0x28</size>
         <input_file_ref idref="fl-14"/>
      </object_component>
      <object_component id="oc-345">
         <name>.text:_ZNK11RemoteChess11flat_vectorINS_4CellELj32EE8containsERKS1_</name>
         <load_address>0x5f70</load_address>
         <run_address>0x5f70</run_address>
         <size>0x28</size>
         <input_file_ref idref="fl-14"/>
      </object_component>
      <object_component id="oc-2f8">
         <name>.text:_ZNK11RemoteChess11flat_vectorINS_4CellELj64EE8containsERKS1_</name>
         <load_address>0x5f98</load_address>
         <run_address>0x5f98</run_address>
         <size>0x28</size>
         <input_file_ref idref="fl-14"/>
      </object_component>
      <object_component id="oc-337">
         <name>.text:_ZNK11RemoteChess4CelleqERKS0_</name>
         <load_address>0x5fc0</load_address>
         <run_address>0x5fc0</run_address>
         <size>0x28</size>
         <input_file_ref idref="fl-14"/>
      </object_component>
      <object_component id="oc-9b1">
         <name>.text:free_list_insert</name>
         <load_address>0x5fe8</load_address>
         <run_address>0x5fe8</run_address>
         <size>0x28</size>
         <input_file_ref idref="fl-104"/>
      </object_component>
      <object_component id="oc-95f">
         <name>.text:lseek</name>
         <load_address>0x6010</load_address>
         <run_address>0x6010</run_address>
         <size>0x28</size>
         <input_file_ref idref="fl-122"/>
      </object_component>
      <object_component id="oc-860">
         <name>.text:write</name>
         <load_address>0x6038</load_address>
         <run_address>0x6038</run_address>
         <size>0x28</size>
         <input_file_ref idref="fl-108"/>
      </object_component>
      <object_component id="oc-7a4">
         <name>.text:_ZN11RemoteChess11flat_vectorINS_4CellELj32EE14const_iteratorppEi</name>
         <load_address>0x6060</load_address>
         <run_address>0x6060</run_address>
         <size>0x26</size>
         <input_file_ref idref="fl-14"/>
      </object_component>
      <object_component id="oc-781">
         <name>.text:_ZN11RemoteChess11flat_vectorINS_4CellELj64EE14const_iteratorppEi</name>
         <load_address>0x6088</load_address>
         <run_address>0x6088</run_address>
         <size>0x26</size>
         <input_file_ref idref="fl-14"/>
      </object_component>
      <object_component id="oc-5a7">
         <name>.text:_ZN11RemoteChess11flat_vectorINS_4CellELj64EE4swapERS1_S3_</name>
         <load_address>0x60b0</load_address>
         <run_address>0x60b0</run_address>
         <size>0x26</size>
         <input_file_ref idref="fl-14"/>
      </object_component>
      <object_component id="oc-5ae">
         <name>.text:_ZN11RemoteChess11flat_vectorINS_4CellELj64EE8iteratorppEi</name>
         <load_address>0x60d8</load_address>
         <run_address>0x60d8</run_address>
         <size>0x26</size>
         <input_file_ref idref="fl-14"/>
      </object_component>
      <object_component id="oc-429">
         <name>.text:CS_clearInterruptFlag</name>
         <load_address>0x6100</load_address>
         <run_address>0x6100</run_address>
         <size>0x24</size>
         <input_file_ref idref="fl-24"/>
      </object_component>
      <object_component id="oc-19f">
         <name>.text:I2C_masterSendMultiByteNext</name>
         <load_address>0x6124</load_address>
         <run_address>0x6124</run_address>
         <size>0x24</size>
         <input_file_ref idref="fl-27"/>
      </object_component>
      <object_component id="oc-1b7">
         <name>.text:_ZN11RemoteChess4CellC1Ehh</name>
         <load_address>0x6148</load_address>
         <run_address>0x6148</run_address>
         <size>0x24</size>
         <input_file_ref idref="fl-14"/>
      </object_component>
      <object_component id="oc-52d">
         <name>.text:_ZNK11RemoteChess11flat_vectorINS_4CellELj32EE14const_iteratorneERKS3_</name>
         <load_address>0x6170</load_address>
         <run_address>0x6170</run_address>
         <size>0x24</size>
         <input_file_ref idref="fl-14"/>
      </object_component>
      <object_component id="oc-592">
         <name>.text:_ZNK11RemoteChess11flat_vectorINS_4CellELj64EE14const_iteratorneERKS3_</name>
         <load_address>0x6198</load_address>
         <run_address>0x6198</run_address>
         <size>0x24</size>
         <input_file_ref idref="fl-14"/>
      </object_component>
      <object_component id="oc-3a5">
         <name>.text:_ZNK11RemoteChess11flat_vectorINS_4CellELj64EE8iteratorneERKS3_</name>
         <load_address>0x61c0</load_address>
         <run_address>0x61c0</run_address>
         <size>0x24</size>
         <input_file_ref idref="fl-14"/>
      </object_component>
      <object_component id="oc-716">
         <name>.text:_ZNSt3__25arrayIN11RemoteChess3RGBELj8EEC1Ev</name>
         <load_address>0x61e8</load_address>
         <run_address>0x61e8</run_address>
         <size>0x24</size>
         <input_file_ref idref="fl-1d"/>
      </object_component>
      <object_component id="oc-4fc">
         <name>.text:_ZNSt3__25arrayINS0_IN11RemoteChess3RGBELj8EEELj8EEC1Ev</name>
         <load_address>0x6210</load_address>
         <run_address>0x6210</run_address>
         <size>0x24</size>
         <input_file_ref idref="fl-1d"/>
      </object_component>
      <object_component id="oc-603">
         <name>.text:__cxa_vec_ctor</name>
         <load_address>0x6234</load_address>
         <run_address>0x6234</run_address>
         <size>0x24</size>
         <input_file_ref idref="fl-e6"/>
      </object_component>
      <object_component id="oc-5a0">
         <name>.text:_ZN11RemoteChess11flat_vectorINS_4CellELj64EE3endEv</name>
         <load_address>0x6258</load_address>
         <run_address>0x6258</run_address>
         <size>0x22</size>
         <input_file_ref idref="fl-14"/>
      </object_component>
      <object_component id="oc-38d">
         <name>.text:_ZN11RemoteChess18flat_unordered_setINS_4CellELj64EE3endEv</name>
         <load_address>0x6280</load_address>
         <run_address>0x6280</run_address>
         <size>0x22</size>
         <input_file_ref idref="fl-14"/>
      </object_component>
      <object_component id="oc-2f1">
         <name>.text:_ZN11RemoteChess8optionalINS_4CellEEaSEDn</name>
         <load_address>0x62a8</load_address>
         <run_address>0x62a8</run_address>
         <size>0x22</size>
         <input_file_ref idref="fl-14"/>
      </object_component>
      <object_component id="oc-368">
         <name>.text:_ZN11RemoteChess8optionalINS_4MoveEEaSEDn</name>
         <load_address>0x62d0</load_address>
         <run_address>0x62d0</run_address>
         <size>0x22</size>
         <input_file_ref idref="fl-14"/>
      </object_component>
      <object_component id="oc-58b">
         <name>.text:_ZNK11RemoteChess11flat_vectorINS_4CellELj64EE4cendEv</name>
         <load_address>0x62f8</load_address>
         <run_address>0x62f8</run_address>
         <size>0x22</size>
         <input_file_ref idref="fl-14"/>
      </object_component>
      <object_component id="oc-935">
         <name>.text:_Znwj</name>
         <load_address>0x631a</load_address>
         <run_address>0x631a</run_address>
         <size>0x22</size>
         <input_file_ref idref="fl-10e"/>
      </object_component>
      <object_component id="oc-cf">
         <name>.text</name>
         <load_address>0x633c</load_address>
         <run_address>0x633c</run_address>
         <size>0x20</size>
         <input_file_ref idref="fl-17"/>
      </object_component>
      <object_component id="oc-1c7">
         <name>.text:_ZN11RemoteChess4MoveC1ERKNS_4CellES3_</name>
         <load_address>0x6360</load_address>
         <run_address>0x6360</run_address>
         <size>0x20</size>
         <input_file_ref idref="fl-14"/>
      </object_component>
      <object_component id="oc-518">
         <name>.text:_ZNK11RemoteChess11flat_vectorINS_4CellELj32EE3endEv</name>
         <load_address>0x6380</load_address>
         <run_address>0x6380</run_address>
         <size>0x20</size>
         <input_file_ref idref="fl-1d"/>
      </object_component>
      <object_component id="oc-5d8">
         <name>.text:_ZNK11RemoteChess11flat_vectorINS_4CellELj32EE4cendEv</name>
         <load_address>0x63a0</load_address>
         <run_address>0x63a0</run_address>
         <size>0x20</size>
         <input_file_ref idref="fl-14"/>
      </object_component>
      <object_component id="oc-57d">
         <name>.text:_ZNK11RemoteChess8optionalINS_4CellEEeqERKS1_</name>
         <load_address>0x63c0</load_address>
         <run_address>0x63c0</run_address>
         <size>0x20</size>
         <input_file_ref idref="fl-14"/>
      </object_component>
      <object_component id="oc-854">
         <name>.text:memchr</name>
         <load_address>0x63e0</load_address>
         <run_address>0x63e0</run_address>
         <size>0x20</size>
         <input_file_ref idref="fl-103"/>
      </object_component>
      <object_component id="oc-796">
         <name>.text:_ZN11RemoteChess11flat_vectorINS_4CellELj64EE5beginEv</name>
         <load_address>0x6400</load_address>
         <run_address>0x6400</run_address>
         <size>0x1e</size>
         <input_file_ref idref="fl-14"/>
      </object_component>
      <object_component id="oc-386">
         <name>.text:_ZN11RemoteChess18flat_unordered_setINS_4CellELj64EE5beginEv</name>
         <load_address>0x6420</load_address>
         <run_address>0x6420</run_address>
         <size>0x1e</size>
         <input_file_ref idref="fl-14"/>
      </object_component>
      <object_component id="oc-879">
         <name>.text:_ZN11RemoteChess3RGBC1Ev</name>
         <load_address>0x6440</load_address>
         <run_address>0x6440</run_address>
         <size>0x1e</size>
         <input_file_ref idref="fl-1d"/>
      </object_component>
      <object_component id="oc-511">
         <name>.text:_ZNK11RemoteChess11flat_vectorINS_4CellELj32EE5beginEv</name>
         <load_address>0x6460</load_address>
         <run_address>0x6460</run_address>
         <size>0x1e</size>
         <input_file_ref idref="fl-1d"/>
      </object_component>
      <object_component id="oc-79d">
         <name>.text:_ZNK11RemoteChess11flat_vectorINS_4CellELj32EE6cbeginEv</name>
         <load_address>0x6480</load_address>
         <run_address>0x6480</run_address>
         <size>0x1e</size>
         <input_file_ref idref="fl-14"/>
      </object_component>
      <object_component id="oc-773">
         <name>.text:_ZNK11RemoteChess11flat_vectorINS_4CellELj64EE6cbeginEv</name>
         <load_address>0x64a0</load_address>
         <run_address>0x64a0</run_address>
         <size>0x1e</size>
         <input_file_ref idref="fl-14"/>
      </object_component>
      <object_component id="oc-722">
         <name>.text:_ZN11RemoteChess11flat_vectorINS_4CellELj32EE14const_iteratorC1ERKS2_j</name>
         <load_address>0x64c0</load_address>
         <run_address>0x64c0</run_address>
         <size>0x1c</size>
         <input_file_ref idref="fl-14"/>
      </object_component>
      <object_component id="oc-788">
         <name>.text:_ZN11RemoteChess11flat_vectorINS_4CellELj64EE14const_iteratorC1ERKS2_j</name>
         <load_address>0x64e0</load_address>
         <run_address>0x64e0</run_address>
         <size>0x1c</size>
         <input_file_ref idref="fl-14"/>
      </object_component>
      <object_component id="oc-5e5">
         <name>.text:_ZN11RemoteChess11flat_vectorINS_4CellELj64EE8iteratorC1ERS2_j</name>
         <load_address>0x6500</load_address>
         <run_address>0x6500</run_address>
         <size>0x1c</size>
         <input_file_ref idref="fl-14"/>
      </object_component>
      <object_component id="oc-314">
         <name>.text:_ZN11RemoteChess8optionalINS_4CellEEC1ERKS1_</name>
         <load_address>0x6520</load_address>
         <run_address>0x6520</run_address>
         <size>0x1c</size>
         <input_file_ref idref="fl-14"/>
      </object_component>
      <object_component id="oc-2d6">
         <name>.text:_ZN11RemoteChess8optionalINS_4MoveEEC1ERKS1_</name>
         <load_address>0x6540</load_address>
         <run_address>0x6540</run_address>
         <size>0x1c</size>
         <input_file_ref idref="fl-14"/>
      </object_component>
      <object_component id="oc-730">
         <name>.text:_ZNK11RemoteChess11flat_vectorINS_4CellELj32EE14const_iteratoreqERKS3_</name>
         <load_address>0x6560</load_address>
         <run_address>0x6560</run_address>
         <size>0x1c</size>
         <input_file_ref idref="fl-14"/>
      </object_component>
      <object_component id="oc-78f">
         <name>.text:_ZNK11RemoteChess11flat_vectorINS_4CellELj64EE14const_iteratoreqERKS3_</name>
         <load_address>0x6580</load_address>
         <run_address>0x6580</run_address>
         <size>0x1c</size>
         <input_file_ref idref="fl-14"/>
      </object_component>
      <object_component id="oc-5f5">
         <name>.text:_ZNK11RemoteChess11flat_vectorINS_4CellELj64EE8iteratoreqERKS3_</name>
         <load_address>0x65a0</load_address>
         <run_address>0x65a0</run_address>
         <size>0x1c</size>
         <input_file_ref idref="fl-14"/>
      </object_component>
      <object_component id="oc-9ab">
         <name>.text:free_list_remove</name>
         <load_address>0x65bc</load_address>
         <run_address>0x65bc</run_address>
         <size>0x1c</size>
         <input_file_ref idref="fl-104"/>
      </object_component>
      <object_component id="oc-660">
         <name>.text:memccpy</name>
         <load_address>0x65d8</load_address>
         <run_address>0x65d8</run_address>
         <size>0x1c</size>
         <input_file_ref idref="fl-102"/>
      </object_component>
      <object_component id="oc-5c3">
         <name>.text:_ZNK11RemoteChess11flat_vectorINS_4CellELj64EE7is_fullEv</name>
         <load_address>0x65f8</load_address>
         <run_address>0x65f8</run_address>
         <size>0x1a</size>
         <input_file_ref idref="fl-14"/>
      </object_component>
      <object_component id="oc-8fb">
         <name>.text:copysign</name>
         <load_address>0x6612</load_address>
         <run_address>0x6612</run_address>
         <size>0x1a</size>
         <input_file_ref idref="fl-110"/>
      </object_component>
      <object_component id="oc-e9">
         <name>.text:CS_getMCLK</name>
         <load_address>0x662c</load_address>
         <run_address>0x662c</run_address>
         <size>0x18</size>
         <input_file_ref idref="fl-24"/>
      </object_component>
      <object_component id="oc-127">
         <name>.text:CS_getSMCLK</name>
         <load_address>0x6644</load_address>
         <run_address>0x6644</run_address>
         <size>0x18</size>
         <input_file_ref idref="fl-24"/>
      </object_component>
      <object_component id="oc-3c5">
         <name>.text:WDT_A_clearTimer</name>
         <load_address>0x665c</load_address>
         <run_address>0x665c</run_address>
         <size>0x18</size>
         <input_file_ref idref="fl-2f"/>
      </object_component>
      <object_component id="oc-3cb">
         <name>.text:WDT_A_holdTimer</name>
         <load_address>0x6674</load_address>
         <run_address>0x6674</run_address>
         <size>0x18</size>
         <input_file_ref idref="fl-2f"/>
      </object_component>
      <object_component id="oc-2c8">
         <name>.text:_ZN11RemoteChess8optionalINS_4CellEEC1Ev</name>
         <load_address>0x6690</load_address>
         <run_address>0x6690</run_address>
         <size>0x18</size>
         <input_file_ref idref="fl-14"/>
      </object_component>
      <object_component id="oc-2dd">
         <name>.text:_ZN11RemoteChess8optionalINS_4MoveEEC1Ev</name>
         <load_address>0x66a8</load_address>
         <run_address>0x66a8</run_address>
         <size>0x18</size>
         <input_file_ref idref="fl-14"/>
      </object_component>
      <object_component id="oc-54f">
         <name>.text:_ZNKSt3__25arrayINS0_IN11RemoteChess3RGBELj8EEELj8EEixEj</name>
         <load_address>0x66c0</load_address>
         <run_address>0x66c0</run_address>
         <size>0x18</size>
         <input_file_ref idref="fl-1d"/>
      </object_component>
      <object_component id="oc-503">
         <name>.text:_ZNSt3__25arrayINS0_IN11RemoteChess3RGBELj8EEELj8EEixEj</name>
         <load_address>0x66d8</load_address>
         <run_address>0x66d8</run_address>
         <size>0x18</size>
         <input_file_ref idref="fl-1d"/>
      </object_component>
      <object_component id="oc-a7a">
         <name>.text:strcmp</name>
         <load_address>0x66f0</load_address>
         <run_address>0x66f0</run_address>
         <size>0x18</size>
         <input_file_ref idref="fl-125"/>
      </object_component>
      <object_component id="oc-306">
         <name>.text:_ZN11RemoteChess8optionalINS_4CellEEC1EDn</name>
         <load_address>0x6708</load_address>
         <run_address>0x6708</run_address>
         <size>0x16</size>
         <input_file_ref idref="fl-14"/>
      </object_component>
      <object_component id="oc-2ea">
         <name>.text:_ZN11RemoteChesseqERKNS_4CellERKNS_8optionalIS0_EE</name>
         <load_address>0x6720</load_address>
         <run_address>0x6720</run_address>
         <size>0x16</size>
         <input_file_ref idref="fl-14"/>
      </object_component>
      <object_component id="oc-34c">
         <name>.text:_ZNK11RemoteChess11flat_vectorINS_4CellELj64EE8is_emptyEv</name>
         <load_address>0x6738</load_address>
         <run_address>0x6738</run_address>
         <size>0x16</size>
         <input_file_ref idref="fl-14"/>
      </object_component>
      <object_component id="oc-556">
         <name>.text:_ZNKSt3__25arrayIN11RemoteChess3RGBELj8EEixEj</name>
         <load_address>0x6750</load_address>
         <run_address>0x6750</run_address>
         <size>0x16</size>
         <input_file_ref idref="fl-1d"/>
      </object_component>
      <object_component id="oc-50a">
         <name>.text:_ZNSt3__25arrayIN11RemoteChess3RGBELj8EEixEj</name>
         <load_address>0x6768</load_address>
         <run_address>0x6768</run_address>
         <size>0x16</size>
         <input_file_ref idref="fl-1d"/>
      </object_component>
      <object_component id="oc-823">
         <name>.text:strchr</name>
         <load_address>0x677e</load_address>
         <run_address>0x677e</run_address>
         <size>0x16</size>
         <input_file_ref idref="fl-105"/>
      </object_component>
      <object_component id="oc-618">
         <name>.text:CS_setExternalClockSourceFrequency</name>
         <load_address>0x6794</load_address>
         <run_address>0x6794</run_address>
         <size>0x14</size>
         <input_file_ref idref="fl-24"/>
      </object_component>
      <object_component id="oc-136">
         <name>.text:I2C_isBusBusy</name>
         <load_address>0x67a8</load_address>
         <run_address>0x67a8</run_address>
         <size>0x14</size>
         <input_file_ref idref="fl-27"/>
      </object_component>
      <object_component id="oc-e0">
         <name>.text:SysTick_enableInterrupt</name>
         <load_address>0x67bc</load_address>
         <run_address>0x67bc</run_address>
         <size>0x14</size>
         <input_file_ref idref="fl-2d"/>
      </object_component>
      <object_component id="oc-526">
         <name>.text:_ZN11RemoteChess11flat_vectorINS_4CellELj32EE14const_iteratorppEv</name>
         <load_address>0x67d0</load_address>
         <run_address>0x67d0</run_address>
         <size>0x14</size>
         <input_file_ref idref="fl-14"/>
      </object_component>
      <object_component id="oc-887">
         <name>.text:_ZN11RemoteChess11flat_vectorINS_4CellELj64EE14const_iteratorppEv</name>
         <load_address>0x67e8</load_address>
         <run_address>0x67e8</run_address>
         <size>0x14</size>
         <input_file_ref idref="fl-14"/>
      </object_component>
      <object_component id="oc-5b5">
         <name>.text:_ZN11RemoteChess11flat_vectorINS_4CellELj64EE8iteratormmEv</name>
         <load_address>0x6800</load_address>
         <run_address>0x6800</run_address>
         <size>0x14</size>
         <input_file_ref idref="fl-14"/>
      </object_component>
      <object_component id="oc-39e">
         <name>.text:_ZN11RemoteChess11flat_vectorINS_4CellELj64EE8iteratorppEv</name>
         <load_address>0x6818</load_address>
         <run_address>0x6818</run_address>
         <size>0x14</size>
         <input_file_ref idref="fl-14"/>
      </object_component>
      <object_component id="oc-5ec">
         <name>.text:_ZN11RemoteChess11flat_vectorINS_4CellELj64EEixEj</name>
         <load_address>0x6830</load_address>
         <run_address>0x6830</run_address>
         <size>0x14</size>
         <input_file_ref idref="fl-14"/>
      </object_component>
      <object_component id="oc-2bb">
         <name>.text:_ZN11RemoteChess5Board3FSMC1ENS0_10BoardStateE</name>
         <load_address>0x6848</load_address>
         <run_address>0x6848</run_address>
         <size>0x14</size>
         <input_file_ref idref="fl-14"/>
      </object_component>
      <object_component id="oc-729">
         <name>.text:_ZNK11RemoteChess11flat_vectorINS_4CellELj32EEixEj</name>
         <load_address>0x6860</load_address>
         <run_address>0x6860</run_address>
         <size>0x14</size>
         <input_file_ref idref="fl-14"/>
      </object_component>
      <object_component id="oc-880">
         <name>.text:_ZNK11RemoteChess11flat_vectorINS_4CellELj64EEixEj</name>
         <load_address>0x6878</load_address>
         <run_address>0x6878</run_address>
         <size>0x14</size>
         <input_file_ref idref="fl-14"/>
      </object_component>
      <object_component id="oc-fb">
         <name>.text:strcpy</name>
         <load_address>0x688c</load_address>
         <run_address>0x688c</run_address>
         <size>0x14</size>
         <input_file_ref idref="fl-106"/>
      </object_component>
      <object_component id="oc-631">
         <name>.text:strlen</name>
         <load_address>0x68a0</load_address>
         <run_address>0x68a0</run_address>
         <size>0x14</size>
         <input_file_ref idref="fl-107"/>
      </object_component>
      <object_component id="oc-51f">
         <name>.text:_ZN11RemoteChess11flat_vectorINS_4CellELj32EE14const_iteratordeEv</name>
         <load_address>0x68b8</load_address>
         <run_address>0x68b8</run_address>
         <size>0x12</size>
         <input_file_ref idref="fl-14"/>
      </object_component>
      <object_component id="oc-77a">
         <name>.text:_ZN11RemoteChess11flat_vectorINS_4CellELj64EE14const_iteratordeEv</name>
         <load_address>0x68d0</load_address>
         <run_address>0x68d0</run_address>
         <size>0x12</size>
         <input_file_ref idref="fl-14"/>
      </object_component>
      <object_component id="oc-5fc">
         <name>.text:_ZN11RemoteChess4CellC1Ev</name>
         <load_address>0x68e8</load_address>
         <run_address>0x68e8</run_address>
         <size>0x12</size>
         <input_file_ref idref="fl-14"/>
      </object_component>
[...]
      </symbol>
      <symbol id="sm-d33">
         <name>__aeabi_memcpy</name>
         <value>0x48dd</value>
         <object_component_ref idref="oc-3b"/>
      </symbol>
      <symbol id="sm-d34">
         <name>__aeabi_memcpy8</name>
         <value>0x48dd</value>
         <object_component_ref idref="oc-3b"/>
      </symbol>
      <symbol id="sm-d35">
         <name>__aeabi_memcpy4</name>
         <value>0x48dd</value>
         <object_component_ref idref="oc-3b"/>
      </symbol>
      <symbol id="sm-d43">
         <name>__aeabi_uldivmod</name>
         <value>0x4a11</value>
         <object_component_ref idref="oc-7d1"/>
      </symbol>
      <symbol id="sm-d52">
         <name>__aeabi_memset</name>
         <value>0x4cd3</value>
         <object_component_ref idref="oc-a6"/>
      </symbol>
      <symbol id="sm-d53">
         <name>memset</name>
         <value>0x4cd9</value>
         <object_component_ref idref="oc-a6"/>
      </symbol>
      <symbol id="sm-d54">
         <name>__aeabi_memset8</name>
         <value>0x4cd3</value>
         <object_component_ref idref="oc-a6"/>
      </symbol>
      <symbol id="sm-d55">
         <name>__aeabi_memset4</name>
         <value>0x4cd3</value>
         <object_component_ref idref="oc-a6"/>
      </symbol>
      <symbol id="sm-d56">
         <name>__aeabi_memclr8</name>
         <value>0x4cd1</value>
         <object_component_ref idref="oc-a6"/>
      </symbol>
      <symbol id="sm-d57">
         <name>__aeabi_memclr4</name>
         <value>0x4cd1</value>
         <object_component_ref idref="oc-a6"/>
      </symbol>
      <symbol id="sm-d58">
         <name>__aeabi_memclr</name>
         <value>0x4cd1</value>
         <object_component_ref idref="oc-a6"/>
      </symbol>
      <symbol id="sm-d6a">
         <name>__TI_zero_init</name>
         <value>0x6aa1</value>
         <object_component_ref idref="oc-4d"/>
      </symbol>
      <symbol id="sm-d81">
         <name>__TI_decompress_none</name>
         <value>0x6a17</value>
         <object_component_ref idref="oc-1d"/>
      </symbol>
      <symbol id="sm-da4">
         <name>__TI_decompress_lzss</name>
         <value>0x5059</value>
         <object_component_ref idref="oc-17"/>
      </symbol>
      <symbol id="sm-dca">
         <name>C$$EXIT</name>
         <value>0x5bad</value>
         <object_component_ref idref="oc-201"/>
      </symbol>
      <symbol id="sm-dcb">
         <name>abort</name>
         <value>0x5bad</value>
         <object_component_ref idref="oc-201"/>
      </symbol>
      <symbol id="sm-dcc">
         <name>__TI_dtors_ptr</name>
         <value>0x2000c5f8</value>
         <object_component_ref idref="oc-3fd"/>
      </symbol>
      <symbol id="sm-dcd">
         <name>__TI_cleanup_ptr</name>
         <value>0x2000c5f4</value>
         <object_component_ref idref="oc-3fd"/>
      </symbol>
      <symbol id="sm-dce">
         <name>__TI_enable_exit_profile_output</name>
         <value>0x2000c5fc</value>
         <object_component_ref idref="oc-3fd"/>
      </symbol>
      <symbol id="sm-dcf">
         <name>exit</name>
         <value>0x5919</value>
         <object_component_ref idref="oc-207"/>
      </symbol>
      <symbol id="sm-de4">
         <name>_nop</name>
         <value>0x3abf</value>
         <object_component_ref idref="oc-67e"/>
      </symbol>
      <symbol id="sm-de5">
         <name>_lock</name>
         <value>0x2000c600</value>
         <object_component_ref idref="oc-3de"/>
      </symbol>
      <symbol id="sm-de6">
         <name>_unlock</name>
         <value>0x2000c604</value>
         <object_component_ref idref="oc-3de"/>
      </symbol>
      <symbol id="sm-df5">
         <name>__TI_ltoa</name>
         <value>0x565b</value>
         <object_component_ref idref="oc-7ec"/>
      </symbol>
      <symbol id="sm-e0b">
         <name>atoi</name>
         <value>0x5885</value>
         <object_component_ref idref="oc-637"/>
      </symbol>
      <symbol id="sm-e16">
         <name>_ctypes_</name>
         <value>0x6ad4</value>
         <object_component_ref idref="oc-7cc"/>
      </symbol>
      <symbol id="sm-e2b">
         <name>__TI_tmpnams</name>
         <value>0x2000bef8</value>
      </symbol>
      <symbol id="sm-e2c">
         <name>__aeabi_stdout</name>
         <value>0x2000c5dc</value>
         <object_component_ref idref="oc-9c5"/>
      </symbol>
      <symbol id="sm-e2d">
         <name>__aeabi_stderr</name>
         <value>0x2000c5e0</value>
         <object_component_ref idref="oc-9c5"/>
      </symbol>
      <symbol id="sm-e2e">
         <name>__aeabi_stdin</name>
         <value>0x2000c5d8</value>
         <object_component_ref idref="oc-9c5"/>
      </symbol>
      <symbol id="sm-e2f">
         <name>_ftable</name>
         <value>0x2000c3d8</value>
         <object_component_ref idref="oc-3e1"/>
      </symbol>
      <symbol id="sm-e30">
         <name>__TI_ft_end</name>
         <value>0x2000c5d4</value>
         <object_component_ref idref="oc-9c5"/>
      </symbol>
      <symbol id="sm-e40">
         <name>memccpy</name>
         <value>0x65d9</value>
         <object_component_ref idref="oc-660"/>
      </symbol>
      <symbol id="sm-e50">
         <name>memchr</name>
         <value>0x63e1</value>
         <object_component_ref idref="oc-854"/>
      </symbol>
      <symbol id="sm-ed9">
         <name>_sys_memory</name>
         <value>0x2000bfd8</value>
         <object_component_ref idref="oc-2a"/>
      </symbol>
      <symbol id="sm-eda">
         <name>free</name>
         <value>0x4209</value>
         <object_component_ref idref="oc-967"/>
      </symbol>
      <symbol id="sm-edb">
         <name>memalign</name>
         <value>0x3f0d</value>
         <object_component_ref idref="oc-9b8"/>
      </symbol>
      <symbol id="sm-edc">
         <name>malloc</name>
         <value>0x6acd</value>
         <object_component_ref idref="oc-96d"/>
      </symbol>
      <symbol id="sm-edd">
         <name>aligned_alloc</name>
         <value>0x3f0d</value>
         <object_component_ref idref="oc-9b8"/>
      </symbol>
      <symbol id="sm-eed">
         <name>strchr</name>
         <value>0x677f</value>
         <object_component_ref idref="oc-823"/>
      </symbol>
      <symbol id="sm-efb">
         <name>strcpy</name>
         <value>0x688d</value>
         <object_component_ref idref="oc-fb"/>
      </symbol>
      <symbol id="sm-f09">
         <name>strlen</name>
         <value>0x68a1</value>
         <object_component_ref idref="oc-631"/>
      </symbol>
      <symbol id="sm-f23">
         <name>write</name>
         <value>0x6039</value>
         <object_component_ref idref="oc-860"/>
      </symbol>
      <symbol id="sm-f34">
         <name>_stream</name>
         <value>0x2000c540</value>
         <object_component_ref idref="oc-929"/>
      </symbol>
      <symbol id="sm-f35">
         <name>_device</name>
         <value>0x2000c4c8</value>
         <object_component_ref idref="oc-986"/>
      </symbol>
      <symbol id="sm-f48">
         <name>__stack</name>
         <value>0x2000fe00</value>
         <object_component_ref idref="oc-2d"/>
      </symbol>
      <symbol id="sm-f49">
         <name>_c_int00_noargs</name>
         <value>0x5d75</value>
         <object_component_ref idref="oc-59"/>
      </symbol>
      <symbol id="sm-f5f">
         <name>__aeabi_errno_addr</name>
         <value>0x6ac5</value>
         <object_component_ref idref="oc-66c"/>
      </symbol>
      <symbol id="sm-f60">
         <name>errno</name>
         <value>0x2000c628</value>
         <object_component_ref idref="oc-833"/>
      </symbol>
      <symbol id="sm-f80">
         <name>frexpl</name>
         <value>0x51f1</value>
         <object_component_ref idref="oc-817"/>
      </symbol>
      <symbol id="sm-f81">
         <name>frexp</name>
         <value>0x51f1</value>
         <object_component_ref idref="oc-817"/>
      </symbol>
      <symbol id="sm-f9e">
         <name>scalbn</name>
         <value>0x3cf9</value>
         <object_component_ref idref="oc-81d"/>
      </symbol>
      <symbol id="sm-f9f">
         <name>scalbnl</name>
         <value>0x3cf9</value>
         <object_component_ref idref="oc-81d"/>
      </symbol>
      <symbol id="sm-fa0">
         <name>ldexpl</name>
         <value>0x3cf9</value>
         <object_component_ref idref="oc-81d"/>
      </symbol>
      <symbol id="sm-fa1">
         <name>ldexp</name>
         <value>0x3cf9</value>
         <object_component_ref idref="oc-81d"/>
      </symbol>
      <symbol id="sm-fcf">
         <name>_Znaj</name>
         <value>0x400d</value>
         <object_component_ref idref="oc-88e"/>
      </symbol>
      <symbol id="sm-fd0">
         <name>_ZSt15get_new_handlerv</name>
         <value>0x6a95</value>
         <object_component_ref idref="oc-998"/>
      </symbol>
      <symbol id="sm-fd1">
         <name>_Znwj</name>
         <value>0x631b</value>
         <object_component_ref idref="oc-935"/>
      </symbol>
      <symbol id="sm-fea">
         <name>wcslen</name>
         <value>0x6943</value>
         <object_component_ref idref="oc-666"/>
      </symbol>
      <symbol id="sm-ff4">
         <name>copysign</name>
         <value>0x6613</value>
         <object_component_ref idref="oc-8fb"/>
      </symbol>
      <symbol id="sm-ff5">
         <name>copysignl</name>
         <value>0x6613</value>
         <object_component_ref idref="oc-8fb"/>
      </symbol>
      <symbol id="sm-1005">
         <name>__TI_doflush</name>
         <value>0x5839</value>
         <object_component_ref idref="oc-85a"/>
      </symbol>
      <symbol id="sm-1015">
         <name>__TI_cleanup</name>
         <value>0x5d0d</value>
         <object_component_ref idref="oc-973"/>
      </symbol>
      <symbol id="sm-1027">
         <name>fseek</name>
         <value>0x5255</value>
         <object_component_ref idref="oc-917"/>
      </symbol>
      <symbol id="sm-1031">
         <name>__aeabi_idiv0</name>
         <value>0x463f</value>
         <object_component_ref idref="oc-8e2"/>
      </symbol>
      <symbol id="sm-1032">
         <name>__aeabi_ldiv0</name>
         <value>0x463f</value>
         <object_component_ref idref="oc-8e2"/>
      </symbol>
      <symbol id="sm-105f">
         <name>__TI_auto_init_nobinit</name>
         <value>0x537d</value>
         <object_component_ref idref="oc-213"/>
      </symbol>
      <symbol id="sm-1069">
         <name>_system_pre_init</name>
         <value>0x5b6d</value>
         <object_component_ref idref="oc-ac"/>
      </symbol>
      <symbol id="sm-107c">
         <name>HOSTclose</name>
         <value>0x59a9</value>
         <object_component_ref idref="oc-9d1"/>
      </symbol>
      <symbol id="sm-108d">
         <name>HOSTlseek</name>
         <value>0x4ff1</value>
         <object_component_ref idref="oc-9e3"/>
      </symbol>
      <symbol id="sm-109f">
         <name>parmbuf</name>
         <value>0x2000bfb9</value>
      </symbol>
      <symbol id="sm-10a0">
         <name>HOSTopen</name>
         <value>0x531d</value>
         <object_component_ref idref="oc-9cb"/>
      </symbol>
      <symbol id="sm-10b1">
         <name>HOSTread</name>
         <value>0x5555</value>
         <object_component_ref idref="oc-9d7"/>
      </symbol>
      <symbol id="sm-10c2">
         <name>HOSTrename</name>
         <value>0x4f85</value>
         <object_component_ref idref="oc-9ef"/>
      </symbol>
      <symbol id="sm-10d3">
         <name>HOSTunlink</name>
         <value>0x59ed</value>
         <object_component_ref idref="oc-9e9"/>
      </symbol>
      <symbol id="sm-10e4">
         <name>HOSTwrite</name>
         <value>0x55ad</value>
         <object_component_ref idref="oc-9dd"/>
      </symbol>
      <symbol id="sm-1108">
         <name>__TI_readmsg</name>
         <value>0x5d41</value>
         <object_component_ref idref="oc-a22"/>
      </symbol>
      <symbol id="sm-1109">
         <name>C$$IO$$</name>
         <value>0x5c93</value>
         <object_component_ref idref="oc-a1c"/>
      </symbol>
      <symbol id="sm-110a">
         <name>__CIOBUF_</name>
         <value>0x2000bdd8</value>
         <object_component_ref idref="oc-a49"/>
      </symbol>
      <symbol id="sm-110b">
         <name>__TI_writemsg</name>
         <value>0x5c65</value>
         <object_component_ref idref="oc-a1c"/>
      </symbol>
      <symbol id="sm-111c">
         <name>lseek</name>
         <value>0x6011</value>
         <object_component_ref idref="oc-95f"/>
      </symbol>
      <symbol id="sm-1131">
         <name>__TI_closefile</name>
         <value>0x4dc1</value>
         <object_component_ref idref="oc-9bf"/>
      </symbol>
      <symbol id="sm-1154">
         <name>finddevice</name>
         <value>0x5dd9</value>
         <object_component_ref idref="oc-a65"/>
      </symbol>
      <symbol id="sm-1155">
         <name>getdevice</name>
         <value>0x5a31</value>
         <object_component_ref idref="oc-a3f"/>
      </symbol>
      <symbol id="sm-1164">
         <name>strcmp</name>
         <value>0x66f1</value>
         <object_component_ref idref="oc-a7a"/>
      </symbol>
      <symbol id="sm-1174">
         <name>strncpy</name>
         <value>0x5cd7</value>
         <object_component_ref idref="oc-a5f"/>
      </symbol>
      <symbol id="sm-1189">
         <name>close</name>
         <value>0x53dd</value>
         <object_component_ref idref="oc-a0b"/>
      </symbol>
      <symbol id="sm-1199">
         <name>unlink</name>
         <value>0x5e95</value>
         <object_component_ref idref="oc-a11"/>
      </symbol>
      <symbol id="sm-119a">
         <name>__TI_static_base__</name>
         <value>0x0</value>
      </symbol>
      <symbol id="sm-119d">
         <name>__mpu_init</name>
         <value>0x0</value>
      </symbol>
      <symbol id="sm-119e">
         <name>_system_post_cinit</name>
         <value>0x0</value>
      </symbol>
      <symbol id="sm-119f">
         <name>NMI_Handler</name>
         <value>0x6941</value>
      </symbol>
      <symbol id="sm-11a0">
         <name>HardFault_Handler</name>
         <value>0x6941</value>
      </symbol>
      <symbol id="sm-11a1">
         <name>MemManage_Handler</name>
         <value>0x6941</value>
      </symbol>
      <symbol id="sm-11a2">
         <name>BusFault_Handler</name>
         <value>0x6941</value>
      </symbol>
      <symbol id="sm-11a3">
         <name>UsageFault_Handler</name>
         <value>0x6941</value>
      </symbol>
      <symbol id="sm-11a4">
         <name>SVC_Handler</name>
         <value>0x6941</value>
      </symbol>
      <symbol id="sm-11a5">
         <name>DebugMon_Handler</name>
         <value>0x6941</value>
      </symbol>
      <symbol id="sm-11a6">
         <name>PendSV_Handler</name>
         <value>0x5af5</value>
      </symbol>
      <symbol id="sm-11a7">
         <name>SysTick_Handler</name>
         <value>0x18b1</value>
      </symbol>
      <symbol id="sm-11a8">
         <name>PSS_IRQHandler</name>
         <value>0x6941</value>
      </symbol>
      <symbol id="sm-11a9">
         <name>CS_IRQHandler</name>
         <value>0x6941</value>
      </symbol>
      <symbol id="sm-11aa">
         <name>PCM_IRQHandler</name>
         <value>0x6941</value>
      </symbol>
      <symbol id="sm-11ab">
         <name>WDT_A_IRQHandler</name>
         <value>0x6941</value>
      </symbol>
      <symbol id="sm-11ac">
         <name>FPU_IRQHandler</name>
         <value>0x6941</value>
      </symbol>
      <symbol id="sm-11ad">
         <name>FLCTL_IRQHandler</name>
         <value>0x6941</value>
      </symbol>
      <symbol id="sm-11ae">
         <name>COMP_E0_IRQHandler</name>
         <value>0x6941</value>
      </symbol>
      <symbol id="sm-11af">
         <name>COMP_E1_IRQHandler</name>
         <value>0x6941</value>
      </symbol>
      <symbol id="sm-11b0">
         <name>TA0_0_IRQHandler</name>
         <value>0x6941</value>
      </symbol>
      <symbol id="sm-11b1">
         <name>TA0_N_IRQHandler</name>
         <value>0x6941</value>
      </symbol>
      <symbol id="sm-11b2">
         <name>TA1_0_IRQHandler</name>
         <value>0x6941</value>
      </symbol>
      <symbol id="sm-11b3">
         <name>TA1_N_IRQHandler</name>
         <value>0x6941</value>
      </symbol>
      <symbol id="sm-11b4">
         <name>TA2_0_IRQHandler</name>
         <value>0x6941</value>
      </symbol>
      <symbol id="sm-11b5">
         <name>TA2_N_IRQHandler</name>
         <value>0x6941</value>
      </symbol>
      <symbol id="sm-11b6">
         <name>TA3_0_IRQHandler</name>
         <value>0x6941</value>
      </symbol>
      <symbol id="sm-11b7">
         <name>TA3_N_IRQHandler</name>
         <value>0x6941</value>
      </symbol>
      <symbol id="sm-11b8">
         <name>EUSCIA0_IRQHandler</name>
         <value>0x6941</value>
      </symbol>
      <symbol id="sm-11b9">
         <name>EUSCIA1_IRQHandler</name>
         <value>0x6941</value>
      </symbol>
      <symbol id="sm-11ba">
         <name>EUSCIA2_IRQHandler</name>
         <value>0x6941</value>
      </symbol>
      <symbol id="sm-11bb">
         <name>EUSCIA3_IRQHandler</name>
         <value>0x6941</value>
      </symbol>
      <symbol id="sm-11bc">
         <name>EUSCIB0_IRQHandler</name>
         <value>0x6941</value>
      </symbol>
      <symbol id="sm-11bd">
         <name>EUSCIB1_IRQHandler</name>
         <value>0x2af9</value>
      </symbol>
      <symbol id="sm-11be">
         <name>EUSCIB2_IRQHandler</name>
         <value>0x6941</value>
      </symbol>
      <symbol id="sm-11bf">
         <name>EUSCIB3_IRQHandler</name>
         <value>0x6941</value>
      </symbol>
      <symbol id="sm-11c0">
         <name>ADC14_IRQHandler</name>
         <value>0x6941</value>
      </symbol>
      <symbol id="sm-11c1">
         <name>T32_INT1_IRQHandler</name>
         <value>0x6941</value>
      </symbol>
      <symbol id="sm-11c2">
         <name>T32_INT2_IRQHandler</name>
         <value>0x6941</value>
      </symbol>
      <symbol id="sm-11c3">
         <name>T32_INTC_IRQHandler</name>
         <value>0x6941</value>
      </symbol>
      <symbol id="sm-11c4">
         <name>AES256_IRQHandler</name>
         <value>0x6941</value>
      </symbol>
      <symbol id="sm-11c5">
         <name>RTC_C_IRQHandler</name>
         <value>0x6941</value>
      </symbol>
      <symbol id="sm-11c6">
         <name>DMA_ERR_IRQHandler</name>
         <value>0x6941</value>
      </symbol>
      <symbol id="sm-11c7">
         <name>DMA_INT3_IRQHandler</name>
         <value>0x6941</value>
      </symbol>
      <symbol id="sm-11c8">
         <name>DMA_INT2_IRQHandler</name>
         <value>0x6941</value>
      </symbol>
      <symbol id="sm-11c9">
         <name>DMA_INT1_IRQHandler</name>
         <value>0x6941</value>
      </symbol>
      <symbol id="sm-11ca">
         <name>DMA_INT0_IRQHandler</name>
         <value>0x6941</value>
      </symbol>
      <symbol id="sm-11cb">
         <name>PORT1_IRQHandler</name>
         <value>0x6941</value>
      </symbol>
      <symbol id="sm-11cc">
         <name>PORT2_IRQHandler</name>
         <value>0x6941</value>
      </symbol>
      <symbol id="sm-11cd">
         <name>PORT3_IRQHandler</name>
         <value>0x6941</value>
      </symbol>
      <symbol id="sm-11ce">
         <name>PORT4_IRQHandler</name>
         <value>0x6941</value>
      </symbol>
      <symbol id="sm-11cf">
         <name>PORT5_IRQHandler</name>
         <value>0x6941</value>
      </symbol>
      <symbol id="sm-11d0">
         <name>PORT6_IRQHandler</name>
         <value>0x6941</value>
      </symbol>
      <symbol id="sm-11d1">
         <name>_ZSt17__throw_bad_allocv</name>
         <value>0x5bad</value>
      </symbol>
      <symbol id="sm-11d2">
         <name>remove</name>
         <value>0x5e95</value>
      </symbol>
   </symbol_table>
   <title>Link successful</title>
</link_info>
