******************************************************************************
                  TI ARM Linker PC v20.2.2                     
******************************************************************************
>> Linked Thu Jan 28 22:03:56 2021

OUTPUT FILE NAME:   <lab1.out>
ENTRY POINT SYMBOL: "_c_int00_noargs"  address: 000026c1


MEMORY CONFIGURATION

         name            origin    length      used     unused   attr    fill
----------------------  --------  ---------  --------  --------  ----  --------
  MAIN                  00000000   00040000  00002a90  0003d570  R  X
  INFO                  00200000   00004000  00000000  00004000  R  X
  SRAM_CODE             01000000   00010000  000002c0  0000fd40  RW X
  SRAM_DATA             20000000   00010000  000002c0  0000fd40  RW  


SEGMENT ALLOCATION MAP

run origin  load origin   length   init length attrs members
----------  ----------- ---------- ----------- ----- -------
00000000    00000000    00002a90   00002a90    r-x
  00000000    00000000    000000e4   000000e4    r-- .intvecs
  000000e4    000000e4    000027bc   000027bc    r-x .text
  000028a0    000028a0    00000128   00000128    r-- .const
  000029c8    000029c8    000000c8   000000c8    r-- .cinit
20000000    20000000    000000c0   00000000    rw-
  20000000    20000000    000000c0   00000000    rw- .data
2000fe00    2000fe00    00000200   00000000    rw-
  2000fe00    2000fe00    00000200   00000000    rw- .stack


SECTION ALLOCATION MAP

 output                                  attributes/
section   page    origin      length       input sections
--------  ----  ----------  ----------   ----------------
.intvecs   0    00000000    000000e4     
                  00000000    000000e4     startup_msp432p401r_ccs.obj (.intvecs:retain)

.text      0    000000e4    000027bc     
                  000000e4    00000a4e     rtsv7M4_T_le_v4SPD16_eabi.lib : _printfi.c.obj (.text:__TI_printfi)
                  00000b32    00000002                                   : div0.asm.obj (.text)
                  00000b34    00000334     system_msp432p401r.obj (.text)
                  00000e68    00000330     main.obj (.text)
                  00001198    00000270     rtsv7M4_T_le_v4SPD16_eabi.lib : _printfi.c.obj (.text:_pconv_a)
                  00001408    000001d0                                   : _printfi.c.obj (.text:_pconv_g)
                  000015d8    000001b6                                   : fd_add_t2.asm.obj (.text)
                  0000178e    00000002     --HOLE-- [fill = 0]
                  00001790    0000013c                                   : _printfi.c.obj (.text:_pconv_e)
                  000018cc    00000136                                   : fd_div_t2.asm.obj (.text)
                  00001a02    00000002     --HOLE-- [fill = 0]
                  00001a04    00000124     RGBLED.obj (.text)
                  00001b28    00000124     rtsv7M4_T_le_v4SPD16_eabi.lib : _printfi.c.obj (.text:fcvt)
                  00001c4c    00000110                                   : s_scalbn.c.obj (.text:scalbn)
                  00001d5c    000000fc                                   : fd_mul_t2.asm.obj (.text)
                  00001e58    000000b1                                   : _printfi.c.obj (.text:_ltostr)
                  00001f09    00000001     --HOLE-- [fill = 0]
                  00001f0a    0000009c                                   : memcpy_t2.asm.obj (.text)
                  00001fa6    00000096                                   : ull_div_t2.asm.obj (.text)
                  0000203c    00000094     msp432p4xx_driverlib.lib : uart.o (.text:UART_initModule)
                  000020d0    00000086     rtsv7M4_T_le_v4SPD16_eabi.lib : fd_cmp_t2.asm.obj (.text:__aeabi_cdcmple)
                  00002156    00000086                                   : fd_cmp_t2.asm.obj (.text:__aeabi_cdrcmple)
                  000021dc    0000007a                                   : memset_t2.asm.obj (.text)
                  00002256    0000006e                                   : _printfi.c.obj (.text:_mcpy)
                  000022c4    00000068                                   : copy_decompress_lzss.c.obj (.text:decompress:lzss:__TI_decompress_lzss)
                  0000232c    00000064                                   : s_frexp.c.obj (.text:frexp)
                  00002390    00000056                                   : _printfi.c.obj (.text:_pconv_f)
                  000023e6    00000054                                   : _ltoa.c.obj (.text:__TI_ltoa)
                  0000243a    00000052                                   : _printfi.c.obj (.text:_ecpy)
                  0000248c    0000004c                                   : atoi.c.obj (.text:atoi)
                  000024d8    0000004c                                   : snprintf.c.obj (.text:snprintf)
                  00002524    0000004c     uart.obj (.text)
                  00002570    00000048     msp432p4xx_driverlib.lib : gpio.o (.text:GPIO_setAsPeripheralModuleFunctionInputPin)
                  000025b8    00000048     rtsv7M4_T_le_v4SPD16_eabi.lib : fd_toi_t2.asm.obj (.text)
                  00002600    00000044                                   : autoinit.c.obj (.text:__TI_auto_init_nobinit_nopinit:__TI_auto_init_nobinit_nopinit)
                  00002644    0000003e                                   : _printfi.c.obj (.text:_fcpy)
                  00002682    00000002     --HOLE-- [fill = 0]
                  00002684    0000003c     fletcher.obj (.text)
                  000026c0    00000034     rtsv7M4_T_le_v4SPD16_eabi.lib : boot_cortex_m.c.obj (.text:_c_int00_noargs:_c_int00_noargs)
                  000026f4    00000030                                   : snprintf.c.obj (.text:_outs)
                  00002724    0000002e                                   : i_tofd_t2.asm.obj (.text)
                  00002752    00000002     --HOLE-- [fill = 0]
                  00002754    00000028     msp432p4xx_driverlib.lib : pcm.o (.text:PCM_gotoLPM0)
                  0000277c    00000024                              : cs.o (.text:CS_setDCOCenteredFrequency)
                  000027a0    00000024                              : uart.o (.text:UART_transmitData)
                  000027c4    0000001c     rtsv7M4_T_le_v4SPD16_eabi.lib : memccpy.c.obj (.text:memccpy)
                  000027e0    0000001a                                   : s_copysign.c.obj (.text:copysign)
                  000027fa    00000018                                   : snprintf.c.obj (.text:_outc)
                  00002812    00000016                                   : strchr.c.obj (.text:strchr)
                  00002828    00000014     msp432p4xx_driverlib.lib : systick.o (.text:SysTick_enableInterrupt)
                  0000283c    00000014     rtsv7M4_T_le_v4SPD16_eabi.lib : strlen.c.obj (.text:strlen)
                  00002850    00000012                                   : wcslen.c.obj (.text:wcslen)
                  00002862    0000000e                                   : copy_decompress_none.c.obj (.text:decompress:none:__TI_decompress_none)
                  00002870    0000000e     startup_msp432p401r_ccs.obj (.text)
                  0000287e    0000000c     msp432p4xx_driverlib.lib : uart.o (.text:UART_enableModule)
                  0000288a    00000002     --HOLE-- [fill = 0]
                  0000288c    00000008     rtsv7M4_T_le_v4SPD16_eabi.lib : errno.c.obj (.text:__aeabi_errno_addr)
                  00002894    00000004     msp432p4xx_driverlib.lib : cpu.o (.text:CPU_wfi)
                  00002898    00000004     rtsv7M4_T_le_v4SPD16_eabi.lib : pre_init.c.obj (.text:_system_pre_init)
                  0000289c    00000004                                   : exit.c.obj (.text:abort:abort)

.const     0    000028a0    00000128     
                  000028a0    00000101     rtsv7M4_T_le_v4SPD16_eabi.lib : ctype.c.obj (.const:.string:_ctypes_)
                  000029a1    00000003     --HOLE-- [fill = 0]
                  000029a4    00000024     uart.obj (.const:Uart115200Config)

.cinit     0    000029c8    000000c8     
                  000029c8    000000b6     (.cinit..data.load) [load image, compression = lzss]
                  00002a7e    00000002     --HOLE-- [fill = 0]
                  00002a80    00000008     (__TI_handler_table)
                  00002a88    00000008     (__TI_cinit_table)

.init_array 
*          0    00000000    00000000     UNINITIALIZED

.binit     0    00000000    00000000     

.data      0    20000000    000000c0     UNINITIALIZED
                  20000000    00000038     main.obj (.data:anim1)
                  20000038    00000038     main.obj (.data:anim2)
                  20000070    00000030     msp432p4xx_driverlib.lib : gpio.o (.data:GPIO_PORT_TO_BASE)
                  200000a0    00000010     main.obj (.data:square1)
                  200000b0    00000005     main.obj (.data)
                  200000b5    00000003     --HOLE--
                  200000b8    00000004     rtsv7M4_T_le_v4SPD16_eabi.lib : errno.c.obj (.data)
                  200000bc    00000004     system_msp432p401r.obj (.data)

.stack     0    2000fe00    00000200     UNINITIALIZED
                  2000fe00    00000004     rtsv7M4_T_le_v4SPD16_eabi.lib : boot_cortex_m.c.obj (.stack)
                  2000fe04    000001fc     --HOLE--

__llvm_prf_cnts 
*          0    20000000    00000000     UNINITIALIZED

MODULE SUMMARY

       Module                        code    ro data   rw data
       ------                        ----    -------   -------
    .\
       main.obj                      816     0         266    
       system_msp432p401r.obj        820     0         8      
       RGBLED.obj                    292     0         0      
       startup_msp432p401r_ccs.obj   14      228       0      
       uart.obj                      76      36        0      
       fletcher.obj                  60      0         0      
    +--+-----------------------------+-------+---------+---------+
       Total:                        2078    264       274    
                                                              
    ../BoardSupportPackage/DriverLib/msp432p4xx_driverlib.lib
       uart.o                        196     0         0      
       gpio.o                        72      0         96     
       pcm.o                         40      0         0      
       cs.o                          36      0         0      
       systick.o                     20      0         0      
       cpu.o                         4       0         0      
    +--+-----------------------------+-------+---------+---------+
       Total:                        368     0         96     
                                                              
    C:\ti\Code Composer Studio\ccs\tools\compiler\ti-cgt-arm_20.2.2.LTS\lib\rtsv7M4_T_le_v4SPD16_eabi.lib
       _printfi.c.obj                4851    0         0      
       fd_add_t2.asm.obj             438     0         0      
       fd_div_t2.asm.obj             310     0         0      
       s_scalbn.c.obj                272     0         0      
       fd_cmp_t2.asm.obj             268     0         0      
       ctype.c.obj                   0       257       0      
       fd_mul_t2.asm.obj             252     0         0      
       memcpy_t2.asm.obj             156     0         0      
       ull_div_t2.asm.obj            150     0         0      
       snprintf.c.obj                148     0         0      
       memset_t2.asm.obj             122     0         0      
       copy_decompress_lzss.c.obj    104     0         0      
       s_frexp.c.obj                 100     0         0      
       _ltoa.c.obj                   84      0         0      
       atoi.c.obj                    76      0         0      
       fd_toi_t2.asm.obj             72      0         0      
       autoinit.c.obj                68      0         0      
       boot_cortex_m.c.obj           52      0         0      
       i_tofd_t2.asm.obj             46      0         0      
       memccpy.c.obj                 28      0         0      
       s_copysign.c.obj              26      0         0      
       strchr.c.obj                  22      0         0      
       strlen.c.obj                  20      0         0      
       wcslen.c.obj                  18      0         0      
       errno.c.obj                   8       0         8      
       copy_decompress_none.c.obj    14      0         0      
       exit.c.obj                    4       0         0      
       pre_init.c.obj                4       0         0      
       div0.asm.obj                  2       0         0      
    +--+-----------------------------+-------+---------+---------+
       Total:                        7715    257       8      
                                                              
       Stack:                        0       0         1024   
       Linker Generated:             0       198       0      
    +--+-----------------------------+-------+---------+---------+
       Grand Total:                  10161   719       1402   


LINKER GENERATED COPY TABLES

__TI_cinit_table @ 00002a88 records: 1, size/record: 8, table size: 8
	.data: load addr=000029c8, load size=000000b6 bytes, run addr=20000000, run size=000000c0 bytes, compression=lzss


LINKER GENERATED HANDLER TABLE

__TI_handler_table @ 00002a80 records: 2, size/record: 4, table size: 8
	index: 0, handler: __TI_decompress_lzss
	index: 1, handler: __TI_decompress_none


GLOBAL SYMBOLS: SORTED ALPHABETICALLY BY Name 

address   name                                      
-------   ----                                      
0000287d  ADC14_IRQHandler                          
0000287d  AES256_IRQHandler                         
0000287d  BusFault_Handler                          
0000289d  C$$EXIT                                   
0000287d  COMP_E0_IRQHandler                        
0000287d  COMP_E1_IRQHandler                        
00002895  CPU_wfi                                   
0000287d  CS_IRQHandler                             
0000277d  CS_setDCOCenteredFrequency                
0000287d  DMA_ERR_IRQHandler                        
0000287d  DMA_INT0_IRQHandler                       
0000287d  DMA_INT1_IRQHandler                       
0000287d  DMA_INT2_IRQHandler                       
0000287d  DMA_INT3_IRQHandler                       
0000287d  DebugMon_Handler                          
0000287d  Default_Handler                           
0000287d  EUSCIA0_IRQHandler                        
0000287d  EUSCIA1_IRQHandler                        
0000287d  EUSCIA2_IRQHandler                        
0000287d  EUSCIA3_IRQHandler                        
0000287d  EUSCIB0_IRQHandler                        
0000287d  EUSCIB1_IRQHandler                        
0000287d  EUSCIB2_IRQHandler                        
0000287d  EUSCIB3_IRQHandler                        
0000287d  FLCTL_IRQHandler                          
0000287d  FPU_IRQHandler                            
00002571  GPIO_setAsPeripheralModuleFunctionInputPin
0000287d  HardFault_Handler                         
00000ff9  InitIO                                    
0000287d  MemManage_Handler                         
00000f09  Modulus255                                
0000287d  NMI_Handler                               
0000287d  PCM_IRQHandler                            
00002755  PCM_gotoLPM0                              
0000287d  PORT1_IRQHandler                          
0000287d  PORT2_IRQHandler                          
0000287d  PORT3_IRQHandler                          
0000103f  PORT4_IRQHandler                          
0000103f  PORT4_IRQHandler                          
0000287d  PORT5_IRQHandler                          
0000287d  PORT6_IRQHandler                          
0000287d  PSS_IRQHandler                            
0000287d  PendSV_Handler                            
00000f8d  PlayAnimationFrame                        
0000287d  RTC_C_IRQHandler                          
00002871  Reset_Handler                             
0000287d  SVC_Handler                               
00000fe7  SysTick_Handler                           
00000fe7  SysTick_Handler                           
00002829  SysTick_enableInterrupt                   
200000bc  SystemCoreClock                           
00000b35  SystemCoreClockUpdate                     
00000dad  SystemInit                                
0000287d  T32_INT1_IRQHandler                       
0000287d  T32_INT2_IRQHandler                       
0000287d  T32_INTC_IRQHandler                       
0000287d  TA0_0_IRQHandler                          
0000287d  TA0_N_IRQHandler                          
0000287d  TA1_0_IRQHandler                          
0000287d  TA1_N_IRQHandler                          
0000287d  TA2_0_IRQHandler                          
0000287d  TA2_N_IRQHandler                          
0000287d  TA3_0_IRQHandler                          
0000287d  TA3_N_IRQHandler                          
00000f21  Test_Fletcher16                           
0000287f  UART_enableModule                         
0000203d  UART_initModule                           
000027a1  UART_transmitData                         
0000287d  UsageFault_Handler                        
4000480c  WDTCTL_SYM                                
0000287d  WDT_A_IRQHandler                          
20010000  __STACK_END                               
00000200  __STACK_SIZE                              
00002a88  __TI_CINIT_Base                           
00002a90  __TI_CINIT_Limit                          
00002a80  __TI_Handler_Table_Base                   
00002a88  __TI_Handler_Table_Limit                  
00002601  __TI_auto_init_nobinit_nopinit            
000022c5  __TI_decompress_lzss                      
00002863  __TI_decompress_none                      
000023e7  __TI_ltoa                                 
ffffffff  __TI_pprof_out_hndl                       
000000e5  __TI_printfi                              
ffffffff  __TI_prof_data_size                       
ffffffff  __TI_prof_data_start                      
00000000  __TI_static_base__                        
000020d1  __aeabi_cdcmpeq                           
000020d1  __aeabi_cdcmple                           
00002157  __aeabi_cdrcmple                          
000025b9  __aeabi_d2iz                              
000015e3  __aeabi_dadd                              
000018cd  __aeabi_ddiv                              
00001d5d  __aeabi_dmul                              
000015d9  __aeabi_dsub                              
0000288d  __aeabi_errno_addr                        
00002725  __aeabi_i2d                               
00000b33  __aeabi_idiv0                             
00000b33  __aeabi_ldiv0                             
000021dd  __aeabi_memclr                            
000021dd  __aeabi_memclr4                           
000021dd  __aeabi_memclr8                           
00001f0b  __aeabi_memcpy                            
00001f0b  __aeabi_memcpy4                           
00001f0b  __aeabi_memcpy8                           
000021df  __aeabi_memset                            
000021df  __aeabi_memset4                           
000021df  __aeabi_memset8                           
00001fa7  __aeabi_uldivmod                          
ffffffff  __binit__                                 
ffffffff  __c_args__                                
UNDEFED   __mpu_init                                
2000fe00  __stack                                   
20000000  __start___llvm_prf_cnts                   
20000000  __stop___llvm_prf_cnts                    
000026c1  _c_int00_noargs                           
000028a0  _ctypes_                                  
UNDEFED   _system_post_cinit                        
00002899  _system_pre_init                          
0000289d  abort                                     
20000000  anim1                                     
20000038  anim2                                     
0000248d  atoi                                      
ffffffff  binit                                     
000027e1  copysign                                  
000027e1  copysignl                                 
200000b0  currentAnimation                          
200000b8  errno                                     
00002685  fletcher16                                
0000232d  frexp                                     
0000232d  frexpl                                    
00000000  interruptVectors                          
00001c4d  ldexp                                     
00001c4d  ldexpl                                    
0000106b  main                                      
000027c5  memccpy                                   
00001f0b  memcpy                                    
000021e5  memset                                    
00001a05  rgbled_Init                               
00001a55  rgbled_SetModes                           
00001c4d  scalbn                                    
00001c4d  scalbnl                                   
000024d9  snprintf                                  
200000a0  square1                                   
00002813  strchr                                    
0000283d  strlen                                    
00002543  uart_Init                                 
00002525  uart_TransmitString                       
00002851  wcslen                                    


GLOBAL SYMBOLS: SORTED BY Symbol Address 

address   name                                      
-------   ----                                      
00000000  __TI_static_base__                        
00000000  interruptVectors                          
000000e5  __TI_printfi                              
00000200  __STACK_SIZE                              
00000b33  __aeabi_idiv0                             
00000b33  __aeabi_ldiv0                             
00000b35  SystemCoreClockUpdate                     
00000dad  SystemInit                                
00000f09  Modulus255                                
00000f21  Test_Fletcher16                           
00000f8d  PlayAnimationFrame                        
00000fe7  SysTick_Handler                           
00000fe7  SysTick_Handler                           
00000ff9  InitIO                                    
0000103f  PORT4_IRQHandler                          
0000103f  PORT4_IRQHandler                          
0000106b  main                                      
000015d9  __aeabi_dsub                              
000015e3  __aeabi_dadd                              
000018cd  __aeabi_ddiv                              
00001a05  rgbled_Init                               
00001a55  rgbled_SetModes                           
00001c4d  ldexp                                     
00001c4d  ldexpl                                    
00001c4d  scalbn                                    
00001c4d  scalbnl                                   
00001d5d  __aeabi_dmul                              
00001f0b  __aeabi_memcpy                            
00001f0b  __aeabi_memcpy4                           
00001f0b  __aeabi_memcpy8                           
00001f0b  memcpy                                    
00001fa7  __aeabi_uldivmod                          
0000203d  UART_initModule                           
000020d1  __aeabi_cdcmpeq                           
000020d1  __aeabi_cdcmple                           
00002157  __aeabi_cdrcmple                          
000021dd  __aeabi_memclr                            
000021dd  __aeabi_memclr4                           
000021dd  __aeabi_memclr8                           
000021df  __aeabi_memset                            
000021df  __aeabi_memset4                           
000021df  __aeabi_memset8                           
000021e5  memset                                    
000022c5  __TI_decompress_lzss                      
0000232d  frexp                                     
0000232d  frexpl                                    
000023e7  __TI_ltoa                                 
0000248d  atoi                                      
000024d9  snprintf                                  
00002525  uart_TransmitString                       
00002543  uart_Init                                 
00002571  GPIO_setAsPeripheralModuleFunctionInputPin
000025b9  __aeabi_d2iz                              
00002601  __TI_auto_init_nobinit_nopinit            
00002685  fletcher16                                
000026c1  _c_int00_noargs                           
00002725  __aeabi_i2d                               
00002755  PCM_gotoLPM0                              
0000277d  CS_setDCOCenteredFrequency                
000027a1  UART_transmitData                         
000027c5  memccpy                                   
000027e1  copysign                                  
000027e1  copysignl                                 
00002813  strchr                                    
00002829  SysTick_enableInterrupt                   
0000283d  strlen                                    
00002851  wcslen                                    
00002863  __TI_decompress_none                      
00002871  Reset_Handler                             
0000287d  ADC14_IRQHandler                          
0000287d  AES256_IRQHandler                         
0000287d  BusFault_Handler                          
0000287d  COMP_E0_IRQHandler                        
0000287d  COMP_E1_IRQHandler                        
0000287d  CS_IRQHandler                             
0000287d  DMA_ERR_IRQHandler                        
0000287d  DMA_INT0_IRQHandler                       
0000287d  DMA_INT1_IRQHandler                       
0000287d  DMA_INT2_IRQHandler                       
0000287d  DMA_INT3_IRQHandler                       
0000287d  DebugMon_Handler                          
0000287d  Default_Handler                           
0000287d  EUSCIA0_IRQHandler                        
0000287d  EUSCIA1_IRQHandler                        
0000287d  EUSCIA2_IRQHandler                        
0000287d  EUSCIA3_IRQHandler                        
0000287d  EUSCIB0_IRQHandler                        
0000287d  EUSCIB1_IRQHandler                        
0000287d  EUSCIB2_IRQHandler                        
0000287d  EUSCIB3_IRQHandler                        
0000287d  FLCTL_IRQHandler                          
0000287d  FPU_IRQHandler                            
0000287d  HardFault_Handler                         
0000287d  MemManage_Handler                         
0000287d  NMI_Handler                               
0000287d  PCM_IRQHandler                            
0000287d  PORT1_IRQHandler                          
0000287d  PORT2_IRQHandler                          
0000287d  PORT3_IRQHandler                          
0000287d  PORT5_IRQHandler                          
0000287d  PORT6_IRQHandler                          
0000287d  PSS_IRQHandler                            
0000287d  PendSV_Handler                            
0000287d  RTC_C_IRQHandler                          
0000287d  SVC_Handler                               
0000287d  T32_INT1_IRQHandler                       
0000287d  T32_INT2_IRQHandler                       
0000287d  T32_INTC_IRQHandler                       
0000287d  TA0_0_IRQHandler                          
0000287d  TA0_N_IRQHandler                          
0000287d  TA1_0_IRQHandler                          
0000287d  TA1_N_IRQHandler                          
0000287d  TA2_0_IRQHandler                          
0000287d  TA2_N_IRQHandler                          
0000287d  TA3_0_IRQHandler                          
0000287d  TA3_N_IRQHandler                          
0000287d  UsageFault_Handler                        
0000287d  WDT_A_IRQHandler                          
0000287f  UART_enableModule                         
0000288d  __aeabi_errno_addr                        
00002895  CPU_wfi                                   
00002899  _system_pre_init                          
0000289d  C$$EXIT                                   
0000289d  abort                                     
000028a0  _ctypes_                                  
00002a80  __TI_Handler_Table_Base                   
00002a88  __TI_CINIT_Base                           
00002a88  __TI_Handler_Table_Limit                  
00002a90  __TI_CINIT_Limit                          
20000000  __start___llvm_prf_cnts                   
20000000  __stop___llvm_prf_cnts                    
20000000  anim1                                     
20000038  anim2                                     
200000a0  square1                                   
200000b0  currentAnimation                          
200000b8  errno                                     
200000bc  SystemCoreClock                           
2000fe00  __stack                                   
20010000  __STACK_END                               
4000480c  WDTCTL_SYM                                
ffffffff  __TI_pprof_out_hndl                       
ffffffff  __TI_prof_data_size                       
ffffffff  __TI_prof_data_start                      
ffffffff  __binit__                                 
ffffffff  __c_args__                                
ffffffff  binit                                     
UNDEFED   __mpu_init                                
UNDEFED   _system_post_cinit                        

[148 symbols]
