<?xml version="1.0" encoding="ISO-8859-1" ?>
<link_info>
   <banner>TI ARM Linker PC v20.2.2.LTS</banner>
   <copyright>Copyright (c) 1996-2018 Texas Instruments Incorporated</copyright>
   <link_time>0x602b2830</link_time>
   <link_errors>0x0</link_errors>
   <output_file>lab2.out</output_file>
   <entry_point>
      <name>_c_int00_noargs</name>
      <address>0x13c25</address>
   </entry_point>
   <input_file_list>
      <input_file id="fl-2">
         <path>.\</path>
         <kind>object</kind>
         <file>startup_msp432p401r_ccs.obj</file>
         <name>startup_msp432p401r_ccs.obj</name>
      </input_file>
      <input_file id="fl-3">
         <path>.\</path>
         <kind>object</kind>
         <file>system_msp432p401r.obj</file>
         <name>system_msp432p401r.obj</name>
      </input_file>
      <input_file id="fl-4">
         <path>.\BoardSupportPackage\ferris\</path>
         <kind>object</kind>
         <file>RGBLED.obj</file>
         <name>RGBLED.obj</name>
      </input_file>
      <input_file id="fl-5">
         <path>.\BoardSupportPackage\ferris\</path>
         <kind>object</kind>
         <file>uart.obj</file>
         <name>uart.obj</name>
      </input_file>
      <input_file id="fl-6">
         <path>.\BoardSupportPackage\src\</path>
         <kind>object</kind>
         <file>AsciiLib.obj</file>
         <name>AsciiLib.obj</name>
      </input_file>
      <input_file id="fl-7">
         <path>.\BoardSupportPackage\src\</path>
         <kind>object</kind>
         <file>BSP.obj</file>
         <name>BSP.obj</name>
      </input_file>
      <input_file id="fl-8">
         <path>.\BoardSupportPackage\src\</path>
         <kind>object</kind>
         <file>BackChannelUart.obj</file>
         <name>BackChannelUart.obj</name>
      </input_file>
      <input_file id="fl-9">
         <path>.\BoardSupportPackage\src\</path>
         <kind>object</kind>
         <file>ClockSys.obj</file>
         <name>ClockSys.obj</name>
      </input_file>
      <input_file id="fl-a">
         <path>.\BoardSupportPackage\src\</path>
         <kind>object</kind>
         <file>Joystick.obj</file>
         <name>Joystick.obj</name>
      </input_file>
      <input_file id="fl-b">
         <path>.\BoardSupportPackage\src\</path>
         <kind>object</kind>
         <file>bme280.obj</file>
         <name>bme280.obj</name>
      </input_file>
      <input_file id="fl-c">
         <path>.\BoardSupportPackage\src\</path>
         <kind>object</kind>
         <file>bme280_support.obj</file>
         <name>bme280_support.obj</name>
      </input_file>
      <input_file id="fl-d">
         <path>.\BoardSupportPackage\src\</path>
         <kind>object</kind>
         <file>bmi160.obj</file>
         <name>bmi160.obj</name>
      </input_file>
      <input_file id="fl-e">
         <path>.\BoardSupportPackage\src\</path>
         <kind>object</kind>
         <file>bmi160_support.obj</file>
         <name>bmi160_support.obj</name>
      </input_file>
      <input_file id="fl-f">
         <path>.\BoardSupportPackage\src\</path>
         <kind>object</kind>
         <file>demo_sysctl.obj</file>
         <name>demo_sysctl.obj</name>
      </input_file>
      <input_file id="fl-10">
         <path>.\BoardSupportPackage\src\</path>
         <kind>object</kind>
         <file>i2c_driver.obj</file>
         <name>i2c_driver.obj</name>
      </input_file>
      <input_file id="fl-11">
         <path>.\BoardSupportPackage\src\</path>
         <kind>object</kind>
         <file>opt3001.obj</file>
         <name>opt3001.obj</name>
      </input_file>
      <input_file id="fl-12">
         <path>.\BoardSupportPackage\src\</path>
         <kind>object</kind>
         <file>tmp007.obj</file>
         <name>tmp007.obj</name>
      </input_file>
      <input_file id="fl-13">
         <path>.\src\G8RTOS\</path>
         <kind>object</kind>
         <file>G8RTOS_CriticalSection.obj</file>
         <name>G8RTOS_CriticalSection.obj</name>
      </input_file>
      <input_file id="fl-14">
         <path>.\src\G8RTOS\</path>
         <kind>object</kind>
         <file>G8RTOS_Scheduler.obj</file>
         <name>G8RTOS_Scheduler.obj</name>
      </input_file>
      <input_file id="fl-15">
         <path>.\src\G8RTOS\</path>
         <kind>object</kind>
         <file>G8RTOS_SchedulerASM.obj</file>
         <name>G8RTOS_SchedulerASM.obj</name>
      </input_file>
      <input_file id="fl-16">
         <path>.\src\G8RTOS\</path>
         <kind>object</kind>
         <file>G8RTOS_Semaphores.obj</file>
         <name>G8RTOS_Semaphores.obj</name>
      </input_file>
      <input_file id="fl-17">
         <path>.\src\</path>
         <kind>object</kind>
         <file>main.obj</file>
         <name>main.obj</name>
      </input_file>
      <input_file id="fl-18">
         <path>.\src\</path>
         <kind>object</kind>
         <file>threads.obj</file>
         <name>threads.obj</name>
      </input_file>
      <input_file id="fl-1e">
         <kind>object</kind>
         <file>&lt;internal&gt;</file>
         <name>&lt;internal&gt;</name>
      </input_file>
      <input_file id="fl-1f">
         <path>C:\Users\myaka\OneDrive - University of Florida\EEL4745 - Microp 2\lib\BoardSupportPackage\DriverLib\</path>
         <kind>archive</kind>
         <file>msp432p4xx_driverlib.lib</file>
         <name>cs.o</name>
      </input_file>
      <input_file id="fl-20">
         <path>C:\Users\myaka\OneDrive - University of Florida\EEL4745 - Microp 2\lib\BoardSupportPackage\DriverLib\</path>
         <kind>archive</kind>
         <file>msp432p4xx_driverlib.lib</file>
         <name>flash.o</name>
      </input_file>
      <input_file id="fl-21">
         <path>C:\Users\myaka\OneDrive - University of Florida\EEL4745 - Microp 2\lib\BoardSupportPackage\DriverLib\</path>
         <kind>archive</kind>
         <file>msp432p4xx_driverlib.lib</file>
         <name>gpio.o</name>
      </input_file>
      <input_file id="fl-22">
         <path>C:\Users\myaka\OneDrive - University of Florida\EEL4745 - Microp 2\lib\BoardSupportPackage\DriverLib\</path>
         <kind>archive</kind>
         <file>msp432p4xx_driverlib.lib</file>
         <name>i2c.o</name>
      </input_file>
      <input_file id="fl-23">
         <path>C:\Users\myaka\OneDrive - University of Florida\EEL4745 - Microp 2\lib\BoardSupportPackage\DriverLib\</path>
         <kind>archive</kind>
         <file>msp432p4xx_driverlib.lib</file>
         <name>interrupt.o</name>
      </input_file>
      <input_file id="fl-24">
         <path>C:\Users\myaka\OneDrive - University of Florida\EEL4745 - Microp 2\lib\BoardSupportPackage\DriverLib\</path>
         <kind>archive</kind>
         <file>msp432p4xx_driverlib.lib</file>
         <name>pcm.o</name>
      </input_file>
      <input_file id="fl-25">
         <path>C:\Users\myaka\OneDrive - University of Florida\EEL4745 - Microp 2\lib\BoardSupportPackage\DriverLib\</path>
         <kind>archive</kind>
         <file>msp432p4xx_driverlib.lib</file>
         <name>rtc_c.o</name>
      </input_file>
      <input_file id="fl-26">
         <path>C:\Users\myaka\OneDrive - University of Florida\EEL4745 - Microp 2\lib\BoardSupportPackage\DriverLib\</path>
         <kind>archive</kind>
         <file>msp432p4xx_driverlib.lib</file>
         <name>sysctl.o</name>
      </input_file>
      <input_file id="fl-27">
         <path>C:\Users\myaka\OneDrive - University of Florida\EEL4745 - Microp 2\lib\BoardSupportPackage\DriverLib\</path>
         <kind>archive</kind>
         <file>msp432p4xx_driverlib.lib</file>
         <name>systick.o</name>
      </input_file>
      <input_file id="fl-28">
         <path>C:\Users\myaka\OneDrive - University of Florida\EEL4745 - Microp 2\lib\BoardSupportPackage\DriverLib\</path>
         <kind>archive</kind>
         <file>msp432p4xx_driverlib.lib</file>
         <name>uart.o</name>
      </input_file>
      <input_file id="fl-29">
         <path>C:\Users\myaka\OneDrive - University of Florida\EEL4745 - Microp 2\lib\BoardSupportPackage\DriverLib\</path>
         <kind>archive</kind>
         <file>msp432p4xx_driverlib.lib</file>
         <name>wdt_a.o</name>
      </input_file>
      <input_file id="fl-2a">
         <path>C:\Users\myaka\OneDrive - University of Florida\EEL4745 - Microp 2\lib\BoardSupportPackage\DriverLib\</path>
         <kind>archive</kind>
         <file>msp432p4xx_driverlib.lib</file>
         <name>cpu.o</name>
      </input_file>
      <input_file id="fl-e0">
         <path>C:\ti\Code Composer Studio\ccs\tools\compiler\ti-cgt-arm_20.2.2.LTS\lib\</path>
         <kind>archive</kind>
         <file>rtsv7M4_T_le_v4SPD16_eabi.lib</file>
         <name>snprintf.c.obj</name>
      </input_file>
      <input_file id="fl-e1">
         <path>C:\ti\Code Composer Studio\ccs\tools\compiler\ti-cgt-arm_20.2.2.LTS\lib\</path>
         <kind>archive</kind>
         <file>rtsv7M4_T_le_v4SPD16_eabi.lib</file>
         <name>ll_mul_t2.asm.obj</name>
      </input_file>
      <input_file id="fl-e2">
         <path>C:\ti\Code Composer Studio\ccs\tools\compiler\ti-cgt-arm_20.2.2.LTS\lib\</path>
         <kind>archive</kind>
         <file>rtsv7M4_T_le_v4SPD16_eabi.lib</file>
         <name>memcpy_t2.asm.obj</name>
      </input_file>
      <input_file id="fl-e3">
         <path>C:\ti\Code Composer Studio\ccs\tools\compiler\ti-cgt-arm_20.2.2.LTS\lib\</path>
         <kind>archive</kind>
         <file>rtsv7M4_T_le_v4SPD16_eabi.lib</file>
         <name>ll_div_t2.asm.obj</name>
      </input_file>
      <input_file id="fl-e4">
         <path>C:\ti\Code Composer Studio\ccs\tools\compiler\ti-cgt-arm_20.2.2.LTS\lib\</path>
         <kind>archive</kind>
         <file>rtsv7M4_T_le_v4SPD16_eabi.lib</file>
         <name>ull_div_t2.asm.obj</name>
      </input_file>
      <input_file id="fl-e5">
         <path>C:\ti\Code Composer Studio\ccs\tools\compiler\ti-cgt-arm_20.2.2.LTS\lib\</path>
         <kind>archive</kind>
         <file>rtsv7M4_T_le_v4SPD16_eabi.lib</file>
         <name>memset_t2.asm.obj</name>
      </input_file>
      <input_file id="fl-e6">
         <path>C:\ti\Code Composer Studio\ccs\tools\compiler\ti-cgt-arm_20.2.2.LTS\lib\</path>
         <kind>archive</kind>
         <file>rtsv7M4_T_le_v4SPD16_eabi.lib</file>
         <name>copy_zero_init.c.obj</name>
      </input_file>
      <input_file id="fl-e7">
         <path>C:\ti\Code Composer Studio\ccs\tools\compiler\ti-cgt-arm_20.2.2.LTS\lib\</path>
         <kind>archive</kind>
         <file>rtsv7M4_T_le_v4SPD16_eabi.lib</file>
         <name>copy_decompress_none.c.obj</name>
      </input_file>
      <input_file id="fl-e8">
         <path>C:\ti\Code Composer Studio\ccs\tools\compiler\ti-cgt-arm_20.2.2.LTS\lib\</path>
         <kind>archive</kind>
         <file>rtsv7M4_T_le_v4SPD16_eabi.lib</file>
         <name>copy_decompress_lzss.c.obj</name>
      </input_file>
      <input_file id="fl-e9">
         <path>C:\ti\Code Composer Studio\ccs\tools\compiler\ti-cgt-arm_20.2.2.LTS\lib\</path>
         <kind>archive</kind>
         <file>rtsv7M4_T_le_v4SPD16_eabi.lib</file>
         <name>boot_cortex_m.c.obj</name>
      </input_file>
      <input_file id="fl-ea">
         <path>C:\ti\Code Composer Studio\ccs\tools\compiler\ti-cgt-arm_20.2.2.LTS\lib\</path>
         <kind>archive</kind>
         <file>rtsv7M4_T_le_v4SPD16_eabi.lib</file>
         <name>_printfi.c.obj</name>
      </input_file>
      <input_file id="fl-eb">
         <path>C:\ti\Code Composer Studio\ccs\tools\compiler\ti-cgt-arm_20.2.2.LTS\lib\</path>
         <kind>archive</kind>
         <file>rtsv7M4_T_le_v4SPD16_eabi.lib</file>
         <name>div0.asm.obj</name>
      </input_file>
      <input_file id="fl-ec">
         <path>C:\ti\Code Composer Studio\ccs\tools\compiler\ti-cgt-arm_20.2.2.LTS\lib\</path>
         <kind>archive</kind>
         <file>rtsv7M4_T_le_v4SPD16_eabi.lib</file>
         <name>fd_add_t2.asm.obj</name>
      </input_file>
      <input_file id="fl-ed">
         <path>C:\ti\Code Composer Studio\ccs\tools\compiler\ti-cgt-arm_20.2.2.LTS\lib\</path>
         <kind>archive</kind>
         <file>rtsv7M4_T_le_v4SPD16_eabi.lib</file>
         <name>fd_cmp_t2.asm.obj</name>
      </input_file>
      <input_file id="fl-ee">
         <path>C:\ti\Code Composer Studio\ccs\tools\compiler\ti-cgt-arm_20.2.2.LTS\lib\</path>
         <kind>archive</kind>
         <file>rtsv7M4_T_le_v4SPD16_eabi.lib</file>
         <name>fd_div_t2.asm.obj</name>
      </input_file>
      <input_file id="fl-ef">
         <path>C:\ti\Code Composer Studio\ccs\tools\compiler\ti-cgt-arm_20.2.2.LTS\lib\</path>
         <kind>archive</kind>
         <file>rtsv7M4_T_le_v4SPD16_eabi.lib</file>
         <name>fd_mul_t2.asm.obj</name>
      </input_file>
      <input_file id="fl-f0">
         <path>C:\ti\Code Composer Studio\ccs\tools\compiler\ti-cgt-arm_20.2.2.LTS\lib\</path>
         <kind>archive</kind>
         <file>rtsv7M4_T_le_v4SPD16_eabi.lib</file>
         <name>fd_toi_t2.asm.obj</name>
      </input_file>
      <input_file id="fl-f1">
         <path>C:\ti\Code Composer Studio\ccs\tools\compiler\ti-cgt-arm_20.2.2.LTS\lib\</path>
         <kind>archive</kind>
         <file>rtsv7M4_T_le_v4SPD16_eabi.lib</file>
         <name>i_tofd_t2.asm.obj</name>
      </input_file>
      <input_file id="fl-f2">
         <path>C:\ti\Code Composer Studio\ccs\tools\compiler\ti-cgt-arm_20.2.2.LTS\lib\</path>
         <kind>archive</kind>
         <file>rtsv7M4_T_le_v4SPD16_eabi.lib</file>
         <name>autoinit.c.obj</name>
      </input_file>
      <input_file id="fl-f3">
         <path>C:\ti\Code Composer Studio\ccs\tools\compiler\ti-cgt-arm_20.2.2.LTS\lib\</path>
         <kind>archive</kind>
         <file>rtsv7M4_T_le_v4SPD16_eabi.lib</file>
         <name>pre_init.c.obj</name>
      </input_file>
      <input_file id="fl-f4">
         <path>C:\ti\Code Composer Studio\ccs\tools\compiler\ti-cgt-arm_20.2.2.LTS\lib\</path>
         <kind>archive</kind>
         <file>rtsv7M4_T_le_v4SPD16_eabi.lib</file>
         <name>cpy_tbl.c.obj</name>
      </input_file>
      <input_file id="fl-f5">
         <path>C:\ti\Code Composer Studio\ccs\tools\compiler\ti-cgt-arm_20.2.2.LTS\lib\</path>
         <kind>archive</kind>
         <file>rtsv7M4_T_le_v4SPD16_eabi.lib</file>
         <name>exit.c.obj</name>
      </input_file>
      <input_file id="fl-f6">
         <path>C:\ti\Code Composer Studio\ccs\tools\compiler\ti-cgt-arm_20.2.2.LTS\lib\</path>
         <kind>archive</kind>
         <file>rtsv7M4_T_le_v4SPD16_eabi.lib</file>
         <name>_lock.c.obj</name>
      </input_file>
      <input_file id="fl-f7">
         <path>C:\ti\Code Composer Studio\ccs\tools\compiler\ti-cgt-arm_20.2.2.LTS\lib\</path>
         <kind>archive</kind>
         <file>rtsv7M4_T_le_v4SPD16_eabi.lib</file>
         <name>_ltoa.c.obj</name>
      </input_file>
      <input_file id="fl-f8">
         <path>C:\ti\Code Composer Studio\ccs\tools\compiler\ti-cgt-arm_20.2.2.LTS\lib\</path>
         <kind>archive</kind>
         <file>rtsv7M4_T_le_v4SPD16_eabi.lib</file>
         <name>args_main.c.obj</name>
      </input_file>
      <input_file id="fl-f9">
         <path>C:\ti\Code Composer Studio\ccs\tools\compiler\ti-cgt-arm_20.2.2.LTS\lib\</path>
         <kind>archive</kind>
         <file>rtsv7M4_T_le_v4SPD16_eabi.lib</file>
         <name>atoi.c.obj</name>
      </input_file>
      <input_file id="fl-fa">
         <path>C:\ti\Code Composer Studio\ccs\tools\compiler\ti-cgt-arm_20.2.2.LTS\lib\</path>
         <kind>archive</kind>
         <file>rtsv7M4_T_le_v4SPD16_eabi.lib</file>
         <name>ctype.c.obj</name>
      </input_file>
      <input_file id="fl-fb">
         <path>C:\ti\Code Composer Studio\ccs\tools\compiler\ti-cgt-arm_20.2.2.LTS\lib\</path>
         <kind>archive</kind>
         <file>rtsv7M4_T_le_v4SPD16_eabi.lib</file>
         <name>memccpy.c.obj</name>
      </input_file>
      <input_file id="fl-fc">
         <path>C:\ti\Code Composer Studio\ccs\tools\compiler\ti-cgt-arm_20.2.2.LTS\lib\</path>
         <kind>archive</kind>
         <file>rtsv7M4_T_le_v4SPD16_eabi.lib</file>
         <name>strchr.c.obj</name>
      </input_file>
      <input_file id="fl-fd">
         <path>C:\ti\Code Composer Studio\ccs\tools\compiler\ti-cgt-arm_20.2.2.LTS\lib\</path>
         <kind>archive</kind>
         <file>rtsv7M4_T_le_v4SPD16_eabi.lib</file>
         <name>strlen.c.obj</name>
      </input_file>
      <input_file id="fl-fe">
         <path>C:\ti\Code Composer Studio\ccs\tools\compiler\ti-cgt-arm_20.2.2.LTS\lib\</path>
         <kind>archive</kind>
         <file>rtsv7M4_T_le_v4SPD16_eabi.lib</file>
         <name>errno.c.obj</name>
      </input_file>
      <input_file id="fl-ff">
         <path>C:\ti\Code Composer Studio\ccs\tools\compiler\ti-cgt-arm_20.2.2.LTS\lib\</path>
         <kind>archive</kind>
         <file>rtsv7M4_T_le_v4SPD16_eabi.lib</file>
         <name>s_frexp.c.obj</name>
      </input_file>
      <input_file id="fl-100">
         <path>C:\ti\Code Composer Studio\ccs\tools\compiler\ti-cgt-arm_20.2.2.LTS\lib\</path>
         <kind>archive</kind>
         <file>rtsv7M4_T_le_v4SPD16_eabi.lib</file>
         <name>s_scalbn.c.obj</name>
      </input_file>
      <input_file id="fl-101">
         <path>C:\ti\Code Composer Studio\ccs\tools\compiler\ti-cgt-arm_20.2.2.LTS\lib\</path>
         <kind>archive</kind>
         <file>rtsv7M4_T_le_v4SPD16_eabi.lib</file>
         <name>wcslen.c.obj</name>
      </input_file>
      <input_file id="fl-102">
         <path>C:\ti\Code Composer Studio\ccs\tools\compiler\ti-cgt-arm_20.2.2.LTS\lib\</path>
         <kind>archive</kind>
         <file>rtsv7M4_T_le_v4SPD16_eabi.lib</file>
         <name>s_copysign.c.obj</name>
      </input_file>
   </input_file_list>
   <object_component_list>
      <object_component id="oc-26">
         <name>.intvecs:retain</name>
         <load_address>0x0</load_address>
         <run_address>0x0</run_address>
         <size>0xe4</size>
         <input_file_ref idref="fl-2"/>
      </object_component>
      <object_component id="oc-19c">
         <name>.text</name>
         <load_address>0xe4</load_address>
         <run_address>0xe4</run_address>
         <size>0xd5e0</size>
         <input_file_ref idref="fl-d"/>
      </object_component>
      <object_component id="oc-3a5">
         <name>.text</name>
         <load_address>0xd6c4</load_address>
         <run_address>0xd6c4</run_address>
         <size>0x1810</size>
         <input_file_ref idref="fl-b"/>
      </object_component>
      <object_component id="oc-2af">
         <name>.text</name>
         <load_address>0xeed4</load_address>
         <run_address>0xeed4</run_address>
         <size>0xc28</size>
         <input_file_ref idref="fl-e"/>
      </object_component>
      <object_component id="oc-44f">
         <name>.text:__TI_printfi</name>
         <load_address>0xfafc</load_address>
         <run_address>0xfafc</run_address>
         <size>0xa4e</size>
         <input_file_ref idref="fl-ea"/>
      </object_component>
      <object_component id="oc-4d9">
         <name>.text</name>
         <load_address>0x1054a</load_address>
         <run_address>0x1054a</run_address>
         <size>0x2</size>
         <input_file_ref idref="fl-eb"/>
      </object_component>
      <object_component id="oc-78">
         <name>.text</name>
         <load_address>0x1054c</load_address>
         <run_address>0x1054c</run_address>
         <size>0x360</size>
         <input_file_ref idref="fl-10"/>
      </object_component>
      <object_component id="oc-a4">
         <name>.text</name>
         <load_address>0x108ac</load_address>
         <run_address>0x108ac</run_address>
         <size>0x334</size>
         <input_file_ref idref="fl-17"/>
      </object_component>
      <object_component id="oc-b6">
         <name>.text</name>
         <load_address>0x10be0</load_address>
         <run_address>0x10be0</run_address>
         <size>0x334</size>
         <input_file_ref idref="fl-3"/>
      </object_component>
      <object_component id="oc-2c1">
         <name>.text</name>
         <load_address>0x10f14</load_address>
         <run_address>0x10f14</run_address>
         <size>0x2f8</size>
         <input_file_ref idref="fl-8"/>
      </object_component>
      <object_component id="oc-2bb">
         <name>.text</name>
         <load_address>0x1120c</load_address>
         <run_address>0x1120c</run_address>
         <size>0x2e0</size>
         <input_file_ref idref="fl-c"/>
      </object_component>
      <object_component id="oc-50f">
         <name>.text:_pconv_a</name>
         <load_address>0x114ec</load_address>
         <run_address>0x114ec</run_address>
         <size>0x270</size>
         <input_file_ref idref="fl-ea"/>
      </object_component>
      <object_component id="oc-72">
         <name>.text</name>
         <load_address>0x1175c</load_address>
         <run_address>0x1175c</run_address>
         <size>0x23c</size>
         <input_file_ref idref="fl-14"/>
      </object_component>
      <object_component id="oc-2a9">
         <name>.text</name>
         <load_address>0x11998</load_address>
         <run_address>0x11998</run_address>
         <size>0x234</size>
         <input_file_ref idref="fl-12"/>
      </object_component>
      <object_component id="oc-1c3">
         <name>.text</name>
         <load_address>0x11bcc</load_address>
         <run_address>0x11bcc</run_address>
         <size>0x228</size>
         <input_file_ref idref="fl-18"/>
      </object_component>
      <object_component id="oc-4fd">
         <name>.text:_pconv_g</name>
         <load_address>0x11df4</load_address>
         <run_address>0x11df4</run_address>
         <size>0x1d0</size>
         <input_file_ref idref="fl-ea"/>
      </object_component>
      <object_component id="oc-573">
         <name>.text</name>
         <load_address>0x11fc4</load_address>
         <run_address>0x11fc4</run_address>
         <size>0x1b6</size>
         <input_file_ref idref="fl-ec"/>
      </object_component>
      <object_component id="oc-2b5">
         <name>.text</name>
         <load_address>0x1217c</load_address>
         <run_address>0x1217c</run_address>
         <size>0x178</size>
         <input_file_ref idref="fl-a"/>
      </object_component>
      <object_component id="oc-509">
         <name>.text:_pconv_e</name>
         <load_address>0x122f4</load_address>
         <run_address>0x122f4</run_address>
         <size>0x13c</size>
         <input_file_ref idref="fl-ea"/>
      </object_component>
      <object_component id="oc-559">
         <name>.text</name>
         <load_address>0x12430</load_address>
         <run_address>0x12430</run_address>
         <size>0x136</size>
         <input_file_ref idref="fl-ee"/>
      </object_component>
      <object_component id="oc-1a2">
         <name>.text</name>
         <load_address>0x12568</load_address>
         <run_address>0x12568</run_address>
         <size>0x134</size>
         <input_file_ref idref="fl-4"/>
      </object_component>
      <object_component id="oc-585">
         <name>.text:fcvt</name>
         <load_address>0x1269c</load_address>
         <run_address>0x1269c</run_address>
         <size>0x124</size>
         <input_file_ref idref="fl-ea"/>
      </object_component>
      <object_component id="oc-599">
         <name>.text:scalbn</name>
         <load_address>0x127c0</load_address>
         <run_address>0x127c0</run_address>
         <size>0x110</size>
         <input_file_ref idref="fl-100"/>
      </object_component>
      <object_component id="oc-323">
         <name>.text:CS_getDCOFrequency</name>
         <load_address>0x128d0</load_address>
         <run_address>0x128d0</run_address>
         <size>0x104</size>
         <input_file_ref idref="fl-1f"/>
      </object_component>
      <object_component id="oc-1a8">
         <name>.text</name>
         <load_address>0x129d4</load_address>
         <run_address>0x129d4</run_address>
         <size>0xfe</size>
         <input_file_ref idref="fl-11"/>
      </object_component>
      <object_component id="oc-554">
         <name>.text</name>
         <load_address>0x12ad2</load_address>
         <run_address>0x12ad2</run_address>
         <size>0xfc</size>
         <input_file_ref idref="fl-ef"/>
      </object_component>
      <object_component id="oc-37b">
         <name>.text:CS_initClockSignal</name>
         <load_address>0x12bd0</load_address>
         <run_address>0x12bd0</run_address>
         <size>0xe0</size>
         <input_file_ref idref="fl-1f"/>
      </object_component>
      <object_component id="oc-53c">
         <name>.text:__PCM_setPowerModeAdvanced</name>
         <load_address>0x12cb0</load_address>
         <run_address>0x12cb0</run_address>
         <size>0xdc</size>
         <input_file_ref idref="fl-24"/>
      </object_component>
      <object_component id="oc-4f2">
         <name>.text:_ltostr</name>
         <load_address>0x12d8c</load_address>
         <run_address>0x12d8c</run_address>
         <size>0xb1</size>
         <input_file_ref idref="fl-ea"/>
      </object_component>
      <object_component id="oc-411">
         <name>.text:__PCM_setCoreVoltageLevelAdvanced</name>
         <load_address>0x12e40</load_address>
         <run_address>0x12e40</run_address>
         <size>0xb0</size>
         <input_file_ref idref="fl-24"/>
      </object_component>
      <object_component id="oc-41b">
         <name>.text:CS_startHFXTWithTimeout</name>
         <load_address>0x12ef0</load_address>
         <run_address>0x12ef0</run_address>
         <size>0x9c</size>
         <input_file_ref idref="fl-1f"/>
      </object_component>
      <object_component id="oc-210">
         <name>.text:_CSComputeCLKFrequency</name>
         <load_address>0x12f8c</load_address>
         <run_address>0x12f8c</run_address>
         <size>0x9c</size>
         <input_file_ref idref="fl-1f"/>
      </object_component>
      <object_component id="oc-37">
         <name>.text</name>
         <load_address>0x13028</load_address>
         <run_address>0x13028</run_address>
         <size>0x9c</size>
         <input_file_ref idref="fl-e2"/>
      </object_component>
      <object_component id="oc-4de">
         <name>.text</name>
         <load_address>0x130c4</load_address>
         <run_address>0x130c4</run_address>
         <size>0x96</size>
         <input_file_ref idref="fl-e4"/>
      </object_component>
      <object_component id="oc-2da">
         <name>.text:UART_initModule</name>
         <load_address>0x1315c</load_address>
         <run_address>0x1315c</run_address>
         <size>0x94</size>
         <input_file_ref idref="fl-28"/>
      </object_component>
      <object_component id="oc-4f8">
         <name>.text:__aeabi_cdcmple</name>
         <load_address>0x131f0</load_address>
         <run_address>0x131f0</run_address>
         <size>0x86</size>
         <input_file_ref idref="fl-ed"/>
      </object_component>
      <object_component id="oc-55e">
         <name>.text:__aeabi_cdrcmple</name>
         <load_address>0x13276</load_address>
         <run_address>0x13276</run_address>
         <size>0x86</size>
         <input_file_ref idref="fl-ed"/>
      </object_component>
      <object_component id="oc-2a3">
         <name>.text</name>
         <load_address>0x132fc</load_address>
         <run_address>0x132fc</run_address>
         <size>0x84</size>
         <input_file_ref idref="fl-9"/>
      </object_component>
      <object_component id="oc-98">
         <name>.text</name>
         <load_address>0x13380</load_address>
         <run_address>0x13380</run_address>
         <size>0x7a</size>
         <input_file_ref idref="fl-e5"/>
      </object_component>
      <object_component id="oc-4c7">
         <name>.text:_CSGetHFXTFrequency</name>
         <load_address>0x133fc</load_address>
         <run_address>0x133fc</run_address>
         <size>0x70</size>
         <input_file_ref idref="fl-1f"/>
      </object_component>
      <object_component id="oc-57e">
         <name>.text:_mcpy</name>
         <load_address>0x1346c</load_address>
         <run_address>0x1346c</run_address>
         <size>0x6e</size>
         <input_file_ref idref="fl-ea"/>
      </object_component>
      <object_component id="oc-43f">
         <name>.text</name>
         <load_address>0x134da</load_address>
         <run_address>0x134da</run_address>
         <size>0x6e</size>
         <input_file_ref idref="fl-e3"/>
      </object_component>
      <object_component id="oc-17">
         <name>.text:decompress:lzss:__TI_decompress_lzss</name>
         <load_address>0x13548</load_address>
         <run_address>0x13548</run_address>
         <size>0x68</size>
         <input_file_ref idref="fl-e8"/>
      </object_component>
      <object_component id="oc-138">
         <name>.text:Interrupt_disableInterrupt</name>
         <load_address>0x135b0</load_address>
         <run_address>0x135b0</run_address>
         <size>0x64</size>
         <input_file_ref idref="fl-23"/>
      </object_component>
      <object_component id="oc-12c">
         <name>.text:Interrupt_enableInterrupt</name>
         <load_address>0x13614</load_address>
         <run_address>0x13614</run_address>
         <size>0x64</size>
         <input_file_ref idref="fl-23"/>
      </object_component>
      <object_component id="oc-593">
         <name>.text:frexp</name>
         <load_address>0x13678</load_address>
         <run_address>0x13678</run_address>
         <size>0x64</size>
         <input_file_ref idref="fl-ff"/>
      </object_component>
      <object_component id="oc-503">
         <name>.text:_pconv_f</name>
         <load_address>0x136dc</load_address>
         <run_address>0x136dc</run_address>
         <size>0x56</size>
         <input_file_ref idref="fl-ea"/>
      </object_component>
      <object_component id="oc-568">
         <name>.text:__TI_ltoa</name>
         <load_address>0x13732</load_address>
         <run_address>0x13732</run_address>
         <size>0x54</size>
         <input_file_ref idref="fl-f7"/>
      </object_component>
      <object_component id="oc-578">
         <name>.text:_ecpy</name>
         <load_address>0x13786</load_address>
         <run_address>0x13786</run_address>
         <size>0x52</size>
         <input_file_ref idref="fl-ea"/>
      </object_component>
      <object_component id="oc-402">
         <name>.text:SysCtl_getTLVInfo</name>
         <load_address>0x137d8</load_address>
         <run_address>0x137d8</run_address>
         <size>0x50</size>
         <input_file_ref idref="fl-26"/>
      </object_component>
      <object_component id="oc-fc">
         <name>.text:GPIO_setAsPeripheralModuleFunctionOutputPin</name>
         <load_address>0x13828</load_address>
         <run_address>0x13828</run_address>
         <size>0x4c</size>
         <input_file_ref idref="fl-21"/>
      </object_component>
      <object_component id="oc-3fc">
         <name>.text:_CSGetDOCFrequency</name>
         <load_address>0x13874</load_address>
         <run_address>0x13874</run_address>
         <size>0x4c</size>
         <input_file_ref idref="fl-1f"/>
      </object_component>
      <object_component id="oc-4ec">
         <name>.text:atoi</name>
         <load_address>0x138c0</load_address>
         <run_address>0x138c0</run_address>
         <size>0x4c</size>
         <input_file_ref idref="fl-f9"/>
      </object_component>
      <object_component id="oc-3b2">
         <name>.text:snprintf</name>
         <load_address>0x1390c</load_address>
         <run_address>0x1390c</run_address>
         <size>0x4c</size>
         <input_file_ref idref="fl-e0"/>
      </object_component>
      <object_component id="oc-1b4">
         <name>.text</name>
         <load_address>0x13958</load_address>
         <run_address>0x13958</run_address>
         <size>0x4c</size>
         <input_file_ref idref="fl-5"/>
      </object_component>
      <object_component id="oc-2ce">
         <name>.text:GPIO_setAsPeripheralModuleFunctionInputPin</name>
         <load_address>0x139a4</load_address>
         <run_address>0x139a4</run_address>
         <size>0x48</size>
         <input_file_ref idref="fl-21"/>
      </object_component>
      <object_component id="oc-31d">
         <name>.text:_CSGetDividerValue</name>
         <load_address>0x139ec</load_address>
         <run_address>0x139ec</run_address>
         <size>0x48</size>
         <input_file_ref idref="fl-1f"/>
      </object_component>
      <object_component id="oc-563">
         <name>.text</name>
         <load_address>0x13a34</load_address>
         <run_address>0x13a34</run_address>
         <size>0x48</size>
         <input_file_ref idref="fl-f0"/>
      </object_component>
      <object_component id="oc-1d7">
         <name>.text:__TI_auto_init_nobinit_nopinit:__TI_auto_init_nobinit_nopinit</name>
         <load_address>0x13a7c</load_address>
         <run_address>0x13a7c</run_address>
         <size>0x44</size>
         <input_file_ref idref="fl-f2"/>
      </object_component>
      <object_component id="oc-10e">
         <name>.text:I2C_initMaster</name>
         <load_address>0x13ac0</load_address>
         <run_address>0x13ac0</run_address>
         <size>0x3e</size>
         <input_file_ref idref="fl-22"/>
      </object_component>
      <object_component id="oc-58b">
         <name>.text:_fcpy</name>
         <load_address>0x13afe</load_address>
         <run_address>0x13afe</run_address>
         <size>0x3e</size>
         <input_file_ref idref="fl-ea"/>
      </object_component>
      <object_component id="oc-6d">
         <name>.text</name>
         <load_address>0x13b3c</load_address>
         <run_address>0x13b3c</run_address>
         <size>0x3c</size>
         <input_file_ref idref="fl-15"/>
      </object_component>
      <object_component id="oc-196">
         <name>.text</name>
         <load_address>0x13b78</load_address>
         <run_address>0x13b78</run_address>
         <size>0x3a</size>
         <input_file_ref idref="fl-16"/>
      </object_component>
      <object_component id="oc-1ae">
         <name>.text</name>
         <load_address>0x13bb2</load_address>
         <run_address>0x13bb2</run_address>
         <size>0x38</size>
         <input_file_ref idref="fl-7"/>
      </object_component>
      <object_component id="oc-126">
         <name>.text:I2C_masterSendMultiByteStart</name>
         <load_address>0x13bec</load_address>
         <run_address>0x13bec</run_address>
         <size>0x38</size>
         <input_file_ref idref="fl-22"/>
      </object_component>
      <object_component id="oc-55">
         <name>.text:_c_int00_noargs:_c_int00_noargs</name>
         <load_address>0x13c24</load_address>
         <run_address>0x13c24</run_address>
         <size>0x34</size>
         <input_file_ref idref="fl-e9"/>
      </object_component>
      <object_component id="oc-156">
         <name>.text:I2C_masterSendMultiByteStop</name>
         <load_address>0x13c58</load_address>
         <run_address>0x13c58</run_address>
         <size>0x30</size>
         <input_file_ref idref="fl-22"/>
      </object_component>
      <object_component id="oc-455">
         <name>.text:_outs</name>
         <load_address>0x13c88</load_address>
         <run_address>0x13c88</run_address>
         <size>0x30</size>
         <input_file_ref idref="fl-e0"/>
      </object_component>
      <object_component id="oc-56e">
         <name>.text</name>
         <load_address>0x13cb8</load_address>
         <run_address>0x13cb8</run_address>
         <size>0x2e</size>
         <input_file_ref idref="fl-f1"/>
      </object_component>
      <object_component id="oc-4a5">
         <name>.text:PCM_getCoreVoltageLevel</name>
         <load_address>0x13ce6</load_address>
         <run_address>0x13ce6</run_address>
         <size>0x2c</size>
         <input_file_ref idref="fl-24"/>
      </object_component>
      <object_component id="oc-49f">
         <name>.text:PCM_getPowerMode</name>
         <load_address>0x13d12</load_address>
         <run_address>0x13d12</run_address>
         <size>0x2a</size>
         <input_file_ref idref="fl-24"/>
      </object_component>
      <object_component id="oc-36f">
         <name>.text:FlashCtl_setWaitState</name>
         <load_address>0x13d3c</load_address>
         <run_address>0x13d3c</run_address>
         <size>0x28</size>
         <input_file_ref idref="fl-20"/>
      </object_component>
      <object_component id="oc-38f">
         <name>.text</name>
         <load_address>0x13d64</load_address>
         <run_address>0x13d64</run_address>
         <size>0x26</size>
         <input_file_ref idref="fl-f"/>
      </object_component>
      <object_component id="oc-329">
         <name>.text:CS_clearInterruptFlag</name>
         <load_address>0x13d8c</load_address>
         <run_address>0x13d8c</run_address>
         <size>0x24</size>
         <input_file_ref idref="fl-1f"/>
      </object_component>
      <object_component id="oc-2d4">
         <name>.text:CS_setDCOCenteredFrequency</name>
         <load_address>0x13db0</load_address>
         <run_address>0x13db0</run_address>
         <size>0x24</size>
         <input_file_ref idref="fl-1f"/>
      </object_component>
      <object_component id="oc-162">
         <name>.text:I2C_masterSendMultiByteNext</name>
         <load_address>0x13dd4</load_address>
         <run_address>0x13dd4</run_address>
         <size>0x24</size>
         <input_file_ref idref="fl-22"/>
      </object_component>
      <object_component id="oc-39b">
         <name>.text:Interrupt_setPriority</name>
         <load_address>0x13df8</load_address>
         <run_address>0x13df8</run_address>
         <size>0x24</size>
         <input_file_ref idref="fl-23"/>
      </object_component>
      <object_component id="oc-2c8">
         <name>.text:UART_transmitData</name>
         <load_address>0x13e1c</load_address>
         <run_address>0x13e1c</run_address>
         <size>0x24</size>
         <input_file_ref idref="fl-28"/>
      </object_component>
      <object_component id="oc-25d">
         <name>.text</name>
         <load_address>0x13e40</load_address>
         <run_address>0x13e40</run_address>
         <size>0x20</size>
         <input_file_ref idref="fl-13"/>
      </object_component>
      <object_component id="oc-515">
         <name>.text:memccpy</name>
         <load_address>0x13e60</load_address>
         <run_address>0x13e60</run_address>
         <size>0x1c</size>
         <input_file_ref idref="fl-fb"/>
      </object_component>
      <object_component id="oc-5db">
         <name>.text:copysign</name>
         <load_address>0x13e7c</load_address>
         <run_address>0x13e7c</run_address>
         <size>0x1a</size>
         <input_file_ref idref="fl-102"/>
      </object_component>
      <object_component id="oc-c7">
         <name>.text:CS_getMCLK</name>
         <load_address>0x13e98</load_address>
         <run_address>0x13e98</run_address>
         <size>0x18</size>
         <input_file_ref idref="fl-1f"/>
      </object_component>
      <object_component id="oc-f6">
         <name>.text:CS_getSMCLK</name>
         <load_address>0x13eb0</load_address>
         <run_address>0x13eb0</run_address>
         <size>0x18</size>
         <input_file_ref idref="fl-1f"/>
      </object_component>
      <object_component id="oc-297">
         <name>.text:WDT_A_clearTimer</name>
         <load_address>0x13ec8</load_address>
         <run_address>0x13ec8</run_address>
         <size>0x18</size>
         <input_file_ref idref="fl-29"/>
      </object_component>
      <object_component id="oc-29d">
         <name>.text:WDT_A_holdTimer</name>
         <load_address>0x13ee0</load_address>
         <run_address>0x13ee0</run_address>
         <size>0x18</size>
         <input_file_ref idref="fl-29"/>
      </object_component>
      <object_component id="oc-45b">
         <name>.text:_outc</name>
         <load_address>0x13ef8</load_address>
         <run_address>0x13ef8</run_address>
         <size>0x18</size>
         <input_file_ref idref="fl-e0"/>
      </object_component>
      <object_component id="oc-43a">
         <name>.text</name>
         <load_address>0x13f10</load_address>
         <run_address>0x13f10</run_address>
         <size>0x18</size>
         <input_file_ref idref="fl-e1"/>
      </object_component>
      <object_component id="oc-59f">
         <name>.text:strchr</name>
         <load_address>0x13f28</load_address>
         <run_address>0x13f28</run_address>
         <size>0x16</size>
         <input_file_ref idref="fl-fc"/>
      </object_component>
      <object_component id="oc-369">
         <name>.text:CS_setExternalClockSourceFrequency</name>
         <load_address>0x13f40</load_address>
         <run_address>0x13f40</run_address>
         <size>0x14</size>
         <input_file_ref idref="fl-1f"/>
      </object_component>
      <object_component id="oc-102">
         <name>.text:I2C_isBusBusy</name>
         <load_address>0x13f54</load_address>
         <run_address>0x13f54</run_address>
         <size>0x14</size>
         <input_file_ref idref="fl-22"/>
      </object_component>
      <object_component id="oc-c1">
         <name>.text:SysTick_enableInterrupt</name>
         <load_address>0x13f68</load_address>
         <run_address>0x13f68</run_address>
         <size>0x14</size>
         <input_file_ref idref="fl-27"/>
      </object_component>
      <object_component id="oc-4e6">
         <name>.text:strlen</name>
         <load_address>0x13f7c</load_address>
         <run_address>0x13f7c</run_address>
         <size>0x14</size>
         <input_file_ref idref="fl-fd"/>
      </object_component>
      <object_component id="oc-51b">
         <name>.text:wcslen</name>
         <load_address>0x13f90</load_address>
         <run_address>0x13f90</run_address>
         <size>0x12</size>
         <input_file_ref idref="fl-101"/>
      </object_component>
      <object_component id="oc-144">
         <name>.text:I2C_masterReceiveStart</name>
         <load_address>0x13fa2</load_address>
         <run_address>0x13fa2</run_address>
         <size>0x10</size>
         <input_file_ref idref="fl-22"/>
      </object_component>
      <object_component id="oc-4c1">
         <name>.text:SysCtl_disableNMISource</name>
         <load_address>0x13fb4</load_address>
         <run_address>0x13fb4</run_address>
         <size>0x10</size>
         <input_file_ref idref="fl-26"/>
      </object_component>
      <object_component id="oc-4cd">
         <name>.text:SysCtl_enableNMISource</name>
         <load_address>0x13fc4</load_address>
         <run_address>0x13fc4</run_address>
         <size>0x10</size>
         <input_file_ref idref="fl-26"/>
      </object_component>
      <object_component id="oc-150">
         <name>.text:I2C_clearInterruptFlag</name>
         <load_address>0x13fd4</load_address>
         <run_address>0x13fd4</run_address>
         <size>0xe</size>
         <input_file_ref idref="fl-22"/>
      </object_component>
      <object_component id="oc-132">
         <name>.text:I2C_disableInterrupt</name>
         <load_address>0x13fe2</load_address>
         <run_address>0x13fe2</run_address>
         <size>0xe</size>
         <input_file_ref idref="fl-22"/>
      </object_component>
      <object_component id="oc-1d">
         <name>.text:decompress:none:__TI_decompress_none</name>
         <load_address>0x13ff0</load_address>
         <run_address>0x13ff0</run_address>
         <size>0xe</size>
         <input_file_ref idref="fl-e7"/>
      </object_component>
      <object_component id="oc-67">
         <name>.text</name>
         <load_address>0x13ffe</load_address>
         <run_address>0x13ffe</run_address>
         <size>0xe</size>
         <input_file_ref idref="fl-2"/>
      </object_component>
      <object_component id="oc-108">
         <name>.text:I2C_disableModule</name>
         <load_address>0x1400c</load_address>
         <run_address>0x1400c</run_address>
         <size>0xc</size>
         <input_file_ref idref="fl-22"/>
      </object_component>
      <object_component id="oc-11a">
         <name>.text:I2C_enableModule</name>
         <load_address>0x14018</load_address>
         <run_address>0x14018</run_address>
         <size>0xc</size>
         <input_file_ref idref="fl-22"/>
      </object_component>
      <object_component id="oc-4ab">
         <name>.text:PCM_getPowerState</name>
         <load_address>0x14024</load_address>
         <run_address>0x14024</run_address>
         <size>0xc</size>
         <input_file_ref idref="fl-24"/>
      </object_component>
      <object_component id="oc-4bb">
         <name>.text:SysCtl_getNMISourceStatus</name>
         <load_address>0x14030</load_address>
         <run_address>0x14030</run_address>
         <size>0xc</size>
         <input_file_ref idref="fl-26"/>
      </object_component>
      <object_component id="oc-2e0">
         <name>.text:UART_enableModule</name>
         <load_address>0x1403c</load_address>
         <run_address>0x1403c</run_address>
         <size>0xc</size>
         <input_file_ref idref="fl-28"/>
      </object_component>
      <object_component id="oc-49">
         <name>.text:decompress:ZI:__TI_zero_init</name>
         <load_address>0x14048</load_address>
         <run_address>0x14048</run_address>
         <size>0xc</size>
         <input_file_ref idref="fl-e6"/>
      </object_component>
      <object_component id="oc-120">
         <name>.text:I2C_enableInterrupt</name>
         <load_address>0x14054</load_address>
         <run_address>0x14054</run_address>
         <size>0x8</size>
         <input_file_ref idref="fl-22"/>
      </object_component>
      <object_component id="oc-363">
         <name>.text:PCM_setCoreVoltageLevel</name>
         <load_address>0x1405c</load_address>
         <run_address>0x1405c</run_address>
         <size>0x8</size>
         <input_file_ref idref="fl-24"/>
      </object_component>
      <object_component id="oc-4b1">
         <name>.text:PCM_setPowerMode</name>
         <load_address>0x14064</load_address>
         <run_address>0x14064</run_address>
         <size>0x8</size>
         <input_file_ref idref="fl-24"/>
      </object_component>
      <object_component id="oc-521">
         <name>.text:__aeabi_errno_addr</name>
         <load_address>0x1406c</load_address>
         <run_address>0x1406c</run_address>
         <size>0x8</size>
         <input_file_ref idref="fl-fe"/>
      </object_component>
      <object_component id="oc-375">
         <name>.text:CS_startHFXT</name>
         <load_address>0x14074</load_address>
         <run_address>0x14074</run_address>
         <size>0x6</size>
         <input_file_ref idref="fl-1f"/>
      </object_component>
      <object_component id="oc-14a">
         <name>.text:I2C_getEnabledInterruptStatus</name>
         <load_address>0x1407a</load_address>
         <run_address>0x1407a</run_address>
         <size>0x6</size>
         <input_file_ref idref="fl-22"/>
      </object_component>
      <object_component id="oc-13e">
         <name>.text:I2C_getInterruptStatus</name>
         <load_address>0x14080</load_address>
         <run_address>0x14080</run_address>
         <size>0x6</size>
         <input_file_ref idref="fl-22"/>
      </object_component>
      <object_component id="oc-15c">
         <name>.text:I2C_masterReceiveMultiByteNext</name>
         <load_address>0x14086</load_address>
         <run_address>0x14086</run_address>
         <size>0x6</size>
         <input_file_ref idref="fl-22"/>
      </object_component>
      <object_component id="oc-42f">
         <name>.text:SysCtlDelay</name>
         <load_address>0x1408c</load_address>
         <run_address>0x1408c</run_address>
         <size>0x6</size>
         <input_file_ref idref="fl-f"/>
      </object_component>
      <object_component id="oc-114">
         <name>.text:I2C_setSlaveAddress</name>
         <load_address>0x14092</load_address>
         <run_address>0x14092</run_address>
         <size>0x4</size>
         <input_file_ref idref="fl-22"/>
      </object_component>
      <object_component id="oc-9e">
         <name>.text:_system_pre_init</name>
         <load_address>0x14096</load_address>
         <run_address>0x14096</run_address>
         <size>0x4</size>
         <input_file_ref idref="fl-f3"/>
      </object_component>
      <object_component id="oc-1cb">
         <name>.text:abort:abort</name>
         <load_address>0x1409a</load_address>
         <run_address>0x1409a</run_address>
         <size>0x4</size>
         <input_file_ref idref="fl-f5"/>
      </object_component>
      <object_component id="oc-54d">
         <name>.const:.string:_ctypes_</name>
         <load_address>0x140a0</load_address>
         <run_address>0x140a0</run_address>
         <size>0x101</size>
         <input_file_ref idref="fl-fa"/>
      </object_component>
      <object_component id="oc-27b">
         <name>.const:.string:INVALID_OFFSET</name>
         <load_address>0x141a1</load_address>
         <run_address>0x141a1</run_address>
         <size>0x3</size>
         <input_file_ref idref="fl-d"/>
      </object_component>
      <object_component id="oc-431">
         <name>.const:g_pulRegs</name>
         <load_address>0x141a4</load_address>
         <run_address>0x141a4</run_address>
         <size>0x50</size>
         <input_file_ref idref="fl-23"/>
      </object_component>
      <object_component id="oc-23e">
         <name>.const</name>
         <load_address>0x141f4</load_address>
         <run_address>0x141f4</run_address>
         <size>0x40</size>
         <input_file_ref idref="fl-23"/>
      </object_component>
      <object_component id="oc-2e6">
         <name>.const:Uart115200Config</name>
         <load_address>0x14234</load_address>
         <run_address>0x14234</run_address>
         <size>0x24</size>
         <input_file_ref idref="fl-5"/>
      </object_component>
      <object_component id="oc-3b8">
         <name>.const:backChannelUart115200Config</name>
         <load_address>0x14258</load_address>
         <run_address>0x14258</run_address>
         <size>0x24</size>
         <input_file_ref idref="fl-8"/>
      </object_component>
      <object_component id="oc-d9">
         <name>.const:$P$T2$1</name>
         <load_address>0x1427c</load_address>
         <run_address>0x1427c</run_address>
         <size>0xc</size>
         <input_file_ref idref="fl-14"/>
      </object_component>
      <object_component id="oc-27e">
         <name>.const:yas532_version_ac_coef</name>
         <load_address>0x14288</load_address>
         <run_address>0x14288</run_address>
         <size>0xc</size>
         <input_file_ref idref="fl-d"/>
      </object_component>
      <object_component id="oc-282">
         <name>.const:v_calib_data$2</name>
         <load_address>0x14294</load_address>
         <run_address>0x14294</run_address>
         <size>0x8</size>
         <input_file_ref idref="fl-d"/>
      </object_component>
      <object_component id="oc-3ae">
         <name>.const:.string:$P$T0$1</name>
         <load_address>0x1429c</load_address>
         <run_address>0x1429c</run_address>
         <size>0x5</size>
         <input_file_ref idref="fl-c"/>
      </object_component>
      <object_component id="oc-281">
         <name>.const:.string:v_correct_u8$1</name>
         <load_address>0x142a1</load_address>
         <run_address>0x142a1</run_address>
         <size>0x5</size>
         <input_file_ref idref="fl-d"/>
      </object_component>
      <object_component id="oc-638">
         <name>.cinit..data.load</name>
         <load_address>0x142a8</load_address>
         <run_address>0x142a8</run_address>
         <size>0x73</size>
      </object_component>
      <object_component id="oc-636">
         <name>__TI_handler_table</name>
         <load_address>0x1431c</load_address>
         <run_address>0x1431c</run_address>
         <size>0xc</size>
      </object_component>
      <object_component id="oc-639">
         <name>.cinit..bss.load</name>
         <load_address>0x14328</load_address>
         <run_address>0x14328</run_address>
         <size>0x8</size>
      </object_component>
      <object_component id="oc-637">
         <name>__TI_cinit_table</name>
         <load_address>0x14330</load_address>
         <run_address>0x14330</run_address>
         <size>0x10</size>
      </object_component>
      <object_component id="oc-60a">
         <name>.binit</name>
         <load_address>0x0</load_address>
         <run_address>0x0</run_address>
         <size>0x0</size>
      </object_component>
      <object_component id="oc-209">
         <name>.data</name>
         <load_address>0x20007158</load_address>
         <run_address>0x20007158</run_address>
         <size>0x4</size>
         <input_file_ref idref="fl-3"/>
      </object_component>
      <object_component id="oc-289">
         <name>.data:i2cLock$1</name>
         <load_address>0x2000714c</load_address>
         <run_address>0x2000714c</run_address>
         <size>0x4</size>
         <input_file_ref idref="fl-4"/>
      </object_component>
      <object_component id="oc-26f">
         <name>.data</name>
         <load_address>0x20007134</load_address>
         <run_address>0x20007134</run_address>
         <size>0x8</size>
         <input_file_ref idref="fl-d"/>
      </object_component>
      <object_component id="oc-267">
         <name>.data:v_fifo_data_u8</name>
         <load_address>0x20006ca0</load_address>
         <run_address>0x20006ca0</run_address>
         <size>0x400</size>
         <input_file_ref idref="fl-d"/>
      </object_component>
      <object_component id="oc-170">
         <name>.data</name>
         <load_address>0x20007132</load_address>
         <run_address>0x20007132</run_address>
         <size>0x1</size>
         <input_file_ref idref="fl-10"/>
      </object_component>
      <object_component id="oc-168">
         <name>.data:i2cConfig</name>
         <load_address>0x200070d0</load_address>
         <run_address>0x200070d0</run_address>
         <size>0x14</size>
         <input_file_ref idref="fl-10"/>
      </object_component>
      <object_component id="oc-bd">
         <name>.data</name>
         <load_address>0x2000713c</load_address>
         <run_address>0x2000713c</run_address>
         <size>0x5</size>
         <input_file_ref idref="fl-14"/>
      </object_component>
      <object_component id="oc-1ba">
         <name>.data:sensorSem</name>
         <load_address>0x20007154</load_address>
         <run_address>0x20007154</run_address>
         <size>0x4</size>
         <input_file_ref idref="fl-17"/>
      </object_component>
      <object_component id="oc-1bf">
         <name>.data:rightwardLookup$2</name>
         <load_address>0x20007104</load_address>
         <run_address>0x20007104</run_address>
         <size>0x10</size>
         <input_file_ref idref="fl-17"/>
      </object_component>
      <object_component id="oc-1be">
         <name>.data:leftwardLookup$3</name>
         <load_address>0x200070e4</load_address>
         <run_address>0x200070e4</run_address>
         <size>0x10</size>
         <input_file_ref idref="fl-17"/>
      </object_component>
      <object_component id="oc-1c0">
         <name>.data:ledLookupLowLight$5</name>
         <load_address>0x20007124</load_address>
         <run_address>0x20007124</run_address>
         <size>0xe</size>
         <input_file_ref idref="fl-17"/>
      </object_component>
      <object_component id="oc-1c2">
         <name>.data:rightwardLookup$7</name>
         <load_address>0x20007114</load_address>
         <run_address>0x20007114</run_address>
         <size>0x10</size>
         <input_file_ref idref="fl-17"/>
      </object_component>
      <object_component id="oc-1c1">
         <name>.data:leftwardLookup$8</name>
         <load_address>0x200070f4</load_address>
         <run_address>0x200070f4</run_address>
         <size>0x10</size>
         <input_file_ref idref="fl-17"/>
      </object_component>
      <object_component id="oc-2f0">
         <name>.data:counters</name>
         <load_address>0x20007148</load_address>
         <run_address>0x20007148</run_address>
         <size>0x4</size>
         <input_file_ref idref="fl-18"/>
      </object_component>
      <object_component id="oc-2ed">
         <name>.data:counterSem</name>
         <load_address>0x20007144</load_address>
         <run_address>0x20007144</run_address>
         <size>0x4</size>
         <input_file_ref idref="fl-18"/>
      </object_component>
      <object_component id="oc-231">
         <name>.data:GPIO_PORT_TO_BASE</name>
         <load_address>0x200070a0</load_address>
         <run_address>0x200070a0</run_address>
         <size>0x30</size>
         <input_file_ref idref="fl-21"/>
      </object_component>
      <object_component id="oc-5af">
         <name>.data</name>
         <load_address>0x20007150</load_address>
         <run_address>0x20007150</run_address>
         <size>0x4</size>
         <input_file_ref idref="fl-fe"/>
      </object_component>
      <object_component id="oc-3bb">
         <name>.bss:backChannelStringBuff</name>
         <uninitialized>true</uninitialized>
         <run_address>0x20006a44</run_address>
         <size>0x100</size>
         <input_file_ref idref="fl-8"/>
      </object_component>
      <object_component id="oc-437">
         <name>.bss</name>
         <uninitialized>true</uninitialized>
         <run_address>0x20006c74</run_address>
         <size>0x4</size>
         <input_file_ref idref="fl-b"/>
      </object_component>
      <object_component id="oc-264">
         <name>.bss</name>
         <uninitialized>true</uninitialized>
         <run_address>0x20006c78</run_address>
         <size>0x4</size>
         <input_file_ref idref="fl-d"/>
      </object_component>
      <object_component id="oc-272">
         <name>.bss:mag_trim</name>
         <uninitialized>true</uninitialized>
         <run_address>0x20006c4c</run_address>
         <size>0x10</size>
         <input_file_ref idref="fl-d"/>
      </object_component>
      <object_component id="oc-275">
         <name>.bss:akm_asa_data</name>
         <uninitialized>true</uninitialized>
         <run_address>0x20006c98</run_address>
         <size>0x3</size>
         <input_file_ref idref="fl-d"/>
      </object_component>
      <object_component id="oc-278">
         <name>.bss:yas532_data</name>
         <uninitialized>true</uninitialized>
         <run_address>0x20006b44</run_address>
         <size>0x70</size>
         <input_file_ref idref="fl-d"/>
      </object_component>
      <object_component id="oc-385">
         <name>.bss:buf</name>
         <uninitialized>true</uninitialized>
         <run_address>0x20006c7c</run_address>
         <size>0x4</size>
         <input_file_ref idref="fl-12"/>
      </object_component>
      <object_component id="oc-382">
         <name>.bss</name>
         <uninitialized>true</uninitialized>
         <run_address>0x20006c6e</run_address>
         <size>0x2</size>
         <input_file_ref idref="fl-12"/>
      </object_component>
      <object_component id="oc-d3">
         <name>.bss:threadControlBlocks</name>
         <uninitialized>true</uninitialized>
         <run_address>0x20006bb4</run_address>
         <size>0x48</size>
         <input_file_ref idref="fl-14"/>
      </object_component>
      <object_component id="oc-d6">
         <name>.bss:threadStacks</name>
         <uninitialized>true</uninitialized>
         <run_address>0x20000000</run_address>
         <size>0x6000</size>
         <input_file_ref idref="fl-14"/>
      </object_component>
      <object_component id="oc-d0">
         <name>.bss</name>
         <uninitialized>true</uninitialized>
         <run_address>0x20006c70</run_address>
         <size>0x4</size>
         <input_file_ref idref="fl-14"/>
      </object_component>
      <object_component id="oc-1bd">
         <name>.bss</name>
         <uninitialized>true</uninitialized>
         <run_address>0x20006c5c</run_address>
         <size>0x6</size>
         <input_file_ref idref="fl-17"/>
      </object_component>
      <object_component id="oc-3a1">
         <name>.common:ButtonFunction</name>
         <uninitialized>true</uninitialized>
         <run_address>0x20006c80</run_address>
         <size>0x4</size>
      </object_component>
      <object_component id="oc-3ab">
         <name>.common:bme280</name>
         <uninitialized>true</uninitialized>
         <run_address>0x20006bfc</run_address>
         <size>0x3c</size>
      </object_component>
      <object_component id="oc-26a">
         <name>.common:accel_fifo</name>
         <uninitialized>true</uninitialized>
         <run_address>0x20006000</run_address>
         <size>0x36c</size>
      </object_component>
      <object_component id="oc-26d">
         <name>.common:gyro_fifo</name>
         <uninitialized>true</uninitialized>
         <run_address>0x2000636c</run_address>
         <size>0x36c</size>
      </object_component>
      <object_component id="oc-26e">
         <name>.common:mag_fifo</name>
         <uninitialized>true</uninitialized>
         <run_address>0x200066d8</run_address>
         <size>0x36c</size>
      </object_component>
      <object_component id="oc-38a">
         <name>.common:s_bmi160</name>
         <uninitialized>true</uninitialized>
         <run_address>0x20006c38</run_address>
         <size>0x14</size>
      </object_component>
      <object_component id="oc-38d">
         <name>.common:gyroxyz</name>
         <uninitialized>true</uninitialized>
         <run_address>0x20006c68</run_address>
         <size>0x6</size>
      </object_component>
      <object_component id="oc-38e">
         <name>.common:accelxyz</name>
         <uninitialized>true</uninitialized>
         <run_address>0x20006c62</run_address>
         <size>0x6</size>
      </object_component>
      <object_component id="oc-16e">
         <name>.common:ui8Status</name>
         <uninitialized>true</uninitialized>
         <run_address>0x20006c9c</run_address>
         <size>0x1</size>
      </object_component>
      <object_component id="oc-16b">
         <name>.common:pData</name>
         <uninitialized>true</uninitialized>
         <run_address>0x20006c90</run_address>
         <size>0x4</size>
      </object_component>
      <object_component id="oc-173">
         <name>.common:ui8DummyRead</name>
         <uninitialized>true</uninitialized>
         <run_address>0x20006c9b</run_address>
         <size>0x1</size>
      </object_component>
      <object_component id="oc-16f">
         <name>.common:g_ui32ByteCount</name>
         <uninitialized>true</uninitialized>
         <run_address>0x20006c84</run_address>
         <size>0x4</size>
      </object_component>
      <object_component id="oc-cd">
         <name>.common:systemTime</name>
         <uninitialized>true</uninitialized>
         <run_address>0x20006c94</run_address>
         <size>0x4</size>
      </object_component>
      <object_component id="oc-32f">
         <name>.common:hfxtFreq</name>
         <uninitialized>true</uninitialized>
         <run_address>0x20006c88</run_address>
         <size>0x4</size>
      </object_component>
      <object_component id="oc-332">
         <name>.common:lfxtFreq</name>
         <uninitialized>true</uninitialized>
         <run_address>0x20006c8c</run_address>
         <size>0x4</size>
      </object_component>
      <object_component id="oc-29">
         <name>.stack</name>
         <uninitialized>true</uninitialized>
         <run_address>0x2000fe00</run_address>
         <size>0x4</size>
         <input_file_ref idref="fl-e9"/>
      </object_component>
      <object_component id="oc-63b">
         <name>.stack</name>
         <uninitialized>true</uninitialized>
         <run_address>0x2000fe00</run_address>
         <size>0x0</size>
      </object_component>
      <object_component id="oc-80">
         <name>.debug_info</name>
         <load_address>0x0</load_address>
         <run_address>0x0</run_address>
         <size>0x2e8</size>
         <input_file_ref idref="fl-2"/>
      </object_component>
      <object_component id="oc-27">
         <name>.debug_info</name>
         <load_address>0x2e8</load_address>
         <run_address>0x2e8</run_address>
         <size>0x114</size>
         <input_file_ref idref="fl-2"/>
      </object_component>
      <object_component id="oc-6b">
         <name>.debug_info</name>
         <load_address>0x3fc</load_address>
         <run_address>0x3fc</run_address>
         <size>0x1db</size>
         <input_file_ref idref="fl-2"/>
      </object_component>
      <object_component id="oc-181">
         <name>.debug_info</name>
         <load_address>0x5d7</load_address>
         <run_address>0x5d7</run_address>
         <size>0x26b</size>
         <input_file_ref idref="fl-2"/>
      </object_component>
      <object_component id="oc-32">
         <name>.debug_info</name>
         <load_address>0x842</load_address>
         <run_address>0x842</run_address>
         <size>0x84</size>
         <input_file_ref idref="fl-2"/>
      </object_component>
      <object_component id="oc-22b">
         <name>.debug_info</name>
         <load_address>0x8c6</load_address>
         <run_address>0x8c6</run_address>
         <size>0x2a4</size>
         <input_file_ref idref="fl-2"/>
      </object_component>
      <object_component id="oc-dd">
         <name>.debug_info</name>
         <load_address>0xb6a</load_address>
         <run_address>0xb6a</run_address>
         <size>0xef</size>
         <input_file_ref idref="fl-2"/>
      </object_component>
      <object_component id="oc-ec">
         <name>.debug_info</name>
         <load_address>0xc59</load_address>
         <run_address>0xc59</run_address>
         <size>0xbb</size>
         <input_file_ref idref="fl-2"/>
      </object_component>
      <object_component id="oc-25c">
         <name>.debug_info</name>
         <load_address>0xd14</load_address>
         <run_address>0xd14</run_address>
         <size>0x556</size>
         <input_file_ref idref="fl-3"/>
      </object_component>
      <object_component id="oc-20a">
         <name>.debug_info</name>
         <load_address>0x126a</load_address>
         <run_address>0x126a</run_address>
         <size>0x10d</size>
         <input_file_ref idref="fl-3"/>
      </object_component>
      <object_component id="oc-b7">
         <name>.debug_info</name>
         <load_address>0x1377</load_address>
         <run_address>0x1377</run_address>
         <size>0x27f</size>
         <input_file_ref idref="fl-3"/>
      </object_component>
      <object_component id="oc-17a">
         <name>.debug_info</name>
         <load_address>0x15f6</load_address>
         <run_address>0x15f6</run_address>
         <size>0x37e2</size>
         <input_file_ref idref="fl-3"/>
      </object_component>
      <object_component id="oc-21e">
         <name>.debug_info</name>
         <load_address>0x4dd8</load_address>
         <run_address>0x4dd8</run_address>
         <size>0x1055</size>
         <input_file_ref idref="fl-3"/>
      </object_component>
      <object_component id="oc-1a4">
         <name>.debug_info</name>
         <load_address>0x5e2d</load_address>
         <run_address>0x5e2d</run_address>
         <size>0x456</size>
         <input_file_ref idref="fl-4"/>
      </object_component>
      <object_component id="oc-28b">
         <name>.debug_info</name>
         <load_address>0x6283</load_address>
         <run_address>0x6283</run_address>
         <size>0x4a</size>
         <input_file_ref idref="fl-4"/>
      </object_component>
      <object_component id="oc-255">
         <name>.debug_info</name>
         <load_address>0x62cd</load_address>
         <run_address>0x62cd</run_address>
         <size>0x9a</size>
         <input_file_ref idref="fl-4"/>
      </object_component>
      <object_component id="oc-290">
         <name>.debug_info</name>
         <load_address>0x6367</load_address>
         <run_address>0x6367</run_address>
         <size>0x55</size>
         <input_file_ref idref="fl-4"/>
      </object_component>
      <object_component id="oc-3cf">
         <name>.debug_info</name>
         <load_address>0x63bc</load_address>
         <run_address>0x63bc</run_address>
         <size>0xee</size>
         <input_file_ref idref="fl-4"/>
      </object_component>
      <object_component id="oc-2ea">
         <name>.debug_info</name>
         <load_address>0x64aa</load_address>
         <run_address>0x64aa</run_address>
         <size>0x722</size>
         <input_file_ref idref="fl-5"/>
      </object_component>
      <object_component id="oc-2e7">
         <name>.debug_info</name>
         <load_address>0x6bcc</load_address>
         <run_address>0x6bcc</run_address>
         <size>0x15f</size>
         <input_file_ref idref="fl-5"/>
      </object_component>
      <object_component id="oc-1b5">
         <name>.debug_info</name>
         <load_address>0x6d2b</load_address>
         <run_address>0x6d2b</run_address>
         <size>0x400</size>
         <input_file_ref idref="fl-5"/>
      </object_component>
      <object_component id="oc-175">
         <name>.debug_info</name>
         <load_address>0x712b</load_address>
         <run_address>0x712b</run_address>
         <size>0x8b</size>
         <input_file_ref idref="fl-5"/>
      </object_component>
      <object_component id="oc-18d">
         <name>.debug_info</name>
         <load_address>0x71b6</load_address>
         <run_address>0x71b6</run_address>
         <size>0x2c</size>
         <input_file_ref idref="fl-6"/>
      </object_component>
      <object_component id="oc-3d9">
         <name>.debug_info</name>
         <load_address>0x71e2</load_address>
         <run_address>0x71e2</run_address>
         <size>0x893</size>
         <input_file_ref idref="fl-7"/>
      </object_component>
      <object_component id="oc-1af">
         <name>.debug_info</name>
         <load_address>0x7a75</load_address>
         <run_address>0x7a75</run_address>
         <size>0x35a</size>
         <input_file_ref idref="fl-7"/>
      </object_component>
      <object_component id="oc-3c0">
         <name>.debug_info</name>
         <load_address>0x7dcf</load_address>
         <run_address>0x7dcf</run_address>
         <size>0x51</size>
         <input_file_ref idref="fl-7"/>
      </object_component>
      <object_component id="oc-250">
         <name>.debug_info</name>
         <load_address>0x7e20</load_address>
         <run_address>0x7e20</run_address>
         <size>0x6c</size>
         <input_file_ref idref="fl-7"/>
      </object_component>
      <object_component id="oc-2f6">
         <name>.debug_info</name>
         <load_address>0x7e8c</load_address>
         <run_address>0x7e8c</run_address>
         <size>0x338</size>
         <input_file_ref idref="fl-7"/>
      </object_component>
      <object_component id="oc-478">
         <name>.debug_info</name>
         <load_address>0x81c4</load_address>
         <run_address>0x81c4</run_address>
         <size>0x661</size>
         <input_file_ref idref="fl-7"/>
      </object_component>
      <object_component id="oc-3bf">
         <name>.debug_info</name>
         <load_address>0x8825</load_address>
         <run_address>0x8825</run_address>
         <size>0x814</size>
         <input_file_ref idref="fl-8"/>
      </object_component>
      <object_component id="oc-3b9">
         <name>.debug_info</name>
         <load_address>0x9039</load_address>
         <run_address>0x9039</run_address>
         <size>0x17d</size>
         <input_file_ref idref="fl-8"/>
      </object_component>
      <object_component id="oc-3bc">
         <name>.debug_info</name>
         <load_address>0x91b6</load_address>
         <run_address>0x91b6</run_address>
         <size>0x171</size>
         <input_file_ref idref="fl-8"/>
      </object_component>
      <object_component id="oc-2c3">
         <name>.debug_info</name>
         <load_address>0x9327</load_address>
         <run_address>0x9327</run_address>
         <size>0x1171</size>
         <input_file_ref idref="fl-8"/>
      </object_component>
      <object_component id="oc-47d">
         <name>.debug_info</name>
         <load_address>0xa498</load_address>
         <run_address>0xa498</run_address>
         <size>0xcc</size>
         <input_file_ref idref="fl-8"/>
      </object_component>
      <object_component id="oc-46d">
         <name>.debug_info</name>
         <load_address>0xa564</load_address>
         <run_address>0xa564</run_address>
         <size>0x2c</size>
         <input_file_ref idref="fl-8"/>
      </object_component>
      <object_component id="oc-2a4">
         <name>.debug_info</name>
         <load_address>0xa590</load_address>
         <run_address>0xa590</run_address>
         <size>0x48e</size>
         <input_file_ref idref="fl-9"/>
      </object_component>
      <object_component id="oc-3a2">
         <name>.debug_info</name>
         <load_address>0xaa1e</load_address>
         <run_address>0xaa1e</run_address>
         <size>0x630</size>
         <input_file_ref idref="fl-a"/>
      </object_component>
      <object_component id="oc-2b6">
         <name>.debug_info</name>
         <load_address>0xb04e</load_address>
         <run_address>0xb04e</run_address>
         <size>0x7cc</size>
         <input_file_ref idref="fl-a"/>
      </object_component>
      <object_component id="oc-445">
         <name>.debug_info</name>
         <load_address>0xb81a</load_address>
         <run_address>0xb81a</run_address>
         <size>0x36a</size>
         <input_file_ref idref="fl-b"/>
      </object_component>
      <object_component id="oc-438">
         <name>.debug_info</name>
         <load_address>0xbb84</load_address>
         <run_address>0xbb84</run_address>
         <size>0x14e</size>
         <input_file_ref idref="fl-b"/>
      </object_component>
      <object_component id="oc-3a9">
         <name>.debug_info</name>
         <load_address>0xbcd2</load_address>
         <run_address>0xbcd2</run_address>
         <size>0x4cc7</size>
         <input_file_ref idref="fl-b"/>
      </object_component>
      <object_component id="oc-3ac">
         <name>.debug_info</name>
         <load_address>0x10999</load_address>
         <run_address>0x10999</run_address>
         <size>0xbb9</size>
         <input_file_ref idref="fl-c"/>
      </object_component>
      <object_component id="oc-3af">
         <name>.debug_info</name>
         <load_address>0x11552</load_address>
         <run_address>0x11552</run_address>
         <size>0x155</size>
         <input_file_ref idref="fl-c"/>
      </object_component>
      <object_component id="oc-2bc">
         <name>.debug_info</name>
         <load_address>0x116a7</load_address>
         <run_address>0x116a7</run_address>
         <size>0x142a</size>
         <input_file_ref idref="fl-c"/>
      </object_component>
      <object_component id="oc-448">
         <name>.debug_info</name>
         <load_address>0x12ad1</load_address>
         <run_address>0x12ad1</run_address>
         <size>0x37e2</size>
         <input_file_ref idref="fl-c"/>
      </object_component>
      <object_component id="oc-26b">
         <name>.debug_info</name>
         <load_address>0x162b3</load_address>
         <run_address>0x162b3</run_address>
         <size>0x525</size>
         <input_file_ref idref="fl-d"/>
      </object_component>
      <object_component id="oc-27c">
         <name>.debug_info</name>
         <load_address>0x167d8</load_address>
         <run_address>0x167d8</run_address>
         <size>0x15b</size>
         <input_file_ref idref="fl-d"/>
      </object_component>
      <object_component id="oc-265">
         <name>.debug_info</name>
         <load_address>0x16933</load_address>
         <run_address>0x16933</run_address>
         <size>0x14e</size>
         <input_file_ref idref="fl-d"/>
      </object_component>
      <object_component id="oc-273">
         <name>.debug_info</name>
         <load_address>0x16a81</load_address>
         <run_address>0x16a81</run_address>
         <size>0x14e</size>
         <input_file_ref idref="fl-d"/>
      </object_component>
      <object_component id="oc-270">
         <name>.debug_info</name>
         <load_address>0x16bcf</load_address>
         <run_address>0x16bcf</run_address>
         <size>0x1ae</size>
         <input_file_ref idref="fl-d"/>
      </object_component>
      <object_component id="oc-276">
         <name>.debug_info</name>
         <load_address>0x16d7d</load_address>
         <run_address>0x16d7d</run_address>
         <size>0x156</size>
         <input_file_ref idref="fl-d"/>
      </object_component>
      <object_component id="oc-268">
         <name>.debug_info</name>
         <load_address>0x16ed3</load_address>
         <run_address>0x16ed3</run_address>
         <size>0x15b</size>
         <input_file_ref idref="fl-d"/>
      </object_component>
      <object_component id="oc-27f">
         <name>.debug_info</name>
         <load_address>0x1702e</load_address>
         <run_address>0x1702e</run_address>
         <size>0x16a</size>
         <input_file_ref idref="fl-d"/>
      </object_component>
      <object_component id="oc-279">
         <name>.debug_info</name>
         <load_address>0x17198</load_address>
         <run_address>0x17198</run_address>
         <size>0x154</size>
         <input_file_ref idref="fl-d"/>
      </object_component>
      <object_component id="oc-19e">
         <name>.debug_info</name>
         <load_address>0x172ec</load_address>
         <run_address>0x172ec</run_address>
         <size>0x29b45</size>
         <input_file_ref idref="fl-d"/>
      </object_component>
      <object_component id="oc-284">
         <name>.debug_info</name>
         <load_address>0x40e31</load_address>
         <run_address>0x40e31</run_address>
         <size>0x6d1</size>
         <input_file_ref idref="fl-d"/>
      </object_component>
      <object_component id="oc-38b">
         <name>.debug_info</name>
         <load_address>0x41502</load_address>
         <run_address>0x41502</run_address>
         <size>0x10bb</size>
         <input_file_ref idref="fl-e"/>
      </object_component>
      <object_component id="oc-2b1">
         <name>.debug_info</name>
         <load_address>0x425bd</load_address>
         <run_address>0x425bd</run_address>
         <size>0x2350</size>
         <input_file_ref idref="fl-e"/>
      </object_component>
      <object_component id="oc-396">
         <name>.debug_info</name>
         <load_address>0x4490d</load_address>
         <run_address>0x4490d</run_address>
         <size>0x7d</size>
         <input_file_ref idref="fl-e"/>
      </object_component>
      <object_component id="oc-42b">
         <name>.debug_info</name>
         <load_address>0x4498a</load_address>
         <run_address>0x4498a</run_address>
         <size>0x28</size>
         <input_file_ref idref="fl-e"/>
      </object_component>
      <object_component id="oc-391">
         <name>.debug_info</name>
         <load_address>0x449b2</load_address>
         <run_address>0x449b2</run_address>
         <size>0x29c</size>
         <input_file_ref idref="fl-f"/>
      </object_component>
      <object_component id="oc-16c">
         <name>.debug_info</name>
         <load_address>0x44c4e</load_address>
         <run_address>0x44c4e</run_address>
         <size>0xb65</size>
         <input_file_ref idref="fl-10"/>
      </object_component>
      <object_component id="oc-171">
         <name>.debug_info</name>
         <load_address>0x457b3</load_address>
         <run_address>0x457b3</run_address>
[...]
         <value>0x13c59</value>
         <object_component_ref idref="oc-156"/>
      </symbol>
      <symbol id="sm-fa9">
         <name>I2C_masterSendMultiByteNext</name>
         <value>0x13dd5</value>
         <object_component_ref idref="oc-162"/>
      </symbol>
      <symbol id="sm-faa">
         <name>I2C_disableInterrupt</name>
         <value>0x13fe3</value>
         <object_component_ref idref="oc-132"/>
      </symbol>
      <symbol id="sm-fab">
         <name>I2C_masterSendMultiByteStart</name>
         <value>0x13bed</value>
         <object_component_ref idref="oc-126"/>
      </symbol>
      <symbol id="sm-fac">
         <name>I2C_getEnabledInterruptStatus</name>
         <value>0x1407b</value>
         <object_component_ref idref="oc-14a"/>
      </symbol>
      <symbol id="sm-fad">
         <name>I2C_masterReceiveMultiByteNext</name>
         <value>0x14087</value>
         <object_component_ref idref="oc-15c"/>
      </symbol>
      <symbol id="sm-fae">
         <name>I2C_getInterruptStatus</name>
         <value>0x14081</value>
         <object_component_ref idref="oc-13e"/>
      </symbol>
      <symbol id="sm-faf">
         <name>I2C_isBusBusy</name>
         <value>0x13f55</value>
         <object_component_ref idref="oc-102"/>
      </symbol>
      <symbol id="sm-fb0">
         <name>I2C_enableModule</name>
         <value>0x14019</value>
         <object_component_ref idref="oc-11a"/>
      </symbol>
      <symbol id="sm-fb1">
         <name>I2C_masterReceiveStart</name>
         <value>0x13fa3</value>
         <object_component_ref idref="oc-144"/>
      </symbol>
      <symbol id="sm-fb2">
         <name>I2C_clearInterruptFlag</name>
         <value>0x13fd5</value>
         <object_component_ref idref="oc-150"/>
      </symbol>
      <symbol id="sm-fb3">
         <name>I2C_setSlaveAddress</name>
         <value>0x14093</value>
         <object_component_ref idref="oc-114"/>
      </symbol>
      <symbol id="sm-fb4">
         <name>I2C_initMaster</name>
         <value>0x13ac1</value>
         <object_component_ref idref="oc-10e"/>
      </symbol>
      <symbol id="sm-fb5">
         <name>I2C_enableInterrupt</name>
         <value>0x14055</value>
         <object_component_ref idref="oc-120"/>
      </symbol>
      <symbol id="sm-fb6">
         <name>I2C_disableModule</name>
         <value>0x1400d</value>
         <object_component_ref idref="oc-108"/>
      </symbol>
      <symbol id="sm-1001">
         <name>Interrupt_disableInterrupt</name>
         <value>0x135b1</value>
         <object_component_ref idref="oc-138"/>
      </symbol>
      <symbol id="sm-1002">
         <name>Interrupt_setPriority</name>
         <value>0x13df9</value>
         <object_component_ref idref="oc-39b"/>
      </symbol>
      <symbol id="sm-1003">
         <name>Interrupt_enableInterrupt</name>
         <value>0x13615</value>
         <object_component_ref idref="oc-12c"/>
      </symbol>
      <symbol id="sm-1069">
         <name>PCM_setCoreVoltageLevel</name>
         <value>0x1405d</value>
         <object_component_ref idref="oc-363"/>
      </symbol>
      <symbol id="sm-106a">
         <name>PCM_getCoreVoltageLevel</name>
         <value>0x13ce7</value>
         <object_component_ref idref="oc-4a5"/>
      </symbol>
      <symbol id="sm-106b">
         <name>PCM_getPowerMode</name>
         <value>0x13d13</value>
         <object_component_ref idref="oc-49f"/>
      </symbol>
      <symbol id="sm-106c">
         <name>PCM_getPowerState</name>
         <value>0x14025</value>
         <object_component_ref idref="oc-4ab"/>
      </symbol>
      <symbol id="sm-106d">
         <name>PCM_setPowerMode</name>
         <value>0x14065</value>
         <object_component_ref idref="oc-4b1"/>
      </symbol>
      <symbol id="sm-10a1">
         <name>SysCtl_getNMISourceStatus</name>
         <value>0x14031</value>
         <object_component_ref idref="oc-4bb"/>
      </symbol>
      <symbol id="sm-10a2">
         <name>SysCtl_enableNMISource</name>
         <value>0x13fc5</value>
         <object_component_ref idref="oc-4cd"/>
      </symbol>
      <symbol id="sm-10a3">
         <name>SysCtl_disableNMISource</name>
         <value>0x13fb5</value>
         <object_component_ref idref="oc-4c1"/>
      </symbol>
      <symbol id="sm-10a4">
         <name>SysCtl_getTLVInfo</name>
         <value>0x137d9</value>
         <object_component_ref idref="oc-402"/>
      </symbol>
      <symbol id="sm-10b0">
         <name>SysTick_enableInterrupt</name>
         <value>0x13f69</value>
         <object_component_ref idref="oc-c1"/>
      </symbol>
      <symbol id="sm-10df">
         <name>UART_enableModule</name>
         <value>0x1403d</value>
         <object_component_ref idref="oc-2e0"/>
      </symbol>
      <symbol id="sm-10e0">
         <name>UART_transmitData</name>
         <value>0x13e1d</value>
         <object_component_ref idref="oc-2c8"/>
      </symbol>
      <symbol id="sm-10e1">
         <name>UART_initModule</name>
         <value>0x1315d</value>
         <object_component_ref idref="oc-2da"/>
      </symbol>
      <symbol id="sm-10f7">
         <name>WDT_A_clearTimer</name>
         <value>0x13ec9</value>
         <object_component_ref idref="oc-297"/>
      </symbol>
      <symbol id="sm-10f8">
         <name>WDT_A_holdTimer</name>
         <value>0x13ee1</value>
         <object_component_ref idref="oc-29d"/>
      </symbol>
      <symbol id="sm-1128">
         <name>snprintf</name>
         <value>0x1390d</value>
         <object_component_ref idref="oc-3b2"/>
      </symbol>
      <symbol id="sm-1131">
         <name>__aeabi_lmul</name>
         <value>0x13f11</value>
         <object_component_ref idref="oc-43a"/>
      </symbol>
      <symbol id="sm-114c">
         <name>memcpy</name>
         <value>0x13029</value>
         <object_component_ref idref="oc-37"/>
      </symbol>
      <symbol id="sm-114d">
         <name>__aeabi_memcpy</name>
         <value>0x13029</value>
         <object_component_ref idref="oc-37"/>
      </symbol>
      <symbol id="sm-114e">
         <name>__aeabi_memcpy8</name>
         <value>0x13029</value>
         <object_component_ref idref="oc-37"/>
      </symbol>
      <symbol id="sm-114f">
         <name>__aeabi_memcpy4</name>
         <value>0x13029</value>
         <object_component_ref idref="oc-37"/>
      </symbol>
      <symbol id="sm-115d">
         <name>__aeabi_ldivmod</name>
         <value>0x134db</value>
         <object_component_ref idref="oc-43f"/>
      </symbol>
      <symbol id="sm-116a">
         <name>__aeabi_uldivmod</name>
         <value>0x130c5</value>
         <object_component_ref idref="oc-4de"/>
      </symbol>
      <symbol id="sm-1179">
         <name>__aeabi_memset</name>
         <value>0x13383</value>
         <object_component_ref idref="oc-98"/>
      </symbol>
      <symbol id="sm-117a">
         <name>memset</name>
         <value>0x13389</value>
         <object_component_ref idref="oc-98"/>
      </symbol>
      <symbol id="sm-117b">
         <name>__aeabi_memset8</name>
         <value>0x13383</value>
         <object_component_ref idref="oc-98"/>
      </symbol>
      <symbol id="sm-117c">
         <name>__aeabi_memset4</name>
         <value>0x13383</value>
         <object_component_ref idref="oc-98"/>
      </symbol>
      <symbol id="sm-117d">
         <name>__aeabi_memclr8</name>
         <value>0x13381</value>
         <object_component_ref idref="oc-98"/>
      </symbol>
      <symbol id="sm-117e">
         <name>__aeabi_memclr4</name>
         <value>0x13381</value>
         <object_component_ref idref="oc-98"/>
      </symbol>
      <symbol id="sm-117f">
         <name>__aeabi_memclr</name>
         <value>0x13381</value>
         <object_component_ref idref="oc-98"/>
      </symbol>
      <symbol id="sm-1191">
         <name>__TI_zero_init</name>
         <value>0x14049</value>
         <object_component_ref idref="oc-49"/>
      </symbol>
      <symbol id="sm-11a8">
         <name>__TI_decompress_none</name>
         <value>0x13ff1</value>
         <object_component_ref idref="oc-1d"/>
      </symbol>
      <symbol id="sm-11cb">
         <name>__TI_decompress_lzss</name>
         <value>0x13549</value>
         <object_component_ref idref="oc-17"/>
      </symbol>
      <symbol id="sm-11de">
         <name>__stack</name>
         <value>0x2000fe00</value>
         <object_component_ref idref="oc-29"/>
      </symbol>
      <symbol id="sm-11df">
         <name>_c_int00_noargs</name>
         <value>0x13c25</value>
         <object_component_ref idref="oc-55"/>
      </symbol>
      <symbol id="sm-1344">
         <name>__TI_printfi</name>
         <value>0xfafd</value>
         <object_component_ref idref="oc-44f"/>
      </symbol>
      <symbol id="sm-134e">
         <name>__aeabi_idiv0</name>
         <value>0x1054b</value>
         <object_component_ref idref="oc-4d9"/>
      </symbol>
      <symbol id="sm-134f">
         <name>__aeabi_ldiv0</name>
         <value>0x1054b</value>
         <object_component_ref idref="oc-4d9"/>
      </symbol>
      <symbol id="sm-1366">
         <name>__aeabi_dsub</name>
         <value>0x11fc5</value>
         <object_component_ref idref="oc-573"/>
      </symbol>
      <symbol id="sm-1367">
         <name>__aeabi_dadd</name>
         <value>0x11fcf</value>
         <object_component_ref idref="oc-573"/>
      </symbol>
      <symbol id="sm-1389">
         <name>__aeabi_cdcmpeq</name>
         <value>0x131f1</value>
         <object_component_ref idref="oc-4f8"/>
      </symbol>
      <symbol id="sm-138a">
         <name>__aeabi_cdcmple</name>
         <value>0x131f1</value>
         <object_component_ref idref="oc-4f8"/>
      </symbol>
      <symbol id="sm-138b">
         <name>__aeabi_cdrcmple</name>
         <value>0x13277</value>
         <object_component_ref idref="oc-55e"/>
      </symbol>
      <symbol id="sm-139f">
         <name>__aeabi_ddiv</name>
         <value>0x12431</value>
         <object_component_ref idref="oc-559"/>
      </symbol>
      <symbol id="sm-13aa">
         <name>__aeabi_dmul</name>
         <value>0x12ad3</value>
         <object_component_ref idref="oc-554"/>
      </symbol>
      <symbol id="sm-13b4">
         <name>__aeabi_d2iz</name>
         <value>0x13a35</value>
         <object_component_ref idref="oc-563"/>
      </symbol>
      <symbol id="sm-13be">
         <name>__aeabi_i2d</name>
         <value>0x13cb9</value>
         <object_component_ref idref="oc-56e"/>
      </symbol>
      <symbol id="sm-13e6">
         <name>__TI_auto_init_nobinit_nopinit</name>
         <value>0x13a7d</value>
         <object_component_ref idref="oc-1d7"/>
      </symbol>
      <symbol id="sm-13f0">
         <name>_system_pre_init</name>
         <value>0x14097</value>
         <object_component_ref idref="oc-9e"/>
      </symbol>
      <symbol id="sm-13fc">
         <name>C$$EXIT</name>
         <value>0x1409b</value>
         <object_component_ref idref="oc-1cb"/>
      </symbol>
      <symbol id="sm-13fd">
         <name>abort</name>
         <value>0x1409b</value>
         <object_component_ref idref="oc-1cb"/>
      </symbol>
      <symbol id="sm-140d">
         <name>__TI_ltoa</name>
         <value>0x13733</value>
         <object_component_ref idref="oc-568"/>
      </symbol>
      <symbol id="sm-1424">
         <name>atoi</name>
         <value>0x138c1</value>
         <object_component_ref idref="oc-4ec"/>
      </symbol>
      <symbol id="sm-142f">
         <name>_ctypes_</name>
         <value>0x140a0</value>
         <object_component_ref idref="oc-54d"/>
      </symbol>
      <symbol id="sm-143f">
         <name>memccpy</name>
         <value>0x13e61</value>
         <object_component_ref idref="oc-515"/>
      </symbol>
      <symbol id="sm-144f">
         <name>strchr</name>
         <value>0x13f29</value>
         <object_component_ref idref="oc-59f"/>
      </symbol>
      <symbol id="sm-145d">
         <name>strlen</name>
         <value>0x13f7d</value>
         <object_component_ref idref="oc-4e6"/>
      </symbol>
      <symbol id="sm-1473">
         <name>__aeabi_errno_addr</name>
         <value>0x1406d</value>
         <object_component_ref idref="oc-521"/>
      </symbol>
      <symbol id="sm-1474">
         <name>errno</name>
         <value>0x20007150</value>
         <object_component_ref idref="oc-5af"/>
      </symbol>
      <symbol id="sm-1494">
         <name>frexpl</name>
         <value>0x13679</value>
         <object_component_ref idref="oc-593"/>
      </symbol>
      <symbol id="sm-1495">
         <name>frexp</name>
         <value>0x13679</value>
         <object_component_ref idref="oc-593"/>
      </symbol>
      <symbol id="sm-14b2">
         <name>scalbn</name>
         <value>0x127c1</value>
         <object_component_ref idref="oc-599"/>
      </symbol>
      <symbol id="sm-14b3">
         <name>scalbnl</name>
         <value>0x127c1</value>
         <object_component_ref idref="oc-599"/>
      </symbol>
      <symbol id="sm-14b4">
         <name>ldexpl</name>
         <value>0x127c1</value>
         <object_component_ref idref="oc-599"/>
      </symbol>
      <symbol id="sm-14b5">
         <name>ldexp</name>
         <value>0x127c1</value>
         <object_component_ref idref="oc-599"/>
      </symbol>
      <symbol id="sm-14ce">
         <name>wcslen</name>
         <value>0x13f91</value>
         <object_component_ref idref="oc-51b"/>
      </symbol>
      <symbol id="sm-14d8">
         <name>copysign</name>
         <value>0x13e7d</value>
         <object_component_ref idref="oc-5db"/>
      </symbol>
      <symbol id="sm-14d9">
         <name>copysignl</name>
         <value>0x13e7d</value>
         <object_component_ref idref="oc-5db"/>
      </symbol>
      <symbol id="sm-14da">
         <name>__TI_static_base__</name>
         <value>0x0</value>
      </symbol>
      <symbol id="sm-14dd">
         <name>__mpu_init</name>
         <value>0x0</value>
      </symbol>
      <symbol id="sm-14de">
         <name>_system_post_cinit</name>
         <value>0x0</value>
      </symbol>
      <symbol id="sm-14df">
         <name>NMI_Handler</name>
         <value>0x1400b</value>
      </symbol>
      <symbol id="sm-14e0">
         <name>HardFault_Handler</name>
         <value>0x1400b</value>
      </symbol>
      <symbol id="sm-14e1">
         <name>MemManage_Handler</name>
         <value>0x1400b</value>
      </symbol>
      <symbol id="sm-14e2">
         <name>BusFault_Handler</name>
         <value>0x1400b</value>
      </symbol>
      <symbol id="sm-14e3">
         <name>UsageFault_Handler</name>
         <value>0x1400b</value>
      </symbol>
      <symbol id="sm-14e4">
         <name>SVC_Handler</name>
         <value>0x1400b</value>
      </symbol>
      <symbol id="sm-14e5">
         <name>DebugMon_Handler</name>
         <value>0x1400b</value>
      </symbol>
      <symbol id="sm-14e6">
         <name>PendSV_Handler</name>
         <value>0x13b41</value>
      </symbol>
      <symbol id="sm-14e7">
         <name>SysTick_Handler</name>
         <value>0x117dd</value>
      </symbol>
      <symbol id="sm-14e8">
         <name>PSS_IRQHandler</name>
         <value>0x1400b</value>
      </symbol>
      <symbol id="sm-14e9">
         <name>CS_IRQHandler</name>
         <value>0x1400b</value>
      </symbol>
      <symbol id="sm-14ea">
         <name>PCM_IRQHandler</name>
         <value>0x1400b</value>
      </symbol>
      <symbol id="sm-14eb">
         <name>WDT_A_IRQHandler</name>
         <value>0x1400b</value>
      </symbol>
      <symbol id="sm-14ec">
         <name>FPU_IRQHandler</name>
         <value>0x1400b</value>
      </symbol>
      <symbol id="sm-14ed">
         <name>FLCTL_IRQHandler</name>
         <value>0x1400b</value>
      </symbol>
      <symbol id="sm-14ee">
         <name>COMP_E0_IRQHandler</name>
         <value>0x1400b</value>
      </symbol>
      <symbol id="sm-14ef">
         <name>COMP_E1_IRQHandler</name>
         <value>0x1400b</value>
      </symbol>
      <symbol id="sm-14f0">
         <name>TA0_0_IRQHandler</name>
         <value>0x1400b</value>
      </symbol>
      <symbol id="sm-14f1">
         <name>TA0_N_IRQHandler</name>
         <value>0x1400b</value>
      </symbol>
      <symbol id="sm-14f2">
         <name>TA1_0_IRQHandler</name>
         <value>0x1400b</value>
      </symbol>
      <symbol id="sm-14f3">
         <name>TA1_N_IRQHandler</name>
         <value>0x1400b</value>
      </symbol>
      <symbol id="sm-14f4">
         <name>TA2_0_IRQHandler</name>
         <value>0x1400b</value>
      </symbol>
      <symbol id="sm-14f5">
         <name>TA2_N_IRQHandler</name>
         <value>0x1400b</value>
      </symbol>
      <symbol id="sm-14f6">
         <name>TA3_0_IRQHandler</name>
         <value>0x1400b</value>
      </symbol>
      <symbol id="sm-14f7">
         <name>TA3_N_IRQHandler</name>
         <value>0x1400b</value>
      </symbol>
      <symbol id="sm-14f8">
         <name>EUSCIA0_IRQHandler</name>
         <value>0x1400b</value>
      </symbol>
      <symbol id="sm-14f9">
         <name>EUSCIA1_IRQHandler</name>
         <value>0x1400b</value>
      </symbol>
      <symbol id="sm-14fa">
         <name>EUSCIA2_IRQHandler</name>
         <value>0x1400b</value>
      </symbol>
      <symbol id="sm-14fb">
         <name>EUSCIA3_IRQHandler</name>
         <value>0x1400b</value>
      </symbol>
      <symbol id="sm-14fc">
         <name>EUSCIB0_IRQHandler</name>
         <value>0x1400b</value>
      </symbol>
      <symbol id="sm-14fd">
         <name>EUSCIB1_IRQHandler</name>
         <value>0x107e5</value>
      </symbol>
      <symbol id="sm-14fe">
         <name>EUSCIB2_IRQHandler</name>
         <value>0x1400b</value>
      </symbol>
      <symbol id="sm-14ff">
         <name>EUSCIB3_IRQHandler</name>
         <value>0x1400b</value>
      </symbol>
      <symbol id="sm-1500">
         <name>ADC14_IRQHandler</name>
         <value>0x1400b</value>
      </symbol>
      <symbol id="sm-1501">
         <name>T32_INT1_IRQHandler</name>
         <value>0x1400b</value>
      </symbol>
      <symbol id="sm-1502">
         <name>T32_INT2_IRQHandler</name>
         <value>0x1400b</value>
      </symbol>
      <symbol id="sm-1503">
         <name>T32_INTC_IRQHandler</name>
         <value>0x1400b</value>
      </symbol>
      <symbol id="sm-1504">
         <name>AES256_IRQHandler</name>
         <value>0x1400b</value>
      </symbol>
      <symbol id="sm-1505">
         <name>RTC_C_IRQHandler</name>
         <value>0x1400b</value>
      </symbol>
      <symbol id="sm-1506">
         <name>DMA_ERR_IRQHandler</name>
         <value>0x1400b</value>
      </symbol>
      <symbol id="sm-1507">
         <name>DMA_INT3_IRQHandler</name>
         <value>0x1400b</value>
      </symbol>
      <symbol id="sm-1508">
         <name>DMA_INT2_IRQHandler</name>
         <value>0x1400b</value>
      </symbol>
      <symbol id="sm-1509">
         <name>DMA_INT1_IRQHandler</name>
         <value>0x1400b</value>
      </symbol>
      <symbol id="sm-150a">
         <name>DMA_INT0_IRQHandler</name>
         <value>0x1400b</value>
      </symbol>
      <symbol id="sm-150b">
         <name>PORT1_IRQHandler</name>
         <value>0x1400b</value>
      </symbol>
      <symbol id="sm-150c">
         <name>PORT2_IRQHandler</name>
         <value>0x1400b</value>
      </symbol>
      <symbol id="sm-150d">
         <name>PORT3_IRQHandler</name>
         <value>0x1400b</value>
      </symbol>
      <symbol id="sm-150e">
         <name>PORT4_IRQHandler</name>
         <value>0x1400b</value>
      </symbol>
      <symbol id="sm-150f">
         <name>PORT5_IRQHandler</name>
         <value>0x1400b</value>
      </symbol>
      <symbol id="sm-1510">
         <name>PORT6_IRQHandler</name>
         <value>0x1400b</value>
      </symbol>
   </symbol_table>
   <title>Link successful</title>
</link_info>
